Aug 23 18:24:06 agiraude kernel: klogd 1.5.1, log source = /proc/kmsg started.
Aug 23 18:24:06 agiraude kernel: Cannot find map file.
Aug 23 18:24:06 agiraude kernel: Loaded 167448 symbols from 1 module.
Aug 23 18:24:06 agiraude kernel: [    0.000000] Linux version 6.5.0-rc7agiraude (root@agiraude) (gcc (GCC) 12.2.0, GNU ld (GNU Binutils) 2.40) #1 SMP PREEMPT_DYNAMIC Wed Aug 23 18:05:37 CEST 2023
Aug 23 18:24:06 agiraude kernel: [    0.000000] Command line: BOOT_IMAGE=/vmlinuz-6.5-rc7-linus root=/dev/vda3 ro
Aug 23 18:24:06 agiraude kernel: [    0.000000] BIOS-provided physical RAM map:
Aug 23 18:24:06 agiraude kernel: [    0.000000] BIOS-e820: [mem 0x0000000000000000-0x000000000009fbff] usable
Aug 23 18:24:06 agiraude kernel: [    0.000000] BIOS-e820: [mem 0x000000000009fc00-0x000000000009ffff] reserved
Aug 23 18:24:06 agiraude kernel: [    0.000000] BIOS-e820: [mem 0x00000000000f0000-0x00000000000fffff] reserved
Aug 23 18:24:06 agiraude kernel: [    0.000000] BIOS-e820: [mem 0x0000000000100000-0x000000007ffdbfff] usable
Aug 23 18:24:06 agiraude kernel: [    0.000000] BIOS-e820: [mem 0x000000007ffdc000-0x000000007fffffff] reserved
Aug 23 18:24:06 agiraude kernel: [    0.000000] BIOS-e820: [mem 0x00000000b0000000-0x00000000bfffffff] reserved
Aug 23 18:24:06 agiraude kernel: [    0.000000] BIOS-e820: [mem 0x00000000fed1c000-0x00000000fed1ffff] reserved
Aug 23 18:24:06 agiraude kernel: [    0.000000] BIOS-e820: [mem 0x00000000feffc000-0x00000000feffffff] reserved
Aug 23 18:24:06 agiraude kernel: [    0.000000] BIOS-e820: [mem 0x00000000fffc0000-0x00000000ffffffff] reserved
Aug 23 18:24:06 agiraude kernel: [    0.000000] BIOS-e820: [mem 0x0000000100000000-0x000000027fffffff] usable
Aug 23 18:24:06 agiraude kernel: [    0.000000] NX (Execute Disable) protection: active
Aug 23 18:24:06 agiraude kernel: [    0.000000] SMBIOS 2.8 present.
Aug 23 18:24:06 agiraude kernel: [    0.000000] DMI: QEMU Standard PC (Q35 + ICH9, 2009), BIOS 1.16.2-1.fc38 04/01/2014
Aug 23 18:24:06 agiraude kernel: [    0.000000] Hypervisor detected: KVM
Aug 23 18:24:06 agiraude kernel: [    0.000000] kvm-clock: Using msrs 4b564d01 and 4b564d00
Aug 23 18:24:06 agiraude kernel: [    0.000001] kvm-clock: using sched offset of 142910414369 cycles
Aug 23 18:24:06 agiraude kernel: [    0.000002] clocksource: kvm-clock: mask: 0xffffffffffffffff max_cycles: 0x1cd42e4dffb, max_idle_ns: 881590591483 ns
Aug 23 18:24:06 agiraude kernel: [    0.000004] tsc: Detected 2294.684 MHz processor
Aug 23 18:24:06 agiraude kernel: [    0.000654] e820: update [mem 0x00000000-0x00000fff] usable ==> reserved
Aug 23 18:24:06 agiraude kernel: [    0.000656] e820: remove [mem 0x000a0000-0x000fffff] usable
Aug 23 18:24:06 agiraude kernel: [    0.000661] last_pfn = 0x280000 max_arch_pfn = 0x400000000
Aug 23 18:24:06 agiraude kernel: [    0.000683] MTRR map: 4 entries (3 fixed + 1 variable; max 19), built from 8 variable MTRRs
Aug 23 18:24:06 agiraude kernel: [    0.000686] x86/PAT: Configuration [0-7]: WB  WC  UC- UC  WB  WP  UC- WT  
Aug 23 18:24:06 agiraude kernel: [    0.000714] last_pfn = 0x7ffdc max_arch_pfn = 0x400000000
Aug 23 18:24:06 agiraude kernel: [    0.008125] found SMP MP-table at [mem 0x000f5b00-0x000f5b0f]
Aug 23 18:24:06 agiraude kernel: [    0.008140] Using GB pages for direct mapping
Aug 23 18:24:06 agiraude kernel: [    0.008232] ACPI: Early table checksum verification disabled
Aug 23 18:24:06 agiraude kernel: [    0.008235] ACPI: RSDP 0x00000000000F5860 000014 (v00 BOCHS )
Aug 23 18:24:06 agiraude kernel: [    0.008240] ACPI: RSDT 0x000000007FFE2B90 000034 (v01 BOCHS  BXPC     00000001 BXPC 00000001)
Aug 23 18:24:06 agiraude kernel: [    0.008245] ACPI: FACP 0x000000007FFE29A8 0000F4 (v03 BOCHS  BXPC     00000001 BXPC 00000001)
Aug 23 18:24:06 agiraude kernel: [    0.008250] ACPI: DSDT 0x000000007FFE0040 002968 (v01 BOCHS  BXPC     00000001 BXPC 00000001)
Aug 23 18:24:06 agiraude kernel: [    0.008253] ACPI: FACS 0x000000007FFE0000 000040
Aug 23 18:24:06 agiraude kernel: [    0.008256] ACPI: APIC 0x000000007FFE2A9C 000090 (v01 BOCHS  BXPC     00000001 BXPC 00000001)
Aug 23 18:24:06 agiraude kernel: [    0.008259] ACPI: MCFG 0x000000007FFE2B2C 00003C (v01 BOCHS  BXPC     00000001 BXPC 00000001)
Aug 23 18:24:06 agiraude kernel: [    0.008262] ACPI: WAET 0x000000007FFE2B68 000028 (v01 BOCHS  BXPC     00000001 BXPC 00000001)
Aug 23 18:24:06 agiraude kernel: [    0.008264] ACPI: Reserving FACP table memory at [mem 0x7ffe29a8-0x7ffe2a9b]
Aug 23 18:24:06 agiraude kernel: [    0.008266] ACPI: Reserving DSDT table memory at [mem 0x7ffe0040-0x7ffe29a7]
Aug 23 18:24:06 agiraude kernel: [    0.008266] ACPI: Reserving FACS table memory at [mem 0x7ffe0000-0x7ffe003f]
Aug 23 18:24:06 agiraude kernel: [    0.008267] ACPI: Reserving APIC table memory at [mem 0x7ffe2a9c-0x7ffe2b2b]
Aug 23 18:24:06 agiraude kernel: [    0.008268] ACPI: Reserving MCFG table memory at [mem 0x7ffe2b2c-0x7ffe2b67]
Aug 23 18:24:06 agiraude kernel: [    0.008268] ACPI: Reserving WAET table memory at [mem 0x7ffe2b68-0x7ffe2b8f]
Aug 23 18:24:06 agiraude kernel: [    0.008554] No NUMA configuration found
Aug 23 18:24:06 agiraude kernel: [    0.008555] Faking a node at [mem 0x0000000000000000-0x000000027fffffff]
Aug 23 18:24:06 agiraude kernel: [    0.008558] NODE_DATA(0) allocated [mem 0x27fffc000-0x27fffffff]
Aug 23 18:24:06 agiraude kernel: [    0.008577] Zone ranges:
Aug 23 18:24:06 agiraude kernel: [    0.008577]   DMA      [mem 0x0000000000001000-0x0000000000ffffff]
Aug 23 18:24:06 agiraude kernel: [    0.008579]   DMA32    [mem 0x0000000001000000-0x00000000ffffffff]
Aug 23 18:24:06 agiraude kernel: [    0.008580]   Normal   [mem 0x0000000100000000-0x000000027fffffff]
Aug 23 18:24:06 agiraude kernel: [    0.008581] Movable zone start for each node
Aug 23 18:24:06 agiraude kernel: [    0.008582] Early memory node ranges
Aug 23 18:24:06 agiraude kernel: [    0.008582]   node   0: [mem 0x0000000000001000-0x000000000009efff]
Aug 23 18:24:06 agiraude kernel: [    0.008583]   node   0: [mem 0x0000000000100000-0x000000007ffdbfff]
Aug 23 18:24:06 agiraude kernel: [    0.008584]   node   0: [mem 0x0000000100000000-0x000000027fffffff]
Aug 23 18:24:06 agiraude kernel: [    0.008585] Initmem setup node 0 [mem 0x0000000000001000-0x000000027fffffff]
Aug 23 18:24:06 agiraude kernel: [    0.008590] On node 0, zone DMA: 1 pages in unavailable ranges
Aug 23 18:24:06 agiraude kernel: [    0.008617] On node 0, zone DMA: 97 pages in unavailable ranges
Aug 23 18:24:06 agiraude kernel: [    0.023864] On node 0, zone Normal: 36 pages in unavailable ranges
Aug 23 18:24:06 agiraude kernel: [    0.025297] ACPI: PM-Timer IO Port: 0x608
Aug 23 18:24:06 agiraude kernel: [    0.025311] ACPI: LAPIC_NMI (acpi_id[0xff] dfl dfl lint[0x1])
Aug 23 18:24:06 agiraude kernel: [    0.025358] IOAPIC[0]: apic_id 0, version 17, address 0xfec00000, GSI 0-23
Aug 23 18:24:06 agiraude kernel: [    0.025361] ACPI: INT_SRC_OVR (bus 0 bus_irq 0 global_irq 2 dfl dfl)
Aug 23 18:24:06 agiraude kernel: [    0.025363] ACPI: INT_SRC_OVR (bus 0 bus_irq 5 global_irq 5 high level)
Aug 23 18:24:06 agiraude kernel: [    0.025364] ACPI: INT_SRC_OVR (bus 0 bus_irq 9 global_irq 9 high level)
Aug 23 18:24:06 agiraude kernel: [    0.025365] ACPI: INT_SRC_OVR (bus 0 bus_irq 10 global_irq 10 high level)
Aug 23 18:24:06 agiraude kernel: [    0.025366] ACPI: INT_SRC_OVR (bus 0 bus_irq 11 global_irq 11 high level)
Aug 23 18:24:06 agiraude kernel: [    0.025370] ACPI: Using ACPI (MADT) for SMP configuration information
Aug 23 18:24:06 agiraude kernel: [    0.025372] TSC deadline timer available
Aug 23 18:24:06 agiraude kernel: [    0.025378] smpboot: Allowing 4 CPUs, 0 hotplug CPUs
Aug 23 18:24:06 agiraude kernel: [    0.025395] kvm-guest: KVM setup pv remote TLB flush
Aug 23 18:24:06 agiraude kernel: [    0.025398] kvm-guest: setup PV sched yield
Aug 23 18:24:06 agiraude kernel: [    0.025411] PM: hibernation: Registered nosave memory: [mem 0x00000000-0x00000fff]
Aug 23 18:24:06 agiraude kernel: [    0.025413] PM: hibernation: Registered nosave memory: [mem 0x0009f000-0x0009ffff]
Aug 23 18:24:06 agiraude kernel: [    0.025414] PM: hibernation: Registered nosave memory: [mem 0x000a0000-0x000effff]
Aug 23 18:24:06 agiraude kernel: [    0.025414] PM: hibernation: Registered nosave memory: [mem 0x000f0000-0x000fffff]
Aug 23 18:24:06 agiraude kernel: [    0.025415] PM: hibernation: Registered nosave memory: [mem 0x7ffdc000-0x7fffffff]
Aug 23 18:24:06 agiraude kernel: [    0.025417] PM: hibernation: Registered nosave memory: [mem 0x80000000-0xafffffff]
Aug 23 18:24:06 agiraude kernel: [    0.025417] PM: hibernation: Registered nosave memory: [mem 0xb0000000-0xbfffffff]
Aug 23 18:24:06 agiraude kernel: [    0.025418] PM: hibernation: Registered nosave memory: [mem 0xc0000000-0xfed1bfff]
Aug 23 18:24:06 agiraude kernel: [    0.025418] PM: hibernation: Registered nosave memory: [mem 0xfed1c000-0xfed1ffff]
Aug 23 18:24:06 agiraude kernel: [    0.025419] PM: hibernation: Registered nosave memory: [mem 0xfed20000-0xfeffbfff]
Aug 23 18:24:06 agiraude kernel: [    0.025420] PM: hibernation: Registered nosave memory: [mem 0xfeffc000-0xfeffffff]
Aug 23 18:24:06 agiraude kernel: [    0.025420] PM: hibernation: Registered nosave memory: [mem 0xff000000-0xfffbffff]
Aug 23 18:24:06 agiraude kernel: [    0.025421] PM: hibernation: Registered nosave memory: [mem 0xfffc0000-0xffffffff]
Aug 23 18:24:06 agiraude kernel: [    0.025422] [mem 0xc0000000-0xfed1bfff] available for PCI devices
Aug 23 18:24:06 agiraude kernel: [    0.025423] Booting paravirtualized kernel on KVM
Aug 23 18:24:06 agiraude kernel: [    0.025425] clocksource: refined-jiffies: mask: 0xffffffff max_cycles: 0xffffffff, max_idle_ns: 1910969940391419 ns
Aug 23 18:24:06 agiraude kernel: [    0.031052] setup_percpu: NR_CPUS:64 nr_cpumask_bits:4 nr_cpu_ids:4 nr_node_ids:1
Aug 23 18:24:06 agiraude kernel: [    0.031445] percpu: Embedded 53 pages/cpu s178344 r8192 d30552 u524288
Aug 23 18:24:06 agiraude kernel: [    0.031449] pcpu-alloc: s178344 r8192 d30552 u524288 alloc=1*2097152
Aug 23 18:24:06 agiraude kernel: [    0.031451] pcpu-alloc: [0] 0 1 2 3 
Aug 23 18:24:06 agiraude kernel: [    0.031475] Kernel command line: BOOT_IMAGE=/vmlinuz-6.5-rc7-linus root=/dev/vda3 ro
Aug 23 18:24:06 agiraude kernel: [    0.031496] Unknown kernel command line parameters "BOOT_IMAGE=/vmlinuz-6.5-rc7-linus", will be passed to user space.
Aug 23 18:24:06 agiraude kernel: [    0.031524] random: crng init done
Aug 23 18:24:06 agiraude kernel: [    0.032419] Dentry cache hash table entries: 1048576 (order: 11, 8388608 bytes, linear)
Aug 23 18:24:06 agiraude kernel: [    0.032907] Inode-cache hash table entries: 524288 (order: 10, 4194304 bytes, linear)
Aug 23 18:24:06 agiraude kernel: [    0.032986] Fallback order for Node 0: 0 
Aug 23 18:24:06 agiraude kernel: [    0.032990] Built 1 zonelists, mobility grouping on.  Total pages: 2064092
Aug 23 18:24:06 agiraude kernel: [    0.032992] Policy zone: Normal
Aug 23 18:24:06 agiraude kernel: [    0.032993] mem auto-init: stack:all(zero), heap alloc:off, heap free:off
Aug 23 18:24:06 agiraude kernel: [    0.032997] software IO TLB: area num 4.
Aug 23 18:24:06 agiraude kernel: [    0.068172] Memory: 8137596K/8388072K available (18432K kernel code, 2725K rwdata, 6612K rodata, 2608K init, 1464K bss, 250216K reserved, 0K cma-reserved)
Aug 23 18:24:06 agiraude kernel: [    0.068206] SLUB: HWalign=64, Order=0-3, MinObjects=0, CPUs=4, Nodes=1
Aug 23 18:24:06 agiraude kernel: [    0.068214] Kernel/User page tables isolation: enabled
Aug 23 18:24:06 agiraude kernel: [    0.069376] Dynamic Preempt: voluntary
Aug 23 18:24:06 agiraude kernel: [    0.069400] rcu: Preemptible hierarchical RCU implementation.
Aug 23 18:24:06 agiraude kernel: [    0.069401] rcu: ^IRCU event tracing is enabled.
Aug 23 18:24:06 agiraude kernel: [    0.069402] rcu: ^IRCU restricting CPUs from NR_CPUS=64 to nr_cpu_ids=4.
Aug 23 18:24:06 agiraude kernel: [    0.069403] ^ITrampoline variant of Tasks RCU enabled.
Aug 23 18:24:06 agiraude kernel: [    0.069404] rcu: RCU calculated value of scheduler-enlistment delay is 100 jiffies.
Aug 23 18:24:06 agiraude kernel: [    0.069405] rcu: Adjusting geometry for rcu_fanout_leaf=16, nr_cpu_ids=4
Aug 23 18:24:06 agiraude kernel: [    0.070727] NR_IRQS: 4352, nr_irqs: 456, preallocated irqs: 16
Aug 23 18:24:06 agiraude kernel: [    0.070914] rcu: srcu_init: Setting srcu_struct sizes based on contention.
Aug 23 18:24:06 agiraude kernel: [    0.078823] Console: colour VGA+ 80x25
Aug 23 18:24:06 agiraude kernel: [    0.078827] printk: console [tty0] enabled
Aug 23 18:24:06 agiraude kernel: [    0.114855] ACPI: Core revision 20230331
Aug 23 18:24:06 agiraude kernel: [    0.115233] APIC: Switch to symmetric I/O mode setup
Aug 23 18:24:06 agiraude kernel: [    0.115909] x2apic enabled
Aug 23 18:24:06 agiraude kernel: [    0.116535] Switched APIC routing to physical x2apic.
Aug 23 18:24:06 agiraude kernel: [    0.116912] kvm-guest: setup PV IPIs
Aug 23 18:24:06 agiraude kernel: [    0.118130] clocksource: tsc-early: mask: 0xffffffffffffffff max_cycles: 0x21139776891, max_idle_ns: 440795250948 ns
Aug 23 18:24:06 agiraude kernel: [    0.118595] Calibrating delay loop (skipped) preset value.. 4589.36 BogoMIPS (lpj=2294684)
Aug 23 18:24:06 agiraude kernel: [    0.119037] x86/cpu: User Mode Instruction Prevention (UMIP) activated
Aug 23 18:24:06 agiraude kernel: [    0.119386] Last level iTLB entries: 4KB 0, 2MB 0, 4MB 0
Aug 23 18:24:06 agiraude kernel: [    0.119591] Last level dTLB entries: 4KB 0, 2MB 0, 4MB 0, 1GB 0
Aug 23 18:24:06 agiraude kernel: [    0.119591] Spectre V1 : Mitigation: usercopy/swapgs barriers and __user pointer sanitization
Aug 23 18:24:06 agiraude kernel: [    0.119591] Spectre V2 : Mitigation: Retpolines
Aug 23 18:24:06 agiraude kernel: [    0.119591] Spectre V2 : Spectre v2 / SpectreRSB mitigation: Filling RSB on context switch
Aug 23 18:24:06 agiraude kernel: [    0.119591] Spectre V2 : Spectre v2 / SpectreRSB : Filling RSB on VMEXIT
Aug 23 18:24:06 agiraude kernel: [    0.119591] Spectre V2 : Enabling Restricted Speculation for firmware calls
Aug 23 18:24:06 agiraude kernel: [    0.119591] Spectre V2 : mitigation: Enabling conditional Indirect Branch Prediction Barrier
Aug 23 18:24:06 agiraude kernel: [    0.119591] Speculative Store Bypass: Mitigation: Speculative Store Bypass disabled via prctl
Aug 23 18:24:06 agiraude kernel: [    0.119591] MDS: Mitigation: Clear CPU buffers
Aug 23 18:24:06 agiraude kernel: [    0.119591] MMIO Stale Data: Unknown: No mitigations
Aug 23 18:24:06 agiraude kernel: [    0.119591] SRBDS: Unknown: Dependent on hypervisor status
Aug 23 18:24:06 agiraude kernel: [    0.119591] x86/fpu: Supporting XSAVE feature 0x001: 'x87 floating point registers'
Aug 23 18:24:06 agiraude kernel: [    0.119591] x86/fpu: Supporting XSAVE feature 0x002: 'SSE registers'
Aug 23 18:24:06 agiraude kernel: [    0.119591] x86/fpu: Supporting XSAVE feature 0x004: 'AVX registers'
Aug 23 18:24:06 agiraude kernel: [    0.119591] x86/fpu: xstate_offset[2]:  576, xstate_sizes[2]:  256
Aug 23 18:24:06 agiraude kernel: [    0.119591] x86/fpu: Enabled xstate features 0x7, context size is 832 bytes, using 'standard' format.
Aug 23 18:24:06 agiraude kernel: [    0.119591] Freeing SMP alternatives memory: 48K
Aug 23 18:24:06 agiraude kernel: [    0.119591] pid_max: default: 32768 minimum: 301
Aug 23 18:24:06 agiraude kernel: [    0.119591] LSM: initializing lsm=capability,selinux,integrity
Aug 23 18:24:06 agiraude kernel: [    0.119591] SELinux:  Initializing.
Aug 23 18:24:06 agiraude kernel: [    0.119591] Mount-cache hash table entries: 16384 (order: 5, 131072 bytes, linear)
Aug 23 18:24:06 agiraude kernel: [    0.119591] Mountpoint-cache hash table entries: 16384 (order: 5, 131072 bytes, linear)
Aug 23 18:24:06 agiraude kernel: [    0.119591] smpboot: CPU0: Intel(R) Core(TM) i7-4712MQ CPU @ 2.30GHz (family: 0x6, model: 0x3c, stepping: 0x3)
Aug 23 18:24:06 agiraude kernel: [    0.119591] RCU Tasks: Setting shift to 2 and lim to 1 rcu_task_cb_adjust=1.
Aug 23 18:24:06 agiraude kernel: [    0.119625] Performance Events: Haswell events, full-width counters, Intel PMU driver.
Aug 23 18:24:06 agiraude kernel: [    0.120602] ... version:                2
Aug 23 18:24:06 agiraude kernel: [    0.120835] ... bit width:              48
Aug 23 18:24:06 agiraude kernel: [    0.121049] ... generic registers:      4
Aug 23 18:24:06 agiraude kernel: [    0.121298] ... value mask:             0000ffffffffffff
Aug 23 18:24:06 agiraude kernel: [    0.121546] ... max period:             00007fffffffffff
Aug 23 18:24:06 agiraude kernel: [    0.121593] ... fixed-purpose events:   3
Aug 23 18:24:06 agiraude kernel: [    0.121806] ... event mask:             000000070000000f
Aug 23 18:24:06 agiraude kernel: [    0.122242] signal: max sigframe size: 1776
Aug 23 18:24:06 agiraude kernel: [    0.122511] rcu: Hierarchical SRCU implementation.
Aug 23 18:24:06 agiraude kernel: [    0.122594] rcu: ^IMax phase no-delay instances is 400.
Aug 23 18:24:06 agiraude kernel: [    0.123067] smp: Bringing up secondary CPUs ...
Aug 23 18:24:06 agiraude kernel: [    0.123373] smpboot: x86: Booting SMP configuration:
Aug 23 18:24:06 agiraude kernel: [    0.123596] .... node  #0, CPUs:      #1 #2 #3
Aug 23 18:24:06 agiraude kernel: [    0.048670] smpboot: CPU 1 Converting physical 0 to logical die 1
Aug 23 18:24:06 agiraude kernel: [    0.048670] smpboot: CPU 2 Converting physical 0 to logical die 2
Aug 23 18:24:06 agiraude kernel: [    0.048670] smpboot: CPU 3 Converting physical 0 to logical die 3
Aug 23 18:24:06 agiraude kernel: [    0.126658] smp: Brought up 1 node, 4 CPUs
Aug 23 18:24:06 agiraude kernel: [    0.128133] smpboot: Max logical packages: 4
Aug 23 18:24:06 agiraude kernel: [    0.128362] smpboot: Total of 4 processors activated (18357.47 BogoMIPS)
Aug 23 18:24:06 agiraude kernel: [    0.129085] devtmpfs: initialized
Aug 23 18:24:06 agiraude kernel: [    0.129659] clocksource: jiffies: mask: 0xffffffff max_cycles: 0xffffffff, max_idle_ns: 1911260446275000 ns
Aug 23 18:24:06 agiraude kernel: [    0.130077] futex hash table entries: 1024 (order: 4, 65536 bytes, linear)
Aug 23 18:24:06 agiraude kernel: [    0.130459] PM: RTC time: 16:24:02, date: 2023-08-23
Aug 23 18:24:06 agiraude kernel: [    0.130733] NET: Registered PF_NETLINK/PF_ROUTE protocol family
Aug 23 18:24:06 agiraude kernel: [    0.131095] audit: initializing netlink subsys (disabled)
Aug 23 18:24:06 agiraude kernel: [    0.131405] audit: type=2000 audit(1692807843.415:1): state=initialized audit_enabled=0 res=1
Aug 23 18:24:06 agiraude kernel: [    0.131405] thermal_sys: Registered thermal governor 'step_wise'
Aug 23 18:24:06 agiraude kernel: [    0.131595] thermal_sys: Registered thermal governor 'user_space'
Aug 23 18:24:06 agiraude kernel: [    0.131888] cpuidle: using governor menu
Aug 23 18:24:06 agiraude kernel: [    0.132638] PCI: MMCONFIG for domain 0000 [bus 00-ff] at [mem 0xb0000000-0xbfffffff] (base 0xb0000000)
Aug 23 18:24:06 agiraude kernel: [    0.133053] PCI: MMCONFIG at [mem 0xb0000000-0xbfffffff] reserved as E820 entry
Aug 23 18:24:06 agiraude kernel: [    0.133452] PCI: Using configuration type 1 for base access
Aug 23 18:24:06 agiraude kernel: [    0.133613] core: PMU erratum BJ122, BV98, HSD29 workaround disabled, HT off
Aug 23 18:24:06 agiraude kernel: [    0.134061] kprobes: kprobe jump-optimization is enabled. All kprobes are optimized if possible.
Aug 23 18:24:06 agiraude kernel: [    0.141660] HugeTLB: registered 2.00 MiB page size, pre-allocated 0 pages
Aug 23 18:24:06 agiraude kernel: [    0.142092] HugeTLB: 28 KiB vmemmap can be freed for a 2.00 MiB page
Aug 23 18:24:06 agiraude kernel: [    0.143668] ACPI: Added _OSI(Module Device)
Aug 23 18:24:06 agiraude kernel: [    0.144024] ACPI: Added _OSI(Processor Device)
Aug 23 18:24:06 agiraude kernel: [    0.144024] ACPI: Added _OSI(3.0 _SCP Extensions)
Aug 23 18:24:06 agiraude kernel: [    0.144024] ACPI: Added _OSI(Processor Aggregator Device)
Aug 23 18:24:06 agiraude kernel: [    0.145900] ACPI: 1 ACPI AML tables successfully acquired and loaded
Aug 23 18:24:06 agiraude kernel: [    0.236012] ACPI: Interpreter enabled
Aug 23 18:24:06 agiraude kernel: [    0.236051] ACPI: PM: (supports S0 S5)
Aug 23 18:24:06 agiraude kernel: [    0.236594] ACPI: Using IOAPIC for interrupt routing
Aug 23 18:24:06 agiraude kernel: [    0.236906] PCI: Using host bridge windows from ACPI; if necessary, use "pci=nocrs" and report a bug
Aug 23 18:24:06 agiraude kernel: [    0.237314] PCI: Using E820 reservations for host bridge windows
Aug 23 18:24:06 agiraude kernel: [    0.237671] ACPI: Enabled 2 GPEs in block 00 to 3F
Aug 23 18:24:06 agiraude kernel: [    0.239786] ACPI: PCI Root Bridge [PCI0] (domain 0000 [bus 00-ff])
Aug 23 18:24:06 agiraude kernel: [    0.240107] acpi PNP0A08:00: _OSC: OS supports [ExtendedConfig ASPM ClockPM Segments MSI HPX-Type3]
Aug 23 18:24:06 agiraude kernel: [    0.240550] acpi PNP0A08:00: _OSC: platform does not support [LTR]
Aug 23 18:24:06 agiraude kernel: [    0.240635] acpi PNP0A08:00: _OSC: OS now controls [PME PCIeCapability]
Aug 23 18:24:06 agiraude kernel: [    0.241005] PCI host bridge to bus 0000:00
Aug 23 18:24:06 agiraude kernel: [    0.241235] pci_bus 0000:00: root bus resource [io  0x0000-0x0cf7 window]
Aug 23 18:24:06 agiraude kernel: [    0.241572] pci_bus 0000:00: root bus resource [io  0x0d00-0xffff window]
Aug 23 18:24:06 agiraude kernel: [    0.241594] pci_bus 0000:00: root bus resource [mem 0x000a0000-0x000bffff window]
Aug 23 18:24:06 agiraude kernel: [    0.241955] pci_bus 0000:00: root bus resource [mem 0x80000000-0xafffffff window]
Aug 23 18:24:06 agiraude kernel: [    0.242359] pci_bus 0000:00: root bus resource [mem 0xc0000000-0xfebfffff window]
Aug 23 18:24:06 agiraude kernel: [    0.242594] pci_bus 0000:00: root bus resource [mem 0x280000000-0xa7fffffff window]
Aug 23 18:24:06 agiraude kernel: [    0.242977] pci_bus 0000:00: root bus resource [bus 00-ff]
Aug 23 18:24:06 agiraude kernel: [    0.243316] pci 0000:00:00.0: [8086:29c0] type 00 class 0x060000
Aug 23 18:24:06 agiraude kernel: [    0.244089] pci 0000:00:01.0: [1af4:1050] type 00 class 0x030000
Aug 23 18:24:06 agiraude kernel: [    0.248611] pci 0000:00:01.0: reg 0x10: [mem 0xfa800000-0xfaffffff pref]
Aug 23 18:24:06 agiraude kernel: [    0.257612] pci 0000:00:01.0: reg 0x18: [mem 0xfcc00000-0xfcc03fff 64bit pref]
Aug 23 18:24:06 agiraude kernel: [    0.261614] pci 0000:00:01.0: reg 0x20: [mem 0xfea14000-0xfea14fff]
Aug 23 18:24:06 agiraude kernel: [    0.272623] pci 0000:00:01.0: reg 0x30: [mem 0xfea00000-0xfea0ffff pref]
Aug 23 18:24:06 agiraude kernel: [    0.273143] pci 0000:00:01.0: Video device with shadowed ROM at [mem 0x000c0000-0x000dffff]
Aug 23 18:24:06 agiraude kernel: [    0.274296] pci 0000:00:02.0: [1b36:000c] type 01 class 0x060400
Aug 23 18:24:06 agiraude kernel: [    0.276362] pci 0000:00:02.0: reg 0x10: [mem 0xfea15000-0xfea15fff]
Aug 23 18:24:06 agiraude kernel: [    0.284267] pci 0000:00:02.1: [1b36:000c] type 01 class 0x060400
Aug 23 18:24:06 agiraude kernel: [    0.286596] pci 0000:00:02.1: reg 0x10: [mem 0xfea16000-0xfea16fff]
Aug 23 18:24:06 agiraude kernel: [    0.292559] pci 0000:00:02.2: [1b36:000c] type 01 class 0x060400
Aug 23 18:24:06 agiraude kernel: [    0.297597] pci 0000:00:02.2: reg 0x10: [mem 0xfea17000-0xfea17fff]
Aug 23 18:24:06 agiraude kernel: [    0.301007] pci 0000:00:02.3: [1b36:000c] type 01 class 0x060400
Aug 23 18:24:06 agiraude kernel: [    0.303553] pci 0000:00:02.3: reg 0x10: [mem 0xfea18000-0xfea18fff]
Aug 23 18:24:06 agiraude kernel: [    0.311311] pci 0000:00:02.4: [1b36:000c] type 01 class 0x060400
Aug 23 18:24:06 agiraude kernel: [    0.313483] pci 0000:00:02.4: reg 0x10: [mem 0xfea19000-0xfea19fff]
Aug 23 18:24:06 agiraude kernel: [    0.323488] pci 0000:00:02.5: [1b36:000c] type 01 class 0x060400
Aug 23 18:24:06 agiraude kernel: [    0.326596] pci 0000:00:02.5: reg 0x10: [mem 0xfea1a000-0xfea1afff]
Aug 23 18:24:06 agiraude kernel: [    0.332305] pci 0000:00:02.6: [1b36:000c] type 01 class 0x060400
Aug 23 18:24:06 agiraude kernel: [    0.334166] pci 0000:00:02.6: reg 0x10: [mem 0xfea1b000-0xfea1bfff]
Aug 23 18:24:06 agiraude kernel: [    0.338343] pci 0000:00:02.7: [1b36:000c] type 01 class 0x060400
Aug 23 18:24:06 agiraude kernel: [    0.341221] pci 0000:00:02.7: reg 0x10: [mem 0xfea1c000-0xfea1cfff]
Aug 23 18:24:06 agiraude kernel: [    0.349281] pci 0000:00:03.0: [1b36:000c] type 01 class 0x060400
Aug 23 18:24:06 agiraude kernel: [    0.353497] pci 0000:00:03.0: reg 0x10: [mem 0xfea1d000-0xfea1dfff]
Aug 23 18:24:06 agiraude kernel: [    0.359686] pci 0000:00:03.1: [1b36:000c] type 01 class 0x060400
Aug 23 18:24:06 agiraude kernel: [    0.361595] pci 0000:00:03.1: reg 0x10: [mem 0xfea1e000-0xfea1efff]
Aug 23 18:24:06 agiraude kernel: [    0.365891] pci 0000:00:03.2: [1b36:000c] type 01 class 0x060400
Aug 23 18:24:06 agiraude kernel: [    0.370327] pci 0000:00:03.2: reg 0x10: [mem 0xfea1f000-0xfea1ffff]
Aug 23 18:24:06 agiraude kernel: [    0.373995] pci 0000:00:03.3: [1b36:000c] type 01 class 0x060400
Aug 23 18:24:06 agiraude kernel: [    0.376595] pci 0000:00:03.3: reg 0x10: [mem 0xfea20000-0xfea20fff]
Aug 23 18:24:06 agiraude kernel: [    0.387103] pci 0000:00:03.4: [1b36:000c] type 01 class 0x060400
Aug 23 18:24:06 agiraude kernel: [    0.390218] pci 0000:00:03.4: reg 0x10: [mem 0xfea21000-0xfea21fff]
Aug 23 18:24:06 agiraude kernel: [    0.393270] pci 0000:00:03.5: [1b36:000c] type 01 class 0x060400
Aug 23 18:24:06 agiraude kernel: [    0.398596] pci 0000:00:03.5: reg 0x10: [mem 0xfea22000-0xfea22fff]
Aug 23 18:24:06 agiraude kernel: [    0.402140] pci 0000:00:1b.0: [8086:293e] type 00 class 0x040300
Aug 23 18:24:06 agiraude kernel: [    0.402958] pci 0000:00:1b.0: reg 0x10: [mem 0xfea10000-0xfea13fff]
Aug 23 18:24:06 agiraude kernel: [    0.412087] pci 0000:00:1f.0: [8086:2918] type 00 class 0x060100
Aug 23 18:24:06 agiraude kernel: [    0.412976] pci 0000:00:1f.0: quirk: [io  0x0600-0x067f] claimed by ICH6 ACPI/GPIO/TCO
Aug 23 18:24:06 agiraude kernel: [    0.413637] pci 0000:00:1f.2: [8086:2922] type 00 class 0x010601
Aug 23 18:24:06 agiraude kernel: [    0.422315] pci 0000:00:1f.2: reg 0x20: [io  0xc040-0xc05f]
Aug 23 18:24:06 agiraude kernel: [    0.423595] pci 0000:00:1f.2: reg 0x24: [mem 0xfea23000-0xfea23fff]
Aug 23 18:24:06 agiraude kernel: [    0.424917] pci 0000:00:1f.3: [8086:2930] type 00 class 0x0c0500
Aug 23 18:24:06 agiraude kernel: [    0.427903] pci 0000:00:1f.3: reg 0x20: [io  0x0700-0x073f]
Aug 23 18:24:06 agiraude kernel: [    0.430898] pci 0000:01:00.0: [1af4:1041] type 00 class 0x020000
Aug 23 18:24:06 agiraude kernel: [    0.437178] pci 0000:01:00.0: reg 0x14: [mem 0xfe840000-0xfe840fff]
Aug 23 18:24:06 agiraude kernel: [    0.443598] pci 0000:01:00.0: reg 0x20: [mem 0xfca00000-0xfca03fff 64bit pref]
Aug 23 18:24:06 agiraude kernel: [    0.445214] pci 0000:01:00.0: reg 0x30: [mem 0xfe800000-0xfe83ffff pref]
Aug 23 18:24:06 agiraude kernel: [    0.448117] pci 0000:00:02.0: PCI bridge to [bus 01]
Aug 23 18:24:06 agiraude kernel: [    0.448400] pci 0000:00:02.0:   bridge window [mem 0xfe800000-0xfe9fffff]
Aug 23 18:24:06 agiraude kernel: [    0.448622] pci 0000:00:02.0:   bridge window [mem 0xfca00000-0xfcbfffff 64bit pref]
Aug 23 18:24:06 agiraude kernel: [    0.449859] pci 0000:02:00.0: [1b36:000d] type 00 class 0x0c0330
Aug 23 18:24:06 agiraude kernel: [    0.450881] pci 0000:02:00.0: reg 0x10: [mem 0xfe600000-0xfe603fff 64bit]
Aug 23 18:24:06 agiraude kernel: [    0.455542] pci 0000:00:02.1: PCI bridge to [bus 02]
Aug 23 18:24:06 agiraude kernel: [    0.455622] pci 0000:00:02.1:   bridge window [mem 0xfe600000-0xfe7fffff]
Aug 23 18:24:06 agiraude kernel: [    0.455988] pci 0000:00:02.1:   bridge window [mem 0xfc800000-0xfc9fffff 64bit pref]
Aug 23 18:24:06 agiraude kernel: [    0.458966] pci 0000:03:00.0: [1af4:1048] type 00 class 0x010000
Aug 23 18:24:06 agiraude kernel: [    0.462157] pci 0000:03:00.0: reg 0x14: [mem 0xfe400000-0xfe400fff]
Aug 23 18:24:06 agiraude kernel: [    0.465154] pci 0000:03:00.0: reg 0x20: [mem 0xfc600000-0xfc603fff 64bit pref]
Aug 23 18:24:06 agiraude kernel: [    0.472600] pci 0000:00:02.2: PCI bridge to [bus 03]
Aug 23 18:24:06 agiraude kernel: [    0.473015] pci 0000:00:02.2:   bridge window [mem 0xfe400000-0xfe5fffff]
Aug 23 18:24:06 agiraude kernel: [    0.473532] pci 0000:00:02.2:   bridge window [mem 0xfc600000-0xfc7fffff 64bit pref]
Aug 23 18:24:06 agiraude kernel: [    0.475989] pci 0000:04:00.0: [1af4:1043] type 00 class 0x078000
Aug 23 18:24:06 agiraude kernel: [    0.479214] pci 0000:04:00.0: reg 0x14: [mem 0xfe200000-0xfe200fff]
Aug 23 18:24:06 agiraude kernel: [    0.485372] pci 0000:04:00.0: reg 0x20: [mem 0xfc400000-0xfc403fff 64bit pref]
Aug 23 18:24:06 agiraude kernel: [    0.488939] pci 0000:00:02.3: PCI bridge to [bus 04]
Aug 23 18:24:06 agiraude kernel: [    0.489254] pci 0000:00:02.3:   bridge window [mem 0xfe200000-0xfe3fffff]
Aug 23 18:24:06 agiraude kernel: [    0.489574] pci 0000:00:02.3:   bridge window [mem 0xfc400000-0xfc5fffff 64bit pref]
Aug 23 18:24:06 agiraude kernel: [    0.490619] pci 0000:05:00.0: [1af4:1042] type 00 class 0x010000
Aug 23 18:24:06 agiraude kernel: [    0.494292] pci 0000:05:00.0: reg 0x14: [mem 0xfe000000-0xfe000fff]
Aug 23 18:24:06 agiraude kernel: [    0.503599] pci 0000:05:00.0: reg 0x20: [mem 0xfc200000-0xfc203fff 64bit pref]
Aug 23 18:24:06 agiraude kernel: [    0.508605] pci 0000:00:02.4: PCI bridge to [bus 05]
Aug 23 18:24:06 agiraude kernel: [    0.508891] pci 0000:00:02.4:   bridge window [mem 0xfe000000-0xfe1fffff]
Aug 23 18:24:06 agiraude kernel: [    0.509230] pci 0000:00:02.4:   bridge window [mem 0xfc200000-0xfc3fffff 64bit pref]
Aug 23 18:24:06 agiraude kernel: [    0.510541] pci 0000:00:02.5: PCI bridge to [bus 06]
Aug 23 18:24:06 agiraude kernel: [    0.510622] pci 0000:00:02.5:   bridge window [mem 0xfde00000-0xfdffffff]
Aug 23 18:24:06 agiraude kernel: [    0.510975] pci 0000:00:02.5:   bridge window [mem 0xfc000000-0xfc1fffff 64bit pref]
Aug 23 18:24:06 agiraude kernel: [    0.512080] pci 0000:00:02.6: PCI bridge to [bus 07]
Aug 23 18:24:06 agiraude kernel: [    0.512357] pci 0000:00:02.6:   bridge window [mem 0xfdc00000-0xfddfffff]
Aug 23 18:24:06 agiraude kernel: [    0.512621] pci 0000:00:02.6:   bridge window [mem 0xfbe00000-0xfbffffff 64bit pref]
Aug 23 18:24:06 agiraude kernel: [    0.513765] pci 0000:00:02.7: PCI bridge to [bus 08]
Aug 23 18:24:06 agiraude kernel: [    0.514041] pci 0000:00:02.7:   bridge window [mem 0xfda00000-0xfdbfffff]
Aug 23 18:24:06 agiraude kernel: [    0.514359] pci 0000:00:02.7:   bridge window [mem 0xfbc00000-0xfbdfffff 64bit pref]
Aug 23 18:24:06 agiraude kernel: [    0.516464] pci 0000:09:00.0: [1af4:1045] type 00 class 0x00ff00
Aug 23 18:24:06 agiraude kernel: [    0.521597] pci 0000:09:00.0: reg 0x20: [mem 0xfba00000-0xfba03fff 64bit pref]
Aug 23 18:24:06 agiraude kernel: [    0.523818] pci 0000:00:03.0: PCI bridge to [bus 09]
Aug 23 18:24:06 agiraude kernel: [    0.524101] pci 0000:00:03.0:   bridge window [mem 0xfd800000-0xfd9fffff]
Aug 23 18:24:06 agiraude kernel: [    0.524455] pci 0000:00:03.0:   bridge window [mem 0xfba00000-0xfbbfffff 64bit pref]
Aug 23 18:24:06 agiraude kernel: [    0.525549] pci 0000:0a:00.0: [1af4:1044] type 00 class 0x00ff00
Aug 23 18:24:06 agiraude kernel: [    0.529542] pci 0000:0a:00.0: reg 0x14: [mem 0xfd600000-0xfd600fff]
Aug 23 18:24:06 agiraude kernel: [    0.537597] pci 0000:0a:00.0: reg 0x20: [mem 0xfb800000-0xfb803fff 64bit pref]
Aug 23 18:24:06 agiraude kernel: [    0.545609] pci 0000:00:03.1: PCI bridge to [bus 0a]
Aug 23 18:24:06 agiraude kernel: [    0.546007] pci 0000:00:03.1:   bridge window [mem 0xfd600000-0xfd7fffff]
Aug 23 18:24:06 agiraude kernel: [    0.546381] pci 0000:00:03.1:   bridge window [mem 0xfb800000-0xfb9fffff 64bit pref]
Aug 23 18:24:06 agiraude kernel: [    0.547474] pci 0000:00:03.2: PCI bridge to [bus 0b]
Aug 23 18:24:06 agiraude kernel: [    0.547624] pci 0000:00:03.2:   bridge window [mem 0xfd400000-0xfd5fffff]
Aug 23 18:24:06 agiraude kernel: [    0.547957] pci 0000:00:03.2:   bridge window [mem 0xfb600000-0xfb7fffff 64bit pref]
Aug 23 18:24:06 agiraude kernel: [    0.549123] pci 0000:00:03.3: PCI bridge to [bus 0c]
Aug 23 18:24:06 agiraude kernel: [    0.549402] pci 0000:00:03.3:   bridge window [mem 0xfd200000-0xfd3fffff]
Aug 23 18:24:06 agiraude kernel: [    0.549621] pci 0000:00:03.3:   bridge window [mem 0xfb400000-0xfb5fffff 64bit pref]
Aug 23 18:24:06 agiraude kernel: [    0.550768] pci 0000:00:03.4: PCI bridge to [bus 0d]
Aug 23 18:24:06 agiraude kernel: [    0.551059] pci 0000:00:03.4:   bridge window [mem 0xfd000000-0xfd1fffff]
Aug 23 18:24:06 agiraude kernel: [    0.551376] pci 0000:00:03.4:   bridge window [mem 0xfb200000-0xfb3fffff 64bit pref]
Aug 23 18:24:06 agiraude kernel: [    0.553398] pci 0000:00:03.5: PCI bridge to [bus 0e]
Aug 23 18:24:06 agiraude kernel: [    0.553621] pci 0000:00:03.5:   bridge window [mem 0xfce00000-0xfcffffff]
Aug 23 18:24:06 agiraude kernel: [    0.553940] pci 0000:00:03.5:   bridge window [mem 0xfb000000-0xfb1fffff 64bit pref]
Aug 23 18:24:06 agiraude kernel: [    0.569881] ACPI: PCI: Interrupt link LNKA configured for IRQ 10
Aug 23 18:24:06 agiraude kernel: [    0.570246] ACPI: PCI: Interrupt link LNKB configured for IRQ 10
Aug 23 18:24:06 agiraude kernel: [    0.570622] ACPI: PCI: Interrupt link LNKC configured for IRQ 11
Aug 23 18:24:06 agiraude kernel: [    0.570955] ACPI: PCI: Interrupt link LNKD configured for IRQ 11
Aug 23 18:24:06 agiraude kernel: [    0.571285] ACPI: PCI: Interrupt link LNKE configured for IRQ 10
Aug 23 18:24:06 agiraude kernel: [    0.571653] ACPI: PCI: Interrupt link LNKF configured for IRQ 10
Aug 23 18:24:06 agiraude kernel: [    0.571988] ACPI: PCI: Interrupt link LNKG configured for IRQ 11
Aug 23 18:24:06 agiraude kernel: [    0.572324] ACPI: PCI: Interrupt link LNKH configured for IRQ 11
Aug 23 18:24:06 agiraude kernel: [    0.572623] ACPI: PCI: Interrupt link GSIA configured for IRQ 16
Aug 23 18:24:06 agiraude kernel: [    0.572901] ACPI: PCI: Interrupt link GSIB configured for IRQ 17
Aug 23 18:24:06 agiraude kernel: [    0.573177] ACPI: PCI: Interrupt link GSIC configured for IRQ 18
Aug 23 18:24:06 agiraude kernel: [    0.573479] ACPI: PCI: Interrupt link GSID configured for IRQ 19
Aug 23 18:24:06 agiraude kernel: [    0.573599] ACPI: PCI: Interrupt link GSIE configured for IRQ 20
Aug 23 18:24:06 agiraude kernel: [    0.573881] ACPI: PCI: Interrupt link GSIF configured for IRQ 21
Aug 23 18:24:06 agiraude kernel: [    0.574160] ACPI: PCI: Interrupt link GSIG configured for IRQ 22
Aug 23 18:24:06 agiraude kernel: [    0.574466] ACPI: PCI: Interrupt link GSIH configured for IRQ 23
Aug 23 18:24:06 agiraude kernel: [    0.574888] iommu: Default domain type: Translated
Aug 23 18:24:06 agiraude kernel: [    0.575166] iommu: DMA domain TLB invalidation policy: lazy mode
Aug 23 18:24:06 agiraude kernel: [    0.575549] SCSI subsystem initialized
Aug 23 18:24:06 agiraude kernel: [    0.576693] libata version 3.00 loaded.
Aug 23 18:24:06 agiraude kernel: [    0.576693] ACPI: bus type USB registered
Aug 23 18:24:06 agiraude kernel: [    0.576935] usbcore: registered new interface driver usbfs
Aug 23 18:24:06 agiraude kernel: [    0.577201] usbcore: registered new interface driver hub
Aug 23 18:24:06 agiraude kernel: [    0.577600] usbcore: registered new device driver usb
Aug 23 18:24:06 agiraude kernel: [    0.577874] pps_core: LinuxPPS API ver. 1 registered
Aug 23 18:24:06 agiraude kernel: [    0.579595] pps_core: Software ver. 5.3.6 - Copyright 2005-2007 Rodolfo Giometti <giometti@linux.it>
Aug 23 18:24:06 agiraude kernel: [    0.580054] PTP clock support registered
Aug 23 18:24:06 agiraude kernel: [    0.580343] Advanced Linux Sound Architecture Driver Initialized.
Aug 23 18:24:06 agiraude kernel: [    0.580818] NetLabel: Initializing
Aug 23 18:24:06 agiraude kernel: [    0.581048] NetLabel:  domain hash size = 128
Aug 23 18:24:06 agiraude kernel: [    0.581275] NetLabel:  protocols = UNLABELED CIPSOv4 CALIPSO
Aug 23 18:24:06 agiraude kernel: [    0.581555] NetLabel:  unlabeled traffic allowed by default
Aug 23 18:24:06 agiraude kernel: [    0.581667] PCI: Using ACPI for IRQ routing
Aug 23 18:24:06 agiraude kernel: [    0.637406] PCI: pci_cache_line_size set to 64 bytes
Aug 23 18:24:06 agiraude kernel: [    0.637823] e820: reserve RAM buffer [mem 0x0009fc00-0x0009ffff]
Aug 23 18:24:06 agiraude kernel: [    0.637827] e820: reserve RAM buffer [mem 0x7ffdc000-0x7fffffff]
Aug 23 18:24:06 agiraude kernel: [    0.637900] pci 0000:00:01.0: vgaarb: setting as boot VGA device
Aug 23 18:24:06 agiraude kernel: [    0.638226] pci 0000:00:01.0: vgaarb: bridge control possible
Aug 23 18:24:06 agiraude kernel: [    0.638492] pci 0000:00:01.0: vgaarb: VGA device added: decodes=io+mem,owns=io+mem,locks=none
Aug 23 18:24:06 agiraude kernel: [    0.638601] vgaarb: loaded
Aug 23 18:24:06 agiraude kernel: [    0.639594] clocksource: Switched to clocksource kvm-clock
Aug 23 18:24:06 agiraude kernel: [    0.639786] VFS: Disk quotas dquot_6.6.0
Aug 23 18:24:06 agiraude kernel: [    0.640504] VFS: Dquot-cache hash table entries: 512 (order 0, 4096 bytes)
Aug 23 18:24:06 agiraude kernel: [    0.641061] pnp: PnP ACPI init
Aug 23 18:24:06 agiraude kernel: [    0.641613] system 00:04: [mem 0xb0000000-0xbfffffff window] has been reserved
Aug 23 18:24:06 agiraude kernel: [    0.642380] pnp: PnP ACPI: found 5 devices
Aug 23 18:24:06 agiraude kernel: [    0.648799] clocksource: acpi_pm: mask: 0xffffff max_cycles: 0xffffff, max_idle_ns: 2085701024 ns
Aug 23 18:24:06 agiraude kernel: [    0.649491] NET: Registered PF_INET protocol family
Aug 23 18:24:06 agiraude kernel: [    0.649990] IP idents hash table entries: 131072 (order: 8, 1048576 bytes, linear)
Aug 23 18:24:06 agiraude kernel: [    0.652714] tcp_listen_portaddr_hash hash table entries: 4096 (order: 4, 65536 bytes, linear)
Aug 23 18:24:06 agiraude kernel: [    0.653293] Table-perturb hash table entries: 65536 (order: 6, 262144 bytes, linear)
Aug 23 18:24:06 agiraude kernel: [    0.653861] TCP established hash table entries: 65536 (order: 7, 524288 bytes, linear)
Aug 23 18:24:06 agiraude kernel: [    0.654419] TCP bind hash table entries: 65536 (order: 9, 2097152 bytes, linear)
Aug 23 18:24:06 agiraude kernel: [    0.655101] TCP: Hash tables configured (established 65536 bind 65536)
Aug 23 18:24:06 agiraude kernel: [    0.655459] UDP hash table entries: 4096 (order: 5, 131072 bytes, linear)
Aug 23 18:24:06 agiraude kernel: [    0.655768] UDP-Lite hash table entries: 4096 (order: 5, 131072 bytes, linear)
Aug 23 18:24:06 agiraude kernel: [    0.656168] NET: Registered PF_UNIX/PF_LOCAL protocol family
Aug 23 18:24:06 agiraude kernel: [    0.656690] RPC: Registered named UNIX socket transport module.
Aug 23 18:24:06 agiraude kernel: [    0.656978] RPC: Registered udp transport module.
Aug 23 18:24:06 agiraude kernel: [    0.657206] RPC: Registered tcp transport module.
Aug 23 18:24:06 agiraude kernel: [    0.657465] RPC: Registered tcp-with-tls transport module.
Aug 23 18:24:06 agiraude kernel: [    0.657724] RPC: Registered tcp NFSv4.1 backchannel transport module.
Aug 23 18:24:06 agiraude kernel: [    0.658326] pci 0000:00:02.0: bridge window [io  0x1000-0x0fff] to [bus 01] add_size 1000
Aug 23 18:24:06 agiraude kernel: [    0.658739] pci 0000:00:02.1: bridge window [io  0x1000-0x0fff] to [bus 02] add_size 1000
Aug 23 18:24:06 agiraude kernel: [    0.659127] pci 0000:00:02.2: bridge window [io  0x1000-0x0fff] to [bus 03] add_size 1000
Aug 23 18:24:06 agiraude kernel: [    0.659521] pci 0000:00:02.3: bridge window [io  0x1000-0x0fff] to [bus 04] add_size 1000
Aug 23 18:24:06 agiraude kernel: [    0.659901] pci 0000:00:02.4: bridge window [io  0x1000-0x0fff] to [bus 05] add_size 1000
Aug 23 18:24:06 agiraude kernel: [    0.660269] pci 0000:00:02.5: bridge window [io  0x1000-0x0fff] to [bus 06] add_size 1000
Aug 23 18:24:06 agiraude kernel: [    0.660669] pci 0000:00:02.6: bridge window [io  0x1000-0x0fff] to [bus 07] add_size 1000
Aug 23 18:24:06 agiraude kernel: [    0.661043] pci 0000:00:02.7: bridge window [io  0x1000-0x0fff] to [bus 08] add_size 1000
Aug 23 18:24:06 agiraude kernel: [    0.661443] pci 0000:00:03.0: bridge window [io  0x1000-0x0fff] to [bus 09] add_size 1000
Aug 23 18:24:06 agiraude kernel: [    0.661821] pci 0000:00:03.1: bridge window [io  0x1000-0x0fff] to [bus 0a] add_size 1000
Aug 23 18:24:06 agiraude kernel: [    0.662214] pci 0000:00:03.2: bridge window [io  0x1000-0x0fff] to [bus 0b] add_size 1000
Aug 23 18:24:06 agiraude kernel: [    0.662621] pci 0000:00:03.3: bridge window [io  0x1000-0x0fff] to [bus 0c] add_size 1000
Aug 23 18:24:06 agiraude kernel: [    0.663060] pci 0000:00:03.4: bridge window [io  0x1000-0x0fff] to [bus 0d] add_size 1000
Aug 23 18:24:06 agiraude kernel: [    0.663477] pci 0000:00:03.5: bridge window [io  0x1000-0x0fff] to [bus 0e] add_size 1000
Aug 23 18:24:06 agiraude kernel: [    0.663882] pci 0000:00:02.0: BAR 7: assigned [io  0x1000-0x1fff]
Aug 23 18:24:06 agiraude kernel: [    0.664159] pci 0000:00:02.1: BAR 7: assigned [io  0x2000-0x2fff]
Aug 23 18:24:06 agiraude kernel: [    0.664469] pci 0000:00:02.2: BAR 7: assigned [io  0x3000-0x3fff]
Aug 23 18:24:06 agiraude kernel: [    0.664753] pci 0000:00:02.3: BAR 7: assigned [io  0x4000-0x4fff]
Aug 23 18:24:06 agiraude kernel: [    0.665032] pci 0000:00:02.4: BAR 7: assigned [io  0x5000-0x5fff]
Aug 23 18:24:06 agiraude kernel: [    0.665313] pci 0000:00:02.5: BAR 7: assigned [io  0x6000-0x6fff]
Aug 23 18:24:06 agiraude kernel: [    0.665623] pci 0000:00:02.6: BAR 7: assigned [io  0x7000-0x7fff]
Aug 23 18:24:06 agiraude kernel: [    0.665903] pci 0000:00:02.7: BAR 7: assigned [io  0x8000-0x8fff]
Aug 23 18:24:06 agiraude kernel: [    0.666189] pci 0000:00:03.0: BAR 7: assigned [io  0x9000-0x9fff]
Aug 23 18:24:06 agiraude kernel: [    0.666508] pci 0000:00:03.1: BAR 7: assigned [io  0xa000-0xafff]
Aug 23 18:24:06 agiraude kernel: [    0.666781] pci 0000:00:03.2: BAR 7: assigned [io  0xb000-0xbfff]
Aug 23 18:24:06 agiraude kernel: [    0.667051] pci 0000:00:03.3: BAR 7: assigned [io  0xd000-0xdfff]
Aug 23 18:24:06 agiraude kernel: [    0.667342] pci 0000:00:03.4: BAR 7: assigned [io  0xe000-0xefff]
Aug 23 18:24:06 agiraude kernel: [    0.667646] pci 0000:00:03.5: BAR 7: assigned [io  0xf000-0xffff]
Aug 23 18:24:06 agiraude kernel: [    0.667920] pci 0000:00:02.0: PCI bridge to [bus 01]
Aug 23 18:24:06 agiraude kernel: [    0.668168] pci 0000:00:02.0:   bridge window [io  0x1000-0x1fff]
Aug 23 18:24:06 agiraude kernel: [    0.670483] pci 0000:00:02.0:   bridge window [mem 0xfe800000-0xfe9fffff]
Aug 23 18:24:06 agiraude kernel: [    0.671930] pci 0000:00:02.0:   bridge window [mem 0xfca00000-0xfcbfffff 64bit pref]
Aug 23 18:24:06 agiraude kernel: [    0.674541] pci 0000:00:02.1: PCI bridge to [bus 02]
Aug 23 18:24:06 agiraude kernel: [    0.674803] pci 0000:00:02.1:   bridge window [io  0x2000-0x2fff]
Aug 23 18:24:06 agiraude kernel: [    0.678065] pci 0000:00:02.1:   bridge window [mem 0xfe600000-0xfe7fffff]
Aug 23 18:24:06 agiraude kernel: [    0.681154] pci 0000:00:02.1:   bridge window [mem 0xfc800000-0xfc9fffff 64bit pref]
Aug 23 18:24:06 agiraude kernel: [    0.683873] pci 0000:00:02.2: PCI bridge to [bus 03]
Aug 23 18:24:06 agiraude kernel: [    0.684254] pci 0000:00:02.2:   bridge window [io  0x3000-0x3fff]
Aug 23 18:24:06 agiraude kernel: [    0.686468] pci 0000:00:02.2:   bridge window [mem 0xfe400000-0xfe5fffff]
Aug 23 18:24:06 agiraude kernel: [    0.687916] pci 0000:00:02.2:   bridge window [mem 0xfc600000-0xfc7fffff 64bit pref]
Aug 23 18:24:06 agiraude kernel: [    0.690463] pci 0000:00:02.3: PCI bridge to [bus 04]
Aug 23 18:24:06 agiraude kernel: [    0.692080] pci 0000:00:02.3:   bridge window [io  0x4000-0x4fff]
Aug 23 18:24:06 agiraude kernel: [    0.693656] pci 0000:00:02.3:   bridge window [mem 0xfe200000-0xfe3fffff]
Aug 23 18:24:06 agiraude kernel: [    0.694601] pci 0000:00:02.3:   bridge window [mem 0xfc400000-0xfc5fffff 64bit pref]
Aug 23 18:24:06 agiraude kernel: [    0.696263] pci 0000:00:02.4: PCI bridge to [bus 05]
Aug 23 18:24:06 agiraude kernel: [    0.696561] pci 0000:00:02.4:   bridge window [io  0x5000-0x5fff]
Aug 23 18:24:06 agiraude kernel: [    0.698078] pci 0000:00:02.4:   bridge window [mem 0xfe000000-0xfe1fffff]
Aug 23 18:24:06 agiraude kernel: [    0.699272] pci 0000:00:02.4:   bridge window [mem 0xfc200000-0xfc3fffff 64bit pref]
Aug 23 18:24:06 agiraude kernel: [    0.701965] pci 0000:00:02.5: PCI bridge to [bus 06]
Aug 23 18:24:06 agiraude kernel: [    0.704050] pci 0000:00:02.5:   bridge window [io  0x6000-0x6fff]
Aug 23 18:24:06 agiraude kernel: [    0.705392] pci 0000:00:02.5:   bridge window [mem 0xfde00000-0xfdffffff]
Aug 23 18:24:06 agiraude kernel: [    0.706354] pci 0000:00:02.5:   bridge window [mem 0xfc000000-0xfc1fffff 64bit pref]
Aug 23 18:24:06 agiraude kernel: [    0.710517] pci 0000:00:02.6: PCI bridge to [bus 07]
Aug 23 18:24:06 agiraude kernel: [    0.710919] pci 0000:00:02.6:   bridge window [io  0x7000-0x7fff]
Aug 23 18:24:06 agiraude kernel: [    0.712805] pci 0000:00:02.6:   bridge window [mem 0xfdc00000-0xfddfffff]
Aug 23 18:24:06 agiraude kernel: [    0.714397] pci 0000:00:02.6:   bridge window [mem 0xfbe00000-0xfbffffff 64bit pref]
Aug 23 18:24:06 agiraude kernel: [    0.718720] pci 0000:00:02.7: PCI bridge to [bus 08]
Aug 23 18:24:06 agiraude kernel: [    0.718977] pci 0000:00:02.7:   bridge window [io  0x8000-0x8fff]
Aug 23 18:24:06 agiraude kernel: [    0.720178] pci 0000:00:02.7:   bridge window [mem 0xfda00000-0xfdbfffff]
Aug 23 18:24:06 agiraude kernel: [    0.721117] pci 0000:00:02.7:   bridge window [mem 0xfbc00000-0xfbdfffff 64bit pref]
Aug 23 18:24:06 agiraude kernel: [    0.722836] pci 0000:00:03.0: PCI bridge to [bus 09]
Aug 23 18:24:06 agiraude kernel: [    0.723095] pci 0000:00:03.0:   bridge window [io  0x9000-0x9fff]
Aug 23 18:24:06 agiraude kernel: [    0.724327] pci 0000:00:03.0:   bridge window [mem 0xfd800000-0xfd9fffff]
Aug 23 18:24:06 agiraude kernel: [    0.725403] pci 0000:00:03.0:   bridge window [mem 0xfba00000-0xfbbfffff 64bit pref]
Aug 23 18:24:06 agiraude kernel: [    0.728017] pci 0000:00:03.1: PCI bridge to [bus 0a]
Aug 23 18:24:06 agiraude kernel: [    0.730304] pci 0000:00:03.1:   bridge window [io  0xa000-0xafff]
Aug 23 18:24:06 agiraude kernel: [    0.731825] pci 0000:00:03.1:   bridge window [mem 0xfd600000-0xfd7fffff]
Aug 23 18:24:06 agiraude kernel: [    0.732804] pci 0000:00:03.1:   bridge window [mem 0xfb800000-0xfb9fffff 64bit pref]
Aug 23 18:24:06 agiraude kernel: [    0.739526] pci 0000:00:03.2: PCI bridge to [bus 0b]
Aug 23 18:24:06 agiraude kernel: [    0.739939] pci 0000:00:03.2:   bridge window [io  0xb000-0xbfff]
Aug 23 18:24:06 agiraude kernel: [    0.743566] pci 0000:00:03.2:   bridge window [mem 0xfd400000-0xfd5fffff]
Aug 23 18:24:06 agiraude kernel: [    0.744558] pci 0000:00:03.2:   bridge window [mem 0xfb600000-0xfb7fffff 64bit pref]
Aug 23 18:24:06 agiraude kernel: [    0.746559] pci 0000:00:03.3: PCI bridge to [bus 0c]
Aug 23 18:24:06 agiraude kernel: [    0.746871] pci 0000:00:03.3:   bridge window [io  0xd000-0xdfff]
Aug 23 18:24:06 agiraude kernel: [    0.748404] pci 0000:00:03.3:   bridge window [mem 0xfd200000-0xfd3fffff]
Aug 23 18:24:06 agiraude kernel: [    0.749455] pci 0000:00:03.3:   bridge window [mem 0xfb400000-0xfb5fffff 64bit pref]
Aug 23 18:24:06 agiraude kernel: [    0.751197] pci 0000:00:03.4: PCI bridge to [bus 0d]
Aug 23 18:24:06 agiraude kernel: [    0.751492] pci 0000:00:03.4:   bridge window [io  0xe000-0xefff]
Aug 23 18:24:06 agiraude kernel: [    0.752962] pci 0000:00:03.4:   bridge window [mem 0xfd000000-0xfd1fffff]
Aug 23 18:24:06 agiraude kernel: [    0.755887] pci 0000:00:03.4:   bridge window [mem 0xfb200000-0xfb3fffff 64bit pref]
Aug 23 18:24:06 agiraude kernel: [    0.757688] pci 0000:00:03.5: PCI bridge to [bus 0e]
Aug 23 18:24:06 agiraude kernel: [    0.757961] pci 0000:00:03.5:   bridge window [io  0xf000-0xffff]
Aug 23 18:24:06 agiraude kernel: [    0.759214] pci 0000:00:03.5:   bridge window [mem 0xfce00000-0xfcffffff]
Aug 23 18:24:06 agiraude kernel: [    0.760153] pci 0000:00:03.5:   bridge window [mem 0xfb000000-0xfb1fffff 64bit pref]
Aug 23 18:24:06 agiraude kernel: [    0.761838] pci_bus 0000:00: resource 4 [io  0x0000-0x0cf7 window]
Aug 23 18:24:06 agiraude kernel: [    0.762119] pci_bus 0000:00: resource 5 [io  0x0d00-0xffff window]
Aug 23 18:24:06 agiraude kernel: [    0.762414] pci_bus 0000:00: resource 6 [mem 0x000a0000-0x000bffff window]
Aug 23 18:24:06 agiraude kernel: [    0.762704] pci_bus 0000:00: resource 7 [mem 0x80000000-0xafffffff window]
Aug 23 18:24:06 agiraude kernel: [    0.762989] pci_bus 0000:00: resource 8 [mem 0xc0000000-0xfebfffff window]
Aug 23 18:24:06 agiraude kernel: [    0.763273] pci_bus 0000:00: resource 9 [mem 0x280000000-0xa7fffffff window]
Aug 23 18:24:06 agiraude kernel: [    0.763587] pci_bus 0000:01: resource 0 [io  0x1000-0x1fff]
Aug 23 18:24:06 agiraude kernel: [    0.763849] pci_bus 0000:01: resource 1 [mem 0xfe800000-0xfe9fffff]
Aug 23 18:24:06 agiraude kernel: [    0.764123] pci_bus 0000:01: resource 2 [mem 0xfca00000-0xfcbfffff 64bit pref]
Aug 23 18:24:06 agiraude kernel: [    0.764500] pci_bus 0000:02: resource 0 [io  0x2000-0x2fff]
Aug 23 18:24:06 agiraude kernel: [    0.767603] pci_bus 0000:02: resource 1 [mem 0xfe600000-0xfe7fffff]
Aug 23 18:24:06 agiraude kernel: [    0.768167] pci_bus 0000:02: resource 2 [mem 0xfc800000-0xfc9fffff 64bit pref]
Aug 23 18:24:06 agiraude kernel: [    0.768952] pci_bus 0000:03: resource 0 [io  0x3000-0x3fff]
Aug 23 18:24:06 agiraude kernel: [    0.769407] pci_bus 0000:03: resource 1 [mem 0xfe400000-0xfe5fffff]
Aug 23 18:24:06 agiraude kernel: [    0.769828] pci_bus 0000:03: resource 2 [mem 0xfc600000-0xfc7fffff 64bit pref]
Aug 23 18:24:06 agiraude kernel: [    0.770403] pci_bus 0000:04: resource 0 [io  0x4000-0x4fff]
Aug 23 18:24:06 agiraude kernel: [    0.770798] pci_bus 0000:04: resource 1 [mem 0xfe200000-0xfe3fffff]
Aug 23 18:24:06 agiraude kernel: [    0.771220] pci_bus 0000:04: resource 2 [mem 0xfc400000-0xfc5fffff 64bit pref]
Aug 23 18:24:06 agiraude kernel: [    0.771781] pci_bus 0000:05: resource 0 [io  0x5000-0x5fff]
Aug 23 18:24:06 agiraude kernel: [    0.772162] pci_bus 0000:05: resource 1 [mem 0xfe000000-0xfe1fffff]
Aug 23 18:24:06 agiraude kernel: [    0.772602] pci_bus 0000:05: resource 2 [mem 0xfc200000-0xfc3fffff 64bit pref]
Aug 23 18:24:06 agiraude kernel: [    0.773143] pci_bus 0000:06: resource 0 [io  0x6000-0x6fff]
Aug 23 18:24:06 agiraude kernel: [    0.773557] pci_bus 0000:06: resource 1 [mem 0xfde00000-0xfdffffff]
Aug 23 18:24:06 agiraude kernel: [    0.773976] pci_bus 0000:06: resource 2 [mem 0xfc000000-0xfc1fffff 64bit pref]
Aug 23 18:24:06 agiraude kernel: [    0.774516] pci_bus 0000:07: resource 0 [io  0x7000-0x7fff]
Aug 23 18:24:06 agiraude kernel: [    0.774916] pci_bus 0000:07: resource 1 [mem 0xfdc00000-0xfddfffff]
Aug 23 18:24:06 agiraude kernel: [    0.775314] pci_bus 0000:07: resource 2 [mem 0xfbe00000-0xfbffffff 64bit pref]
Aug 23 18:24:06 agiraude kernel: [    0.775857] pci_bus 0000:08: resource 0 [io  0x8000-0x8fff]
Aug 23 18:24:06 agiraude kernel: [    0.776256] pci_bus 0000:08: resource 1 [mem 0xfda00000-0xfdbfffff]
Aug 23 18:24:06 agiraude kernel: [    0.776697] pci_bus 0000:08: resource 2 [mem 0xfbc00000-0xfbdfffff 64bit pref]
Aug 23 18:24:06 agiraude kernel: [    0.777105] pci_bus 0000:09: resource 0 [io  0x9000-0x9fff]
Aug 23 18:24:06 agiraude kernel: [    0.777439] pci_bus 0000:09: resource 1 [mem 0xfd800000-0xfd9fffff]
Aug 23 18:24:06 agiraude kernel: [    0.777742] pci_bus 0000:09: resource 2 [mem 0xfba00000-0xfbbfffff 64bit pref]
Aug 23 18:24:06 agiraude kernel: [    0.778102] pci_bus 0000:0a: resource 0 [io  0xa000-0xafff]
Aug 23 18:24:06 agiraude kernel: [    0.778395] pci_bus 0000:0a: resource 1 [mem 0xfd600000-0xfd7fffff]
Aug 23 18:24:06 agiraude kernel: [    0.778717] pci_bus 0000:0a: resource 2 [mem 0xfb800000-0xfb9fffff 64bit pref]
Aug 23 18:24:06 agiraude kernel: [    0.779088] pci_bus 0000:0b: resource 0 [io  0xb000-0xbfff]
Aug 23 18:24:06 agiraude kernel: [    0.779383] pci_bus 0000:0b: resource 1 [mem 0xfd400000-0xfd5fffff]
Aug 23 18:24:06 agiraude kernel: [    0.779663] pci_bus 0000:0b: resource 2 [mem 0xfb600000-0xfb7fffff 64bit pref]
Aug 23 18:24:06 agiraude kernel: [    0.780029] pci_bus 0000:0c: resource 0 [io  0xd000-0xdfff]
Aug 23 18:24:06 agiraude kernel: [    0.780289] pci_bus 0000:0c: resource 1 [mem 0xfd200000-0xfd3fffff]
Aug 23 18:24:06 agiraude kernel: [    0.780600] pci_bus 0000:0c: resource 2 [mem 0xfb400000-0xfb5fffff 64bit pref]
Aug 23 18:24:06 agiraude kernel: [    0.780960] pci_bus 0000:0d: resource 0 [io  0xe000-0xefff]
Aug 23 18:24:06 agiraude kernel: [    0.781224] pci_bus 0000:0d: resource 1 [mem 0xfd000000-0xfd1fffff]
Aug 23 18:24:06 agiraude kernel: [    0.781535] pci_bus 0000:0d: resource 2 [mem 0xfb200000-0xfb3fffff 64bit pref]
Aug 23 18:24:06 agiraude kernel: [    0.781896] pci_bus 0000:0e: resource 0 [io  0xf000-0xffff]
Aug 23 18:24:06 agiraude kernel: [    0.782161] pci_bus 0000:0e: resource 1 [mem 0xfce00000-0xfcffffff]
Aug 23 18:24:06 agiraude kernel: [    0.782474] pci_bus 0000:0e: resource 2 [mem 0xfb000000-0xfb1fffff 64bit pref]
Aug 23 18:24:06 agiraude kernel: [    0.783219] ACPI: \_SB_.GSIG: Enabled at IRQ 22
Aug 23 18:24:06 agiraude kernel: [    0.785194] PCI: CLS 0 bytes, default 64
Aug 23 18:24:06 agiraude kernel: [    0.785499] PCI-DMA: Using software bounce buffering for IO (SWIOTLB)
Aug 23 18:24:06 agiraude kernel: [    0.785803] software IO TLB: mapped [mem 0x000000007bfdc000-0x000000007ffdc000] (64MB)
Aug 23 18:24:06 agiraude kernel: [    0.786380] RAPL PMU: API unit is 2^-32 Joules, 0 fixed counters, 10737418240 ms ovfl timer
Aug 23 18:24:06 agiraude kernel: [    0.786880] clocksource: tsc: mask: 0xffffffffffffffff max_cycles: 0x21139776891, max_idle_ns: 440795250948 ns
Aug 23 18:24:06 agiraude kernel: [    0.788169] Initialise system trusted keyrings
Aug 23 18:24:06 agiraude kernel: [    0.788522] workingset: timestamp_bits=56 max_order=21 bucket_order=0
Aug 23 18:24:06 agiraude kernel: [    0.788998] NFS: Registering the id_resolver key type
Aug 23 18:24:06 agiraude kernel: [    0.789257] Key type id_resolver registered
Aug 23 18:24:06 agiraude kernel: [    0.789525] Key type id_legacy registered
Aug 23 18:24:06 agiraude kernel: [    0.789802] 9p: Installing v9fs 9p2000 file system support
Aug 23 18:24:06 agiraude kernel: [    0.797696] Key type asymmetric registered
Aug 23 18:24:06 agiraude kernel: [    0.798619] Asymmetric key parser 'x509' registered
Aug 23 18:24:06 agiraude kernel: [    0.799007] Block layer SCSI generic (bsg) driver version 0.4 loaded (major 251)
Aug 23 18:24:06 agiraude kernel: [    0.799597] io scheduler mq-deadline registered
Aug 23 18:24:06 agiraude kernel: [    0.799971] io scheduler kyber registered
Aug 23 18:24:06 agiraude kernel: [    0.802936] pcieport 0000:00:02.0: PME: Signaling with IRQ 24
Aug 23 18:24:06 agiraude kernel: [    0.804691] pcieport 0000:00:02.1: PME: Signaling with IRQ 25
Aug 23 18:24:06 agiraude kernel: [    0.809851] pcieport 0000:00:02.2: PME: Signaling with IRQ 26
Aug 23 18:24:06 agiraude kernel: [    0.811948] pcieport 0000:00:02.3: PME: Signaling with IRQ 27
Aug 23 18:24:06 agiraude kernel: [    0.813982] pcieport 0000:00:02.4: PME: Signaling with IRQ 28
Aug 23 18:24:06 agiraude kernel: [    0.815988] pcieport 0000:00:02.5: PME: Signaling with IRQ 29
Aug 23 18:24:06 agiraude kernel: [    0.817957] pcieport 0000:00:02.6: PME: Signaling with IRQ 30
Aug 23 18:24:06 agiraude kernel: [    0.821498] pcieport 0000:00:02.7: PME: Signaling with IRQ 31
Aug 23 18:24:06 agiraude kernel: [    0.822226] ACPI: \_SB_.GSIH: Enabled at IRQ 23
Aug 23 18:24:06 agiraude kernel: [    0.823713] pcieport 0000:00:03.0: PME: Signaling with IRQ 32
Aug 23 18:24:06 agiraude kernel: [    0.825633] pcieport 0000:00:03.1: PME: Signaling with IRQ 33
Aug 23 18:24:06 agiraude kernel: [    0.828665] pcieport 0000:00:03.2: PME: Signaling with IRQ 34
Aug 23 18:24:06 agiraude kernel: [    0.834649] pcieport 0000:00:03.3: PME: Signaling with IRQ 35
Aug 23 18:24:06 agiraude kernel: [    0.837638] pcieport 0000:00:03.4: PME: Signaling with IRQ 36
Aug 23 18:24:06 agiraude kernel: [    0.839781] pcieport 0000:00:03.5: PME: Signaling with IRQ 37
Aug 23 18:24:06 agiraude kernel: [    0.840428] input: Power Button as /devices/LNXSYSTM:00/LNXPWRBN:00/input/input0
Aug 23 18:24:06 agiraude kernel: [    0.840918] ACPI: button: Power Button [PWRF]
Aug 23 18:24:06 agiraude kernel: [    0.841617] ACPI: \_SB_.GSIF: Enabled at IRQ 21
Aug 23 18:24:06 agiraude kernel: [    0.851622] Serial: 8250/16550 driver, 4 ports, IRQ sharing enabled
Aug 23 18:24:06 agiraude kernel: [    0.852077] 00:00: ttyS0 at I/O 0x3f8 (irq = 4, base_baud = 115200) is a 16550A
Aug 23 18:24:06 agiraude kernel: [    0.861745] Non-volatile memory driver v1.3
Aug 23 18:24:06 agiraude kernel: [    0.862142] Linux agpgart interface v0.103
Aug 23 18:24:06 agiraude kernel: [    0.862563] ACPI: bus type drm_connector registered
Aug 23 18:24:06 agiraude kernel: [    0.863227] [drm] pci: virtio-vga detected at 0000:00:01.0
Aug 23 18:24:06 agiraude kernel: [    0.863703] virtio-pci 0000:00:01.0: vgaarb: deactivate vga console
Aug 23 18:24:06 agiraude kernel: [    0.867126] Console: switching to colour dummy device 80x25
Aug 23 18:24:06 agiraude kernel: [    0.867345] [drm] features: -virgl +edid -resource_blob -host_visible
Aug 23 18:24:06 agiraude kernel: [    0.867347] [drm] features: -context_init
Aug 23 18:24:06 agiraude kernel: [    0.867986] [drm] number of scanouts: 1
Aug 23 18:24:06 agiraude kernel: [    0.867994] [drm] number of cap sets: 0
Aug 23 18:24:06 agiraude kernel: [    0.868339] [drm] Initialized virtio_gpu 0.1.0 0 for 0000:00:01.0 on minor 0
Aug 23 18:24:06 agiraude kernel: [    0.869838] fbcon: virtio_gpudrmfb (fb0) is primary device
Aug 23 18:24:06 agiraude kernel: [    0.874713] Console: switching to colour frame buffer device 160x50
Aug 23 18:24:06 agiraude kernel: [    0.877589] virtio-pci 0000:00:01.0: [drm] fb0: virtio_gpudrmfb frame buffer device
Aug 23 18:24:06 agiraude kernel: [    0.879144] loop: module loaded
Aug 23 18:24:06 agiraude kernel: [    0.879465] virtio_blk virtio4: 4/0/0 default/read/poll queues
Aug 23 18:24:06 agiraude kernel: [    0.880939] virtio_blk virtio4: [vda] 115343360 512-byte logical blocks (59.1 GB/55.0 GiB)
Aug 23 18:24:06 agiraude kernel: [    0.882173]  vda: vda1 vda2 vda3
Aug 23 18:24:06 agiraude kernel: [    0.884050] scsi host0: Virtio SCSI HBA
Aug 23 18:24:06 agiraude kernel: [    0.900411] ahci 0000:00:1f.2: version 3.0
Aug 23 18:24:06 agiraude kernel: [    0.900689] ACPI: \_SB_.GSIA: Enabled at IRQ 16
Aug 23 18:24:06 agiraude kernel: [    0.901510] ahci 0000:00:1f.2: AHCI 0001.0000 32 slots 6 ports 1.5 Gbps 0x3f impl SATA mode
Aug 23 18:24:06 agiraude kernel: [    0.901530] ahci 0000:00:1f.2: flags: 64bit ncq only 
Aug 23 18:24:06 agiraude kernel: [    0.902754] scsi host1: ahci
Aug 23 18:24:06 agiraude kernel: [    0.903076] scsi host2: ahci
Aug 23 18:24:06 agiraude kernel: [    0.903334] scsi host3: ahci
Aug 23 18:24:06 agiraude kernel: [    0.903599] scsi host4: ahci
Aug 23 18:24:06 agiraude kernel: [    0.903919] scsi host5: ahci
Aug 23 18:24:06 agiraude kernel: [    0.904124] scsi host6: ahci
Aug 23 18:24:06 agiraude kernel: [    0.904256] ata1: SATA max UDMA/133 abar m4096@0xfea23000 port 0xfea23100 irq 55
Aug 23 18:24:06 agiraude kernel: [    0.904293] ata2: SATA max UDMA/133 abar m4096@0xfea23000 port 0xfea23180 irq 55
Aug 23 18:24:06 agiraude kernel: [    0.904309] ata3: SATA max UDMA/133 abar m4096@0xfea23000 port 0xfea23200 irq 55
Aug 23 18:24:06 agiraude kernel: [    0.904336] ata4: SATA max UDMA/133 abar m4096@0xfea23000 port 0xfea23280 irq 55
Aug 23 18:24:06 agiraude kernel: [    0.904353] ata5: SATA max UDMA/133 abar m4096@0xfea23000 port 0xfea23300 irq 55
Aug 23 18:24:06 agiraude kernel: [    0.904369] ata6: SATA max UDMA/133 abar m4096@0xfea23000 port 0xfea23380 irq 55
Aug 23 18:24:06 agiraude kernel: [    0.907115] e100: Intel(R) PRO/100 Network Driver
Aug 23 18:24:06 agiraude kernel: [    0.907134] e100: Copyright(c) 1999-2006 Intel Corporation
Aug 23 18:24:06 agiraude kernel: [    0.907242] e1000: Intel(R) PRO/1000 Network Driver
Aug 23 18:24:06 agiraude kernel: [    0.907538] e1000: Copyright (c) 1999-2006 Intel Corporation.
Aug 23 18:24:06 agiraude kernel: [    0.909070] e1000e: Intel(R) PRO/1000 Network Driver
Aug 23 18:24:06 agiraude kernel: [    0.909516] e1000e: Copyright(c) 1999 - 2015 Intel Corporation.
Aug 23 18:24:06 agiraude kernel: [    0.911032] sky2: driver version 1.30
Aug 23 18:24:06 agiraude kernel: [    0.913793] xhci_hcd 0000:02:00.0: xHCI Host Controller
Aug 23 18:24:06 agiraude kernel: [    0.915186] xhci_hcd 0000:02:00.0: new USB bus registered, assigned bus number 1
Aug 23 18:24:06 agiraude kernel: [    0.917781] xhci_hcd 0000:02:00.0: hcc params 0x00087001 hci version 0x100 quirks 0x0000000000000010
Aug 23 18:24:06 agiraude kernel: [    0.922708] xhci_hcd 0000:02:00.0: xHCI Host Controller
Aug 23 18:24:06 agiraude kernel: [    0.924146] xhci_hcd 0000:02:00.0: new USB bus registered, assigned bus number 2
Aug 23 18:24:06 agiraude kernel: [    0.925502] xhci_hcd 0000:02:00.0: Host supports USB 3.0 SuperSpeed
Aug 23 18:24:06 agiraude kernel: [    0.926933] usb usb1: New USB device found, idVendor=1d6b, idProduct=0002, bcdDevice= 6.05
Aug 23 18:24:06 agiraude kernel: [    0.927429] usb usb1: New USB device strings: Mfr=3, Product=2, SerialNumber=1
Aug 23 18:24:06 agiraude kernel: [    0.927853] usb usb1: Product: xHCI Host Controller
Aug 23 18:24:06 agiraude kernel: [    0.928213] usb usb1: Manufacturer: Linux 6.5.0-rc7agiraude xhci-hcd
Aug 23 18:24:06 agiraude kernel: [    0.928580] usb usb1: SerialNumber: 0000:02:00.0
Aug 23 18:24:06 agiraude kernel: [    0.930094] hub 1-0:1.0: USB hub found
Aug 23 18:24:06 agiraude kernel: [    0.932229] hub 1-0:1.0: 15 ports detected
Aug 23 18:24:06 agiraude kernel: [    0.934783] usb usb2: We don't know the algorithms for LPM for this host, disabling LPM.
Aug 23 18:24:06 agiraude kernel: [    0.936099] usb usb2: New USB device found, idVendor=1d6b, idProduct=0003, bcdDevice= 6.05
Aug 23 18:24:06 agiraude kernel: [    0.936637] usb usb2: New USB device strings: Mfr=3, Product=2, SerialNumber=1
Aug 23 18:24:06 agiraude kernel: [    0.937188] usb usb2: Product: xHCI Host Controller
Aug 23 18:24:06 agiraude kernel: [    0.937721] usb usb2: Manufacturer: Linux 6.5.0-rc7agiraude xhci-hcd
Aug 23 18:24:06 agiraude kernel: [    0.938176] usb usb2: SerialNumber: 0000:02:00.0
Aug 23 18:24:06 agiraude kernel: [    0.939604] hub 2-0:1.0: USB hub found
Aug 23 18:24:06 agiraude kernel: [    0.941271] hub 2-0:1.0: 15 ports detected
Aug 23 18:24:06 agiraude kernel: [    0.943392] usbcore: registered new interface driver usblp
Aug 23 18:24:06 agiraude kernel: [    0.944475] usbcore: registered new interface driver usb-storage
Aug 23 18:24:06 agiraude kernel: [    0.945739] i8042: PNP: PS/2 Controller [PNP0303:KBD,PNP0f13:MOU] at 0x60,0x64 irq 1,12
Aug 23 18:24:06 agiraude kernel: [    0.948725] serio: i8042 KBD port at 0x60,0x64 irq 1
Aug 23 18:24:06 agiraude kernel: [    0.949963] serio: i8042 AUX port at 0x60,0x64 irq 12
Aug 23 18:24:06 agiraude kernel: [    0.952055] rtc_cmos 00:03: RTC can wake from S4
Aug 23 18:24:06 agiraude kernel: [    0.956488] rtc_cmos 00:03: registered as rtc0
Aug 23 18:24:06 agiraude kernel: [    0.957069] rtc_cmos 00:03: alarms up to one day, y3k, 242 bytes nvram
Aug 23 18:24:06 agiraude kernel: [    0.957911] input: AT Translated Set 2 keyboard as /devices/platform/i8042/serio0/input/input1
Aug 23 18:24:06 agiraude kernel: [    0.958191] i801_smbus 0000:00:1f.3: SMBus using PCI interrupt
Aug 23 18:24:06 agiraude kernel: [    0.958907] i2c i2c-0: 1/1 memory slots populated (from DMI)
Aug 23 18:24:06 agiraude kernel: [    0.959349] i2c i2c-0: Memory type 0x07 not supported yet, not instantiating SPD
Aug 23 18:24:06 agiraude kernel: [    0.962073] device-mapper: ioctl: 4.48.0-ioctl (2023-03-01) initialised: dm-devel@redhat.com
Aug 23 18:24:06 agiraude kernel: [    0.962516] intel_pstate: CPU model not supported
Aug 23 18:24:06 agiraude kernel: [    0.963073] hid: raw HID events driver (C) Jiri Kosina
Aug 23 18:24:06 agiraude kernel: [    0.963807] usbcore: registered new interface driver usbhid
Aug 23 18:24:06 agiraude kernel: [    0.964298] usbhid: USB HID core driver
Aug 23 18:24:06 agiraude kernel: [    0.967709] Initializing XFRM netlink socket
Aug 23 18:24:06 agiraude kernel: [    0.968274] NET: Registered PF_INET6 protocol family
Aug 23 18:24:06 agiraude kernel: [    0.971529] Segment Routing with IPv6
Aug 23 18:24:06 agiraude kernel: [    0.972146] In-situ OAM (IOAM) with IPv6
Aug 23 18:24:06 agiraude kernel: [    0.973621] snd_hda_intel 0000:00:1b.0: Cannot probe codecs, giving up
Aug 23 18:24:06 agiraude kernel: [    0.974073] sit: IPv6, IPv4 and MPLS over IPv4 tunneling driver
Aug 23 18:24:06 agiraude kernel: [    0.974569] NET: Registered PF_PACKET protocol family
Aug 23 18:24:06 agiraude kernel: [    0.974922] 9pnet: Installing 9P2000 support
Aug 23 18:24:06 agiraude kernel: [    0.975256] Key type dns_resolver registered
Aug 23 18:24:06 agiraude kernel: [    0.976381] IPI shorthand broadcast: enabled
Aug 23 18:24:06 agiraude kernel: [    0.979226] sched_clock: Marking stable (931023163, 47670858)->(1079687852, -100993831)
Aug 23 18:24:06 agiraude kernel: [    0.980851] registered taskstats version 1
Aug 23 18:24:06 agiraude kernel: [    0.981273] Loading compiled-in X.509 certificates
Aug 23 18:24:06 agiraude kernel: [    0.985542] PM:   Magic number: 3:812:439
Aug 23 18:24:06 agiraude kernel: [    0.986146] printk: console [netcon0] enabled
Aug 23 18:24:06 agiraude kernel: [    0.986522] netconsole: network logging started
Aug 23 18:24:06 agiraude kernel: [    0.986906] cfg80211: Loading compiled-in X.509 certificates for regulatory database
Aug 23 18:24:06 agiraude kernel: [    0.987573] kworker/u8:7 (78) used greatest stack depth: 14144 bytes left
Aug 23 18:24:06 agiraude kernel: [    0.989746] Loaded X.509 cert 'sforshee: 00b28ddf47aef9cea7'
Aug 23 18:24:06 agiraude kernel: [    0.990972] platform regulatory.0: Direct firmware load for regulatory.db failed with error -2
Aug 23 18:24:06 agiraude kernel: [    0.991380] cfg80211: failed to load regulatory.db
Aug 23 18:24:06 agiraude kernel: [    0.992598] ALSA device list:
Aug 23 18:24:06 agiraude kernel: [    0.993996]   No soundcards found.
Aug 23 18:24:06 agiraude kernel: [    1.175923] usb 1-1: new high-speed USB device number 2 using xhci_hcd
Aug 23 18:24:06 agiraude kernel: [    1.212109] ata2: SATA link down (SStatus 0 SControl 300)
Aug 23 18:24:06 agiraude kernel: [    1.214958] ata6: SATA link down (SStatus 0 SControl 300)
Aug 23 18:24:06 agiraude kernel: [    1.218575] ata5: SATA link down (SStatus 0 SControl 300)
Aug 23 18:24:06 agiraude kernel: [    1.222524] ata1: SATA link up 1.5 Gbps (SStatus 113 SControl 300)
Aug 23 18:24:06 agiraude kernel: [    1.224941] ata4: SATA link down (SStatus 0 SControl 300)
Aug 23 18:24:06 agiraude kernel: [    1.227141] ata3: SATA link down (SStatus 0 SControl 300)
Aug 23 18:24:06 agiraude kernel: [    1.230063] ata1.00: ATAPI: QEMU DVD-ROM, 2.5+, max UDMA/100
Aug 23 18:24:06 agiraude kernel: [    1.231214] ata1.00: applying bridge limits
Aug 23 18:24:06 agiraude kernel: [    1.234641] ata1.00: configured for UDMA/100
Aug 23 18:24:06 agiraude kernel: [    1.236985] scsi 1:0:0:0: CD-ROM            QEMU     QEMU DVD-ROM     2.5+ PQ: 0 ANSI: 5
Aug 23 18:24:06 agiraude kernel: [    1.246277] sr 1:0:0:0: [sr0] scsi3-mmc drive: 4x/4x cd/rw xa/form2 tray
Aug 23 18:24:06 agiraude kernel: [    1.247922] cdrom: Uniform CD-ROM driver Revision: 3.20
Aug 23 18:24:06 agiraude kernel: [    1.255891] sr 1:0:0:0: Attached scsi CD-ROM sr0
Aug 23 18:24:06 agiraude kernel: [    1.256493] sr 1:0:0:0: Attached scsi generic sg0 type 5
Aug 23 18:24:06 agiraude kernel: [    1.306182] usb 1-1: New USB device found, idVendor=0627, idProduct=0001, bcdDevice= 0.00
Aug 23 18:24:06 agiraude kernel: [    1.306796] usb 1-1: New USB device strings: Mfr=1, Product=3, SerialNumber=10
Aug 23 18:24:06 agiraude kernel: [    1.307351] usb 1-1: Product: QEMU USB Tablet
Aug 23 18:24:06 agiraude kernel: [    1.307890] usb 1-1: Manufacturer: QEMU
Aug 23 18:24:06 agiraude kernel: [    1.308417] usb 1-1: SerialNumber: 28754-0000:00:02.1:00.0-1
Aug 23 18:24:06 agiraude kernel: [    1.312391] input: QEMU QEMU USB Tablet as /devices/pci0000:00/0000:00:02.1/0000:02:00.0/usb1/1-1/1-1:1.0/0003:0627:0001.0001/input/input4
Aug 23 18:24:06 agiraude kernel: [    1.313105] hid-generic 0003:0627:0001.0001: input,hidraw0: USB HID v0.01 Mouse [QEMU QEMU USB Tablet] on usb-0000:02:00.0-1/input0
Aug 23 18:24:06 agiraude kernel: [    1.583051] input: ImExPS/2 Generic Explorer Mouse as /devices/platform/i8042/serio1/input/input3
Aug 23 18:24:06 agiraude kernel: [    1.583544] md: Waiting for all devices to be available before autodetect
Aug 23 18:24:06 agiraude kernel: [    1.583881] md: If you don't use raid, use raid=noautodetect
Aug 23 18:24:06 agiraude kernel: [    1.584178] md: Autodetecting RAID arrays.
Aug 23 18:24:06 agiraude kernel: [    1.584519] md: autorun ...
Aug 23 18:24:06 agiraude kernel: [    1.584873] md: ... autorun DONE.
Aug 23 18:24:06 agiraude kernel: [    1.593927] EXT4-fs (vda3): mounted filesystem f9cdd44a-d12b-4869-8d3f-dc2eea1c3cd5 ro with ordered data mode. Quota mode: none.
Aug 23 18:24:06 agiraude kernel: [    1.601150] VFS: Mounted root (ext4 filesystem) readonly on device 253:3.
Aug 23 18:24:06 agiraude kernel: [    1.606013] devtmpfs: mounted
Aug 23 18:24:06 agiraude kernel: [    1.610484] Freeing unused kernel image (initmem) memory: 2608K
Aug 23 18:24:06 agiraude kernel: [    1.612256] Write protecting the kernel read-only data: 26624k
Aug 23 18:24:06 agiraude kernel: [    1.615366] Freeing unused kernel image (rodata/data gap) memory: 1580K
Aug 23 18:24:06 agiraude kernel: [    1.705902] x86/mm: Checked W+X mappings: passed, no W+X pages found.
Aug 23 18:24:06 agiraude kernel: [    1.706282] x86/mm: Checking user space page tables
Aug 23 18:24:06 agiraude kernel: [    1.761106] x86/mm: Checked W+X mappings: passed, no W+X pages found.
Aug 23 18:24:06 agiraude kernel: [    1.762391] Run /sbin/init as init process
Aug 23 18:24:06 agiraude kernel: [    1.763109]   with arguments:
Aug 23 18:24:06 agiraude kernel: [    1.763112]     /sbin/init
Aug 23 18:24:06 agiraude kernel: [    1.763114]   with environment:
Aug 23 18:24:06 agiraude kernel: [    1.763115]     HOME=/
Aug 23 18:24:06 agiraude kernel: [    1.763116]     TERM=linux
Aug 23 18:24:06 agiraude kernel: [    1.763117]     BOOT_IMAGE=/vmlinuz-6.5-rc7-linus
Aug 23 18:24:06 agiraude kernel: [    1.783912] stty (88) used greatest stack depth: 13872 bytes left
Aug 23 18:24:06 agiraude kernel: [    1.789017] dmesg (89) used greatest stack depth: 13464 bytes left
Aug 23 18:24:06 agiraude kernel: [    1.879599] ip (146) used greatest stack depth: 12952 bytes left
Aug 23 18:24:06 agiraude kernel: <30>[    1.933961] udevd[171]: starting version 3.2.11
Aug 23 18:24:06 agiraude kernel: <30>[    1.947557] udevd[172]: starting eudev-3.2.11
Aug 23 18:24:06 agiraude kernel: [    2.613030] Adding 8388604k swap on /dev/vda2.  Priority:1 extents:1 across:8388604k 
Aug 23 18:24:06 agiraude kernel: [    2.660552] EXT4-fs (vda3): re-mounted f9cdd44a-d12b-4869-8d3f-dc2eea1c3cd5 ro. Quota mode: none.
Aug 23 18:24:06 agiraude kernel: [    2.783091] EXT4-fs (vda3): re-mounted f9cdd44a-d12b-4869-8d3f-dc2eea1c3cd5 r/w. Quota mode: none.
Aug 23 18:24:06 agiraude kernel: [    2.823425] EXT4-fs (vda1): mounted filesystem 4f8aa5e6-b1fd-44c9-84fd-a271ac2b4a7e r/w with ordered data mode. Quota mode: none.
