Aug 25 17:17:35 agiraude kernel: klogd 1.5.1, log source = /proc/kmsg started.
Aug 25 17:17:35 agiraude kernel: Cannot find map file.
Aug 25 17:17:35 agiraude kernel: Loaded 167457 symbols from 1 module.
Aug 25 17:17:35 agiraude kernel: [    0.000000] Linux version 6.5.0-rc7-thor_kernelagiraude-g469da410cb62 (ag@agiraude) (gcc (GCC) 12.2.0, GNU ld (GNU Binutils) 2.40) #1 SMP PREEMPT_DYNAMIC Fri Aug 25 17:10:56 CEST 2023
Aug 25 17:17:35 agiraude kernel: [    0.000000] Command line: BOOT_IMAGE=/vmlinuz-6.5-rc7-thor root=/dev/vda3 ro
Aug 25 17:17:35 agiraude kernel: [    0.000000] BIOS-provided physical RAM map:
Aug 25 17:17:35 agiraude kernel: [    0.000000] BIOS-e820: [mem 0x0000000000000000-0x000000000009fbff] usable
Aug 25 17:17:35 agiraude kernel: [    0.000000] BIOS-e820: [mem 0x000000000009fc00-0x000000000009ffff] reserved
Aug 25 17:17:35 agiraude kernel: [    0.000000] BIOS-e820: [mem 0x00000000000f0000-0x00000000000fffff] reserved
Aug 25 17:17:35 agiraude kernel: [    0.000000] BIOS-e820: [mem 0x0000000000100000-0x000000007ffdbfff] usable
Aug 25 17:17:35 agiraude kernel: [    0.000000] BIOS-e820: [mem 0x000000007ffdc000-0x000000007fffffff] reserved
Aug 25 17:17:35 agiraude kernel: [    0.000000] BIOS-e820: [mem 0x00000000b0000000-0x00000000bfffffff] reserved
Aug 25 17:17:35 agiraude kernel: [    0.000000] BIOS-e820: [mem 0x00000000fed1c000-0x00000000fed1ffff] reserved
Aug 25 17:17:35 agiraude kernel: [    0.000000] BIOS-e820: [mem 0x00000000feffc000-0x00000000feffffff] reserved
Aug 25 17:17:35 agiraude kernel: [    0.000000] BIOS-e820: [mem 0x00000000fffc0000-0x00000000ffffffff] reserved
Aug 25 17:17:35 agiraude kernel: [    0.000000] BIOS-e820: [mem 0x0000000100000000-0x000000027fffffff] usable
Aug 25 17:17:35 agiraude kernel: [    0.000000] NX (Execute Disable) protection: active
Aug 25 17:17:35 agiraude kernel: [    0.000000] SMBIOS 2.8 present.
Aug 25 17:17:35 agiraude kernel: [    0.000000] DMI: QEMU Standard PC (Q35 + ICH9, 2009), BIOS 1.16.2-1.fc38 04/01/2014
Aug 25 17:17:35 agiraude kernel: [    0.000000] Hypervisor detected: KVM
Aug 25 17:17:35 agiraude kernel: [    0.000000] kvm-clock: Using msrs 4b564d01 and 4b564d00
Aug 25 17:17:35 agiraude kernel: [    0.000001] kvm-clock: using sched offset of 4094511272 cycles
Aug 25 17:17:35 agiraude kernel: [    0.000002] clocksource: kvm-clock: mask: 0xffffffffffffffff max_cycles: 0x1cd42e4dffb, max_idle_ns: 881590591483 ns
Aug 25 17:17:35 agiraude kernel: [    0.000004] tsc: Detected 2294.684 MHz processor
Aug 25 17:17:35 agiraude kernel: [    0.000576] e820: update [mem 0x00000000-0x00000fff] usable ==> reserved
Aug 25 17:17:35 agiraude kernel: [    0.000578] e820: remove [mem 0x000a0000-0x000fffff] usable
Aug 25 17:17:35 agiraude kernel: [    0.000582] last_pfn = 0x280000 max_arch_pfn = 0x400000000
Aug 25 17:17:35 agiraude kernel: [    0.000602] MTRR map: 4 entries (3 fixed + 1 variable; max 19), built from 8 variable MTRRs
Aug 25 17:17:35 agiraude kernel: [    0.000605] x86/PAT: Configuration [0-7]: WB  WC  UC- UC  WB  WP  UC- WT  
Aug 25 17:17:35 agiraude kernel: [    0.000631] last_pfn = 0x7ffdc max_arch_pfn = 0x400000000
Aug 25 17:17:35 agiraude kernel: [    0.007863] found SMP MP-table at [mem 0x000f5b00-0x000f5b0f]
Aug 25 17:17:35 agiraude kernel: [    0.007878] Using GB pages for direct mapping
Aug 25 17:17:35 agiraude kernel: [    0.007961] ACPI: Early table checksum verification disabled
Aug 25 17:17:35 agiraude kernel: [    0.007964] ACPI: RSDP 0x00000000000F5860 000014 (v00 BOCHS )
Aug 25 17:17:35 agiraude kernel: [    0.007968] ACPI: RSDT 0x000000007FFE2B90 000034 (v01 BOCHS  BXPC     00000001 BXPC 00000001)
Aug 25 17:17:35 agiraude kernel: [    0.007973] ACPI: FACP 0x000000007FFE29A8 0000F4 (v03 BOCHS  BXPC     00000001 BXPC 00000001)
Aug 25 17:17:35 agiraude kernel: [    0.007979] ACPI: DSDT 0x000000007FFE0040 002968 (v01 BOCHS  BXPC     00000001 BXPC 00000001)
Aug 25 17:17:35 agiraude kernel: [    0.007982] ACPI: FACS 0x000000007FFE0000 000040
Aug 25 17:17:35 agiraude kernel: [    0.007985] ACPI: APIC 0x000000007FFE2A9C 000090 (v01 BOCHS  BXPC     00000001 BXPC 00000001)
Aug 25 17:17:35 agiraude kernel: [    0.007988] ACPI: MCFG 0x000000007FFE2B2C 00003C (v01 BOCHS  BXPC     00000001 BXPC 00000001)
Aug 25 17:17:35 agiraude kernel: [    0.007991] ACPI: WAET 0x000000007FFE2B68 000028 (v01 BOCHS  BXPC     00000001 BXPC 00000001)
Aug 25 17:17:35 agiraude kernel: [    0.007993] ACPI: Reserving FACP table memory at [mem 0x7ffe29a8-0x7ffe2a9b]
Aug 25 17:17:35 agiraude kernel: [    0.007994] ACPI: Reserving DSDT table memory at [mem 0x7ffe0040-0x7ffe29a7]
Aug 25 17:17:35 agiraude kernel: [    0.007995] ACPI: Reserving FACS table memory at [mem 0x7ffe0000-0x7ffe003f]
Aug 25 17:17:35 agiraude kernel: [    0.007996] ACPI: Reserving APIC table memory at [mem 0x7ffe2a9c-0x7ffe2b2b]
Aug 25 17:17:35 agiraude kernel: [    0.007996] ACPI: Reserving MCFG table memory at [mem 0x7ffe2b2c-0x7ffe2b67]
Aug 25 17:17:35 agiraude kernel: [    0.007997] ACPI: Reserving WAET table memory at [mem 0x7ffe2b68-0x7ffe2b8f]
Aug 25 17:17:35 agiraude kernel: [    0.008247] No NUMA configuration found
Aug 25 17:17:35 agiraude kernel: [    0.008248] Faking a node at [mem 0x0000000000000000-0x000000027fffffff]
Aug 25 17:17:35 agiraude kernel: [    0.008250] NODE_DATA(0) allocated [mem 0x27fffc000-0x27fffffff]
Aug 25 17:17:35 agiraude kernel: [    0.008387] Zone ranges:
Aug 25 17:17:35 agiraude kernel: [    0.008387]   DMA      [mem 0x0000000000001000-0x0000000000ffffff]
Aug 25 17:17:35 agiraude kernel: [    0.008389]   DMA32    [mem 0x0000000001000000-0x00000000ffffffff]
Aug 25 17:17:35 agiraude kernel: [    0.008390]   Normal   [mem 0x0000000100000000-0x000000027fffffff]
Aug 25 17:17:35 agiraude kernel: [    0.008391] Movable zone start for each node
Aug 25 17:17:35 agiraude kernel: [    0.008392] Early memory node ranges
Aug 25 17:17:35 agiraude kernel: [    0.008392]   node   0: [mem 0x0000000000001000-0x000000000009efff]
Aug 25 17:17:35 agiraude kernel: [    0.008393]   node   0: [mem 0x0000000000100000-0x000000007ffdbfff]
Aug 25 17:17:35 agiraude kernel: [    0.008394]   node   0: [mem 0x0000000100000000-0x000000027fffffff]
Aug 25 17:17:35 agiraude kernel: [    0.008396] Initmem setup node 0 [mem 0x0000000000001000-0x000000027fffffff]
Aug 25 17:17:35 agiraude kernel: [    0.008510] On node 0, zone DMA: 1 pages in unavailable ranges
Aug 25 17:17:35 agiraude kernel: [    0.008524] On node 0, zone DMA: 97 pages in unavailable ranges
Aug 25 17:17:35 agiraude kernel: [    0.023686] On node 0, zone Normal: 36 pages in unavailable ranges
Aug 25 17:17:35 agiraude kernel: [    0.024982] ACPI: PM-Timer IO Port: 0x608
Aug 25 17:17:35 agiraude kernel: [    0.024995] ACPI: LAPIC_NMI (acpi_id[0xff] dfl dfl lint[0x1])
Aug 25 17:17:35 agiraude kernel: [    0.025033] IOAPIC[0]: apic_id 0, version 17, address 0xfec00000, GSI 0-23
Aug 25 17:17:35 agiraude kernel: [    0.025036] ACPI: INT_SRC_OVR (bus 0 bus_irq 0 global_irq 2 dfl dfl)
Aug 25 17:17:35 agiraude kernel: [    0.025037] ACPI: INT_SRC_OVR (bus 0 bus_irq 5 global_irq 5 high level)
Aug 25 17:17:35 agiraude kernel: [    0.025038] ACPI: INT_SRC_OVR (bus 0 bus_irq 9 global_irq 9 high level)
Aug 25 17:17:35 agiraude kernel: [    0.025039] ACPI: INT_SRC_OVR (bus 0 bus_irq 10 global_irq 10 high level)
Aug 25 17:17:35 agiraude kernel: [    0.025040] ACPI: INT_SRC_OVR (bus 0 bus_irq 11 global_irq 11 high level)
Aug 25 17:17:35 agiraude kernel: [    0.025044] ACPI: Using ACPI (MADT) for SMP configuration information
Aug 25 17:17:35 agiraude kernel: [    0.025046] TSC deadline timer available
Aug 25 17:17:35 agiraude kernel: [    0.025051] smpboot: Allowing 4 CPUs, 0 hotplug CPUs
Aug 25 17:17:35 agiraude kernel: [    0.025067] kvm-guest: KVM setup pv remote TLB flush
Aug 25 17:17:35 agiraude kernel: [    0.025069] kvm-guest: setup PV sched yield
Aug 25 17:17:35 agiraude kernel: [    0.025083] PM: hibernation: Registered nosave memory: [mem 0x00000000-0x00000fff]
Aug 25 17:17:35 agiraude kernel: [    0.025085] PM: hibernation: Registered nosave memory: [mem 0x0009f000-0x0009ffff]
Aug 25 17:17:35 agiraude kernel: [    0.025085] PM: hibernation: Registered nosave memory: [mem 0x000a0000-0x000effff]
Aug 25 17:17:35 agiraude kernel: [    0.025086] PM: hibernation: Registered nosave memory: [mem 0x000f0000-0x000fffff]
Aug 25 17:17:35 agiraude kernel: [    0.025087] PM: hibernation: Registered nosave memory: [mem 0x7ffdc000-0x7fffffff]
Aug 25 17:17:35 agiraude kernel: [    0.025088] PM: hibernation: Registered nosave memory: [mem 0x80000000-0xafffffff]
Aug 25 17:17:35 agiraude kernel: [    0.025088] PM: hibernation: Registered nosave memory: [mem 0xb0000000-0xbfffffff]
Aug 25 17:17:35 agiraude kernel: [    0.025089] PM: hibernation: Registered nosave memory: [mem 0xc0000000-0xfed1bfff]
Aug 25 17:17:35 agiraude kernel: [    0.025089] PM: hibernation: Registered nosave memory: [mem 0xfed1c000-0xfed1ffff]
Aug 25 17:17:35 agiraude kernel: [    0.025090] PM: hibernation: Registered nosave memory: [mem 0xfed20000-0xfeffbfff]
Aug 25 17:17:35 agiraude kernel: [    0.025090] PM: hibernation: Registered nosave memory: [mem 0xfeffc000-0xfeffffff]
Aug 25 17:17:35 agiraude kernel: [    0.025091] PM: hibernation: Registered nosave memory: [mem 0xff000000-0xfffbffff]
Aug 25 17:17:35 agiraude kernel: [    0.025092] PM: hibernation: Registered nosave memory: [mem 0xfffc0000-0xffffffff]
Aug 25 17:17:35 agiraude kernel: [    0.025093] [mem 0xc0000000-0xfed1bfff] available for PCI devices
Aug 25 17:17:35 agiraude kernel: [    0.025094] Booting paravirtualized kernel on KVM
Aug 25 17:17:35 agiraude kernel: [    0.025096] clocksource: refined-jiffies: mask: 0xffffffff max_cycles: 0xffffffff, max_idle_ns: 1910969940391419 ns
Aug 25 17:17:35 agiraude kernel: [    0.030477] setup_percpu: NR_CPUS:64 nr_cpumask_bits:4 nr_cpu_ids:4 nr_node_ids:1
Aug 25 17:17:35 agiraude kernel: [    0.030752] percpu: Embedded 53 pages/cpu s178344 r8192 d30552 u524288
Aug 25 17:17:35 agiraude kernel: [    0.030756] pcpu-alloc: s178344 r8192 d30552 u524288 alloc=1*2097152
Aug 25 17:17:35 agiraude kernel: [    0.030757] pcpu-alloc: [0] 0 1 2 3 
Aug 25 17:17:35 agiraude kernel: [    0.030781] Kernel command line: BOOT_IMAGE=/vmlinuz-6.5-rc7-thor root=/dev/vda3 ro
Aug 25 17:17:35 agiraude kernel: [    0.030802] Unknown kernel command line parameters "BOOT_IMAGE=/vmlinuz-6.5-rc7-thor", will be passed to user space.
Aug 25 17:17:35 agiraude kernel: [    0.030826] random: crng init done
Aug 25 17:17:35 agiraude kernel: [    0.031683] Dentry cache hash table entries: 1048576 (order: 11, 8388608 bytes, linear)
Aug 25 17:17:35 agiraude kernel: [    0.032120] Inode-cache hash table entries: 524288 (order: 10, 4194304 bytes, linear)
Aug 25 17:17:35 agiraude kernel: [    0.032201] Fallback order for Node 0: 0 
Aug 25 17:17:35 agiraude kernel: [    0.032205] Built 1 zonelists, mobility grouping on.  Total pages: 2064092
Aug 25 17:17:35 agiraude kernel: [    0.032206] Policy zone: Normal
Aug 25 17:17:35 agiraude kernel: [    0.032208] mem auto-init: stack:all(zero), heap alloc:off, heap free:off
Aug 25 17:17:35 agiraude kernel: [    0.032212] software IO TLB: area num 4.
Aug 25 17:17:35 agiraude kernel: [    0.066822] Memory: 8137596K/8388072K available (18432K kernel code, 2725K rwdata, 6612K rodata, 2608K init, 1464K bss, 250216K reserved, 0K cma-reserved)
Aug 25 17:17:35 agiraude kernel: [    0.066856] SLUB: HWalign=64, Order=0-3, MinObjects=0, CPUs=4, Nodes=1
Aug 25 17:17:35 agiraude kernel: [    0.066864] Kernel/User page tables isolation: enabled
Aug 25 17:17:35 agiraude kernel: [    0.067980] Dynamic Preempt: voluntary
Aug 25 17:17:35 agiraude kernel: [    0.068122] rcu: Preemptible hierarchical RCU implementation.
Aug 25 17:17:35 agiraude kernel: [    0.068123] rcu: ^IRCU event tracing is enabled.
Aug 25 17:17:35 agiraude kernel: [    0.068123] rcu: ^IRCU restricting CPUs from NR_CPUS=64 to nr_cpu_ids=4.
Aug 25 17:17:35 agiraude kernel: [    0.068124] ^ITrampoline variant of Tasks RCU enabled.
Aug 25 17:17:35 agiraude kernel: [    0.068125] rcu: RCU calculated value of scheduler-enlistment delay is 100 jiffies.
Aug 25 17:17:35 agiraude kernel: [    0.068126] rcu: Adjusting geometry for rcu_fanout_leaf=16, nr_cpu_ids=4
Aug 25 17:17:35 agiraude kernel: [    0.069457] NR_IRQS: 4352, nr_irqs: 456, preallocated irqs: 16
Aug 25 17:17:35 agiraude kernel: [    0.069644] rcu: srcu_init: Setting srcu_struct sizes based on contention.
Aug 25 17:17:35 agiraude kernel: [    0.077225] Console: colour VGA+ 80x25
Aug 25 17:17:35 agiraude kernel: [    0.077229] printk: console [tty0] enabled
Aug 25 17:17:35 agiraude kernel: [    0.112153] ACPI: Core revision 20230331
Aug 25 17:17:35 agiraude kernel: [    0.112428] APIC: Switch to symmetric I/O mode setup
Aug 25 17:17:35 agiraude kernel: [    0.112884] x2apic enabled
Aug 25 17:17:35 agiraude kernel: [    0.113307] Switched APIC routing to physical x2apic.
Aug 25 17:17:35 agiraude kernel: [    0.113553] kvm-guest: setup PV IPIs
Aug 25 17:17:35 agiraude kernel: [    0.114634] clocksource: tsc-early: mask: 0xffffffffffffffff max_cycles: 0x21139776891, max_idle_ns: 440795250948 ns
Aug 25 17:17:35 agiraude kernel: [    0.115070] Calibrating delay loop (skipped) preset value.. 4589.36 BogoMIPS (lpj=2294684)
Aug 25 17:17:35 agiraude kernel: [    0.115523] x86/cpu: User Mode Instruction Prevention (UMIP) activated
Aug 25 17:17:35 agiraude kernel: [    0.115841] Last level iTLB entries: 4KB 0, 2MB 0, 4MB 0
Aug 25 17:17:35 agiraude kernel: [    0.116066] Last level dTLB entries: 4KB 0, 2MB 0, 4MB 0, 1GB 0
Aug 25 17:17:35 agiraude kernel: [    0.116066] Spectre V1 : Mitigation: usercopy/swapgs barriers and __user pointer sanitization
Aug 25 17:17:35 agiraude kernel: [    0.116066] Spectre V2 : Mitigation: Retpolines
Aug 25 17:17:35 agiraude kernel: [    0.116066] Spectre V2 : Spectre v2 / SpectreRSB mitigation: Filling RSB on context switch
Aug 25 17:17:35 agiraude kernel: [    0.116066] Spectre V2 : Spectre v2 / SpectreRSB : Filling RSB on VMEXIT
Aug 25 17:17:35 agiraude kernel: [    0.116066] Spectre V2 : Enabling Restricted Speculation for firmware calls
Aug 25 17:17:35 agiraude kernel: [    0.116066] Spectre V2 : mitigation: Enabling conditional Indirect Branch Prediction Barrier
Aug 25 17:17:35 agiraude kernel: [    0.116066] Speculative Store Bypass: Mitigation: Speculative Store Bypass disabled via prctl
Aug 25 17:17:35 agiraude kernel: [    0.116066] MDS: Mitigation: Clear CPU buffers
Aug 25 17:17:35 agiraude kernel: [    0.116066] MMIO Stale Data: Unknown: No mitigations
Aug 25 17:17:35 agiraude kernel: [    0.116066] SRBDS: Unknown: Dependent on hypervisor status
Aug 25 17:17:35 agiraude kernel: [    0.116066] x86/fpu: Supporting XSAVE feature 0x001: 'x87 floating point registers'
Aug 25 17:17:35 agiraude kernel: [    0.116066] x86/fpu: Supporting XSAVE feature 0x002: 'SSE registers'
Aug 25 17:17:35 agiraude kernel: [    0.116066] x86/fpu: Supporting XSAVE feature 0x004: 'AVX registers'
Aug 25 17:17:35 agiraude kernel: [    0.116066] x86/fpu: xstate_offset[2]:  576, xstate_sizes[2]:  256
Aug 25 17:17:35 agiraude kernel: [    0.116066] x86/fpu: Enabled xstate features 0x7, context size is 832 bytes, using 'standard' format.
Aug 25 17:17:35 agiraude kernel: [    0.116066] Freeing SMP alternatives memory: 48K
Aug 25 17:17:35 agiraude kernel: [    0.116066] pid_max: default: 32768 minimum: 301
Aug 25 17:17:35 agiraude kernel: [    0.116066] LSM: initializing lsm=capability,selinux,integrity
Aug 25 17:17:35 agiraude kernel: [    0.116066] SELinux:  Initializing.
Aug 25 17:17:35 agiraude kernel: [    0.116066] Mount-cache hash table entries: 16384 (order: 5, 131072 bytes, linear)
Aug 25 17:17:35 agiraude kernel: [    0.116066] Mountpoint-cache hash table entries: 16384 (order: 5, 131072 bytes, linear)
Aug 25 17:17:35 agiraude kernel: [    0.116066] smpboot: CPU0: Intel(R) Core(TM) i7-4712MQ CPU @ 2.30GHz (family: 0x6, model: 0x3c, stepping: 0x3)
Aug 25 17:17:35 agiraude kernel: [    0.116066] RCU Tasks: Setting shift to 2 and lim to 1 rcu_task_cb_adjust=1.
Aug 25 17:17:35 agiraude kernel: [    0.116097] Performance Events: Haswell events, full-width counters, Intel PMU driver.
Aug 25 17:17:35 agiraude kernel: [    0.117072] ... version:                2
Aug 25 17:17:35 agiraude kernel: [    0.117286] ... bit width:              48
Aug 25 17:17:35 agiraude kernel: [    0.117495] ... generic registers:      4
Aug 25 17:17:35 agiraude kernel: [    0.117709] ... value mask:             0000ffffffffffff
Aug 25 17:17:35 agiraude kernel: [    0.117951] ... max period:             00007fffffffffff
Aug 25 17:17:35 agiraude kernel: [    0.118068] ... fixed-purpose events:   3
Aug 25 17:17:35 agiraude kernel: [    0.118276] ... event mask:             000000070000000f
Aug 25 17:17:35 agiraude kernel: [    0.118674] signal: max sigframe size: 1776
Aug 25 17:17:35 agiraude kernel: [    0.118920] rcu: Hierarchical SRCU implementation.
Aug 25 17:17:35 agiraude kernel: [    0.119068] rcu: ^IMax phase no-delay instances is 400.
Aug 25 17:17:35 agiraude kernel: [    0.119484] smp: Bringing up secondary CPUs ...
Aug 25 17:17:35 agiraude kernel: [    0.119779] smpboot: x86: Booting SMP configuration:
Aug 25 17:17:35 agiraude kernel: [    0.120014] .... node  #0, CPUs:      #1 #2 #3
Aug 25 17:17:35 agiraude kernel: [    0.046415] smpboot: CPU 1 Converting physical 0 to logical die 1
Aug 25 17:17:35 agiraude kernel: [    0.046415] smpboot: CPU 2 Converting physical 0 to logical die 2
Aug 25 17:17:35 agiraude kernel: [    0.046415] smpboot: CPU 3 Converting physical 0 to logical die 3
Aug 25 17:17:35 agiraude kernel: [    0.123148] smp: Brought up 1 node, 4 CPUs
Aug 25 17:17:35 agiraude kernel: [    0.124569] smpboot: Max logical packages: 4
Aug 25 17:17:35 agiraude kernel: [    0.124804] smpboot: Total of 4 processors activated (18357.47 BogoMIPS)
Aug 25 17:17:35 agiraude kernel: [    0.125548] devtmpfs: initialized
Aug 25 17:17:35 agiraude kernel: [    0.126115] clocksource: jiffies: mask: 0xffffffff max_cycles: 0xffffffff, max_idle_ns: 1911260446275000 ns
Aug 25 17:17:35 agiraude kernel: [    0.126534] futex hash table entries: 1024 (order: 4, 65536 bytes, linear)
Aug 25 17:17:35 agiraude kernel: [    0.127023] PM: RTC time: 15:17:31, date: 2023-08-25
Aug 25 17:17:35 agiraude kernel: [    0.127205] NET: Registered PF_NETLINK/PF_ROUTE protocol family
Aug 25 17:17:35 agiraude kernel: [    0.127555] audit: initializing netlink subsys (disabled)
Aug 25 17:17:35 agiraude kernel: [    0.127836] audit: type=2000 audit(1692976652.189:1): state=initialized audit_enabled=0 res=1
Aug 25 17:17:35 agiraude kernel: [    0.127836] thermal_sys: Registered thermal governor 'step_wise'
Aug 25 17:17:35 agiraude kernel: [    0.128069] thermal_sys: Registered thermal governor 'user_space'
Aug 25 17:17:35 agiraude kernel: [    0.128358] cpuidle: using governor menu
Aug 25 17:17:35 agiraude kernel: [    0.129091] PCI: MMCONFIG for domain 0000 [bus 00-ff] at [mem 0xb0000000-0xbfffffff] (base 0xb0000000)
Aug 25 17:17:35 agiraude kernel: [    0.129507] PCI: MMCONFIG at [mem 0xb0000000-0xbfffffff] reserved as E820 entry
Aug 25 17:17:35 agiraude kernel: [    0.129897] PCI: Using configuration type 1 for base access
Aug 25 17:17:35 agiraude kernel: [    0.130090] core: PMU erratum BJ122, BV98, HSD29 workaround disabled, HT off
Aug 25 17:17:35 agiraude kernel: [    0.130509] kprobes: kprobe jump-optimization is enabled. All kprobes are optimized if possible.
Aug 25 17:17:35 agiraude kernel: [    0.135081] HugeTLB: registered 2.00 MiB page size, pre-allocated 0 pages
Aug 25 17:17:35 agiraude kernel: [    0.135437] HugeTLB: 28 KiB vmemmap can be freed for a 2.00 MiB page
Aug 25 17:17:35 agiraude kernel: [    0.135911] ACPI: Added _OSI(Module Device)
Aug 25 17:17:35 agiraude kernel: [    0.135911] ACPI: Added _OSI(Processor Device)
Aug 25 17:17:35 agiraude kernel: [    0.135911] ACPI: Added _OSI(3.0 _SCP Extensions)
Aug 25 17:17:35 agiraude kernel: [    0.135911] ACPI: Added _OSI(Processor Aggregator Device)
Aug 25 17:17:35 agiraude kernel: [    0.136919] ACPI: 1 ACPI AML tables successfully acquired and loaded
Aug 25 17:17:35 agiraude kernel: [    0.228848] ACPI: Interpreter enabled
Aug 25 17:17:35 agiraude kernel: [    0.228848] ACPI: PM: (supports S0 S5)
Aug 25 17:17:35 agiraude kernel: [    0.228848] ACPI: Using IOAPIC for interrupt routing
Aug 25 17:17:35 agiraude kernel: [    0.230108] PCI: Using host bridge windows from ACPI; if necessary, use "pci=nocrs" and report a bug
Aug 25 17:17:35 agiraude kernel: [    0.230619] PCI: Using E820 reservations for host bridge windows
Aug 25 17:17:35 agiraude kernel: [    0.230991] ACPI: Enabled 2 GPEs in block 00 to 3F
Aug 25 17:17:35 agiraude kernel: [    0.232920] ACPI: PCI Root Bridge [PCI0] (domain 0000 [bus 00-ff])
Aug 25 17:17:35 agiraude kernel: [    0.233072] acpi PNP0A08:00: _OSC: OS supports [ExtendedConfig ASPM ClockPM Segments MSI HPX-Type3]
Aug 25 17:17:35 agiraude kernel: [    0.233529] acpi PNP0A08:00: _OSC: platform does not support [LTR]
Aug 25 17:17:35 agiraude kernel: [    0.233870] acpi PNP0A08:00: _OSC: OS now controls [PME PCIeCapability]
Aug 25 17:17:35 agiraude kernel: [    0.234141] PCI host bridge to bus 0000:00
Aug 25 17:17:35 agiraude kernel: [    0.234382] pci_bus 0000:00: root bus resource [io  0x0000-0x0cf7 window]
Aug 25 17:17:35 agiraude kernel: [    0.234715] pci_bus 0000:00: root bus resource [io  0x0d00-0xffff window]
Aug 25 17:17:35 agiraude kernel: [    0.235022] pci_bus 0000:00: root bus resource [mem 0x000a0000-0x000bffff window]
Aug 25 17:17:35 agiraude kernel: [    0.235069] pci_bus 0000:00: root bus resource [mem 0x80000000-0xafffffff window]
Aug 25 17:17:35 agiraude kernel: [    0.235469] pci_bus 0000:00: root bus resource [mem 0xc0000000-0xfebfffff window]
Aug 25 17:17:35 agiraude kernel: [    0.235841] pci_bus 0000:00: root bus resource [mem 0x280000000-0xa7fffffff window]
Aug 25 17:17:35 agiraude kernel: [    0.236068] pci_bus 0000:00: root bus resource [bus 00-ff]
Aug 25 17:17:35 agiraude kernel: [    0.236387] pci 0000:00:00.0: [8086:29c0] type 00 class 0x060000
Aug 25 17:17:35 agiraude kernel: [    0.237186] pci 0000:00:01.0: [1af4:1050] type 00 class 0x030000
Aug 25 17:17:35 agiraude kernel: [    0.243085] pci 0000:00:01.0: reg 0x10: [mem 0xfa800000-0xfaffffff pref]
Aug 25 17:17:35 agiraude kernel: [    0.252086] pci 0000:00:01.0: reg 0x18: [mem 0xfcc00000-0xfcc03fff 64bit pref]
Aug 25 17:17:35 agiraude kernel: [    0.257092] pci 0000:00:01.0: reg 0x20: [mem 0xfea14000-0xfea14fff]
Aug 25 17:17:35 agiraude kernel: [    0.266089] pci 0000:00:01.0: reg 0x30: [mem 0xfea00000-0xfea0ffff pref]
Aug 25 17:17:35 agiraude kernel: [    0.266514] pci 0000:00:01.0: Video device with shadowed ROM at [mem 0x000c0000-0x000dffff]
Aug 25 17:17:35 agiraude kernel: [    0.267623] pci 0000:00:02.0: [1b36:000c] type 01 class 0x060400
Aug 25 17:17:35 agiraude kernel: [    0.270070] pci 0000:00:02.0: reg 0x10: [mem 0xfea15000-0xfea15fff]
Aug 25 17:17:35 agiraude kernel: [    0.276614] pci 0000:00:02.1: [1b36:000c] type 01 class 0x060400
Aug 25 17:17:35 agiraude kernel: [    0.279598] pci 0000:00:02.1: reg 0x10: [mem 0xfea16000-0xfea16fff]
Aug 25 17:17:35 agiraude kernel: [    0.283142] pci 0000:00:02.2: [1b36:000c] type 01 class 0x060400
Aug 25 17:17:35 agiraude kernel: [    0.290767] pci 0000:00:02.2: reg 0x10: [mem 0xfea17000-0xfea17fff]
Aug 25 17:17:35 agiraude kernel: [    0.295478] pci 0000:00:02.3: [1b36:000c] type 01 class 0x060400
Aug 25 17:17:35 agiraude kernel: [    0.297723] pci 0000:00:02.3: reg 0x10: [mem 0xfea18000-0xfea18fff]
Aug 25 17:17:35 agiraude kernel: [    0.304471] pci 0000:00:02.4: [1b36:000c] type 01 class 0x060400
Aug 25 17:17:35 agiraude kernel: [    0.306817] pci 0000:00:02.4: reg 0x10: [mem 0xfea19000-0xfea19fff]
Aug 25 17:17:35 agiraude kernel: [    0.314702] pci 0000:00:02.5: [1b36:000c] type 01 class 0x060400
Aug 25 17:17:35 agiraude kernel: [    0.317766] pci 0000:00:02.5: reg 0x10: [mem 0xfea1a000-0xfea1afff]
Aug 25 17:17:35 agiraude kernel: [    0.322473] pci 0000:00:02.6: [1b36:000c] type 01 class 0x060400
Aug 25 17:17:35 agiraude kernel: [    0.326746] pci 0000:00:02.6: reg 0x10: [mem 0xfea1b000-0xfea1bfff]
Aug 25 17:17:35 agiraude kernel: [    0.331104] pci 0000:00:02.7: [1b36:000c] type 01 class 0x060400
Aug 25 17:17:35 agiraude kernel: [    0.333070] pci 0000:00:02.7: reg 0x10: [mem 0xfea1c000-0xfea1cfff]
Aug 25 17:17:35 agiraude kernel: [    0.340062] pci 0000:00:03.0: [1b36:000c] type 01 class 0x060400
Aug 25 17:17:35 agiraude kernel: [    0.341649] pci 0000:00:03.0: reg 0x10: [mem 0xfea1d000-0xfea1dfff]
Aug 25 17:17:35 agiraude kernel: [    0.346858] pci 0000:00:03.1: [1b36:000c] type 01 class 0x060400
Aug 25 17:17:35 agiraude kernel: [    0.352672] pci 0000:00:03.1: reg 0x10: [mem 0xfea1e000-0xfea1efff]
Aug 25 17:17:35 agiraude kernel: [    0.356763] pci 0000:00:03.2: [1b36:000c] type 01 class 0x060400
Aug 25 17:17:35 agiraude kernel: [    0.359070] pci 0000:00:03.2: reg 0x10: [mem 0xfea1f000-0xfea1ffff]
Aug 25 17:17:35 agiraude kernel: [    0.368090] pci 0000:00:03.3: [1b36:000c] type 01 class 0x060400
Aug 25 17:17:35 agiraude kernel: [    0.370070] pci 0000:00:03.3: reg 0x10: [mem 0xfea20000-0xfea20fff]
Aug 25 17:17:35 agiraude kernel: [    0.374341] pci 0000:00:03.4: [1b36:000c] type 01 class 0x060400
Aug 25 17:17:35 agiraude kernel: [    0.379072] pci 0000:00:03.4: reg 0x10: [mem 0xfea21000-0xfea21fff]
Aug 25 17:17:35 agiraude kernel: [    0.383117] pci 0000:00:03.5: [1b36:000c] type 01 class 0x060400
Aug 25 17:17:35 agiraude kernel: [    0.386070] pci 0000:00:03.5: reg 0x10: [mem 0xfea22000-0xfea22fff]
Aug 25 17:17:35 agiraude kernel: [    0.393330] pci 0000:00:1b.0: [8086:293e] type 00 class 0x040300
Aug 25 17:17:35 agiraude kernel: [    0.394385] pci 0000:00:1b.0: reg 0x10: [mem 0xfea10000-0xfea13fff]
Aug 25 17:17:35 agiraude kernel: [    0.399006] pci 0000:00:1f.0: [8086:2918] type 00 class 0x060100
Aug 25 17:17:35 agiraude kernel: [    0.399480] pci 0000:00:1f.0: quirk: [io  0x0600-0x067f] claimed by ICH6 ACPI/GPIO/TCO
Aug 25 17:17:35 agiraude kernel: [    0.400187] pci 0000:00:1f.2: [8086:2922] type 00 class 0x010601
Aug 25 17:17:35 agiraude kernel: [    0.408071] pci 0000:00:1f.2: reg 0x20: [io  0xc040-0xc05f]
Aug 25 17:17:35 agiraude kernel: [    0.410070] pci 0000:00:1f.2: reg 0x24: [mem 0xfea23000-0xfea23fff]
Aug 25 17:17:35 agiraude kernel: [    0.411426] pci 0000:00:1f.3: [8086:2930] type 00 class 0x0c0500
Aug 25 17:17:35 agiraude kernel: [    0.419363] pci 0000:00:1f.3: reg 0x20: [io  0x0700-0x073f]
Aug 25 17:17:35 agiraude kernel: [    0.421380] pci 0000:01:00.0: [1af4:1041] type 00 class 0x020000
Aug 25 17:17:35 agiraude kernel: [    0.423622] pci 0000:01:00.0: reg 0x14: [mem 0xfe840000-0xfe840fff]
Aug 25 17:17:35 agiraude kernel: [    0.430867] pci 0000:01:00.0: reg 0x20: [mem 0xfca00000-0xfca03fff 64bit pref]
Aug 25 17:17:35 agiraude kernel: [    0.433070] pci 0000:01:00.0: reg 0x30: [mem 0xfe800000-0xfe83ffff pref]
Aug 25 17:17:35 agiraude kernel: [    0.434642] pci 0000:00:02.0: PCI bridge to [bus 01]
Aug 25 17:17:35 agiraude kernel: [    0.434949] pci 0000:00:02.0:   bridge window [mem 0xfe800000-0xfe9fffff]
Aug 25 17:17:35 agiraude kernel: [    0.435096] pci 0000:00:02.0:   bridge window [mem 0xfca00000-0xfcbfffff 64bit pref]
Aug 25 17:17:35 agiraude kernel: [    0.437344] pci 0000:02:00.0: [1b36:000d] type 00 class 0x0c0330
Aug 25 17:17:35 agiraude kernel: [    0.438374] pci 0000:02:00.0: reg 0x10: [mem 0xfe600000-0xfe603fff 64bit]
Aug 25 17:17:35 agiraude kernel: [    0.444096] pci 0000:00:02.1: PCI bridge to [bus 02]
Aug 25 17:17:35 agiraude kernel: [    0.444415] pci 0000:00:02.1:   bridge window [mem 0xfe600000-0xfe7fffff]
Aug 25 17:17:35 agiraude kernel: [    0.444764] pci 0000:00:02.1:   bridge window [mem 0xfc800000-0xfc9fffff 64bit pref]
Aug 25 17:17:35 agiraude kernel: [    0.446136] pci 0000:03:00.0: [1af4:1048] type 00 class 0x010000
Aug 25 17:17:35 agiraude kernel: [    0.448662] pci 0000:03:00.0: reg 0x14: [mem 0xfe400000-0xfe400fff]
Aug 25 17:17:35 agiraude kernel: [    0.453749] pci 0000:03:00.0: reg 0x20: [mem 0xfc600000-0xfc603fff 64bit pref]
Aug 25 17:17:35 agiraude kernel: [    0.456355] pci 0000:00:02.2: PCI bridge to [bus 03]
Aug 25 17:17:35 agiraude kernel: [    0.456634] pci 0000:00:02.2:   bridge window [mem 0xfe400000-0xfe5fffff]
Aug 25 17:17:35 agiraude kernel: [    0.456951] pci 0000:00:02.2:   bridge window [mem 0xfc600000-0xfc7fffff 64bit pref]
Aug 25 17:17:35 agiraude kernel: [    0.459035] pci 0000:04:00.0: [1af4:1043] type 00 class 0x078000
Aug 25 17:17:35 agiraude kernel: [    0.462072] pci 0000:04:00.0: reg 0x14: [mem 0xfe200000-0xfe200fff]
Aug 25 17:17:35 agiraude kernel: [    0.468737] pci 0000:04:00.0: reg 0x20: [mem 0xfc400000-0xfc403fff 64bit pref]
Aug 25 17:17:35 agiraude kernel: [    0.472415] pci 0000:00:02.3: PCI bridge to [bus 04]
Aug 25 17:17:35 agiraude kernel: [    0.472733] pci 0000:00:02.3:   bridge window [mem 0xfe200000-0xfe3fffff]
Aug 25 17:17:35 agiraude kernel: [    0.473098] pci 0000:00:02.3:   bridge window [mem 0xfc400000-0xfc5fffff 64bit pref]
Aug 25 17:17:35 agiraude kernel: [    0.474364] pci 0000:05:00.0: [1af4:1042] type 00 class 0x010000
Aug 25 17:17:35 agiraude kernel: [    0.480072] pci 0000:05:00.0: reg 0x14: [mem 0xfe000000-0xfe000fff]
Aug 25 17:17:35 agiraude kernel: [    0.484751] pci 0000:05:00.0: reg 0x20: [mem 0xfc200000-0xfc203fff 64bit pref]
Aug 25 17:17:35 agiraude kernel: [    0.487378] pci 0000:00:02.4: PCI bridge to [bus 05]
Aug 25 17:17:35 agiraude kernel: [    0.487678] pci 0000:00:02.4:   bridge window [mem 0xfe000000-0xfe1fffff]
Aug 25 17:17:35 agiraude kernel: [    0.490102] pci 0000:00:02.4:   bridge window [mem 0xfc200000-0xfc3fffff 64bit pref]
Aug 25 17:17:35 agiraude kernel: [    0.491252] pci 0000:00:02.5: PCI bridge to [bus 06]
Aug 25 17:17:35 agiraude kernel: [    0.491571] pci 0000:00:02.5:   bridge window [mem 0xfde00000-0xfdffffff]
Aug 25 17:17:35 agiraude kernel: [    0.491952] pci 0000:00:02.5:   bridge window [mem 0xfc000000-0xfc1fffff 64bit pref]
Aug 25 17:17:35 agiraude kernel: [    0.492944] pci 0000:00:02.6: PCI bridge to [bus 07]
Aug 25 17:17:35 agiraude kernel: [    0.493096] pci 0000:00:02.6:   bridge window [mem 0xfdc00000-0xfddfffff]
Aug 25 17:17:35 agiraude kernel: [    0.493449] pci 0000:00:02.6:   bridge window [mem 0xfbe00000-0xfbffffff 64bit pref]
Aug 25 17:17:35 agiraude kernel: [    0.494574] pci 0000:00:02.7: PCI bridge to [bus 08]
Aug 25 17:17:35 agiraude kernel: [    0.494851] pci 0000:00:02.7:   bridge window [mem 0xfda00000-0xfdbfffff]
Aug 25 17:17:35 agiraude kernel: [    0.496096] pci 0000:00:02.7:   bridge window [mem 0xfbc00000-0xfbdfffff 64bit pref]
Aug 25 17:17:35 agiraude kernel: [    0.497824] pci 0000:09:00.0: [1af4:1045] type 00 class 0x00ff00
Aug 25 17:17:35 agiraude kernel: [    0.503698] pci 0000:09:00.0: reg 0x20: [mem 0xfba00000-0xfba03fff 64bit pref]
Aug 25 17:17:35 agiraude kernel: [    0.505870] pci 0000:00:03.0: PCI bridge to [bus 09]
Aug 25 17:17:35 agiraude kernel: [    0.506097] pci 0000:00:03.0:   bridge window [mem 0xfd800000-0xfd9fffff]
Aug 25 17:17:35 agiraude kernel: [    0.506420] pci 0000:00:03.0:   bridge window [mem 0xfba00000-0xfbbfffff 64bit pref]
Aug 25 17:17:35 agiraude kernel: [    0.507700] pci 0000:0a:00.0: [1af4:1044] type 00 class 0x00ff00
Aug 25 17:17:35 agiraude kernel: [    0.510070] pci 0000:0a:00.0: reg 0x14: [mem 0xfd600000-0xfd600fff]
Aug 25 17:17:35 agiraude kernel: [    0.515642] pci 0000:0a:00.0: reg 0x20: [mem 0xfb800000-0xfb803fff 64bit pref]
Aug 25 17:17:35 agiraude kernel: [    0.522298] pci 0000:00:03.1: PCI bridge to [bus 0a]
Aug 25 17:17:35 agiraude kernel: [    0.522609] pci 0000:00:03.1:   bridge window [mem 0xfd600000-0xfd7fffff]
Aug 25 17:17:35 agiraude kernel: [    0.522960] pci 0000:00:03.1:   bridge window [mem 0xfb800000-0xfb9fffff 64bit pref]
Aug 25 17:17:35 agiraude kernel: [    0.526238] pci 0000:00:03.2: PCI bridge to [bus 0b]
Aug 25 17:17:35 agiraude kernel: [    0.526570] pci 0000:00:03.2:   bridge window [mem 0xfd400000-0xfd5fffff]
Aug 25 17:17:35 agiraude kernel: [    0.526940] pci 0000:00:03.2:   bridge window [mem 0xfb600000-0xfb7fffff 64bit pref]
Aug 25 17:17:35 agiraude kernel: [    0.528997] pci 0000:00:03.3: PCI bridge to [bus 0c]
Aug 25 17:17:35 agiraude kernel: [    0.529097] pci 0000:00:03.3:   bridge window [mem 0xfd200000-0xfd3fffff]
Aug 25 17:17:35 agiraude kernel: [    0.529450] pci 0000:00:03.3:   bridge window [mem 0xfb400000-0xfb5fffff 64bit pref]
Aug 25 17:17:35 agiraude kernel: [    0.530585] pci 0000:00:03.4: PCI bridge to [bus 0d]
Aug 25 17:17:35 agiraude kernel: [    0.530903] pci 0000:00:03.4:   bridge window [mem 0xfd000000-0xfd1fffff]
Aug 25 17:17:35 agiraude kernel: [    0.531096] pci 0000:00:03.4:   bridge window [mem 0xfb200000-0xfb3fffff 64bit pref]
Aug 25 17:17:35 agiraude kernel: [    0.532222] pci 0000:00:03.5: PCI bridge to [bus 0e]
Aug 25 17:17:35 agiraude kernel: [    0.532523] pci 0000:00:03.5:   bridge window [mem 0xfce00000-0xfcffffff]
Aug 25 17:17:35 agiraude kernel: [    0.532880] pci 0000:00:03.5:   bridge window [mem 0xfb000000-0xfb1fffff 64bit pref]
Aug 25 17:17:35 agiraude kernel: [    0.544708] ACPI: PCI: Interrupt link LNKA configured for IRQ 10
Aug 25 17:17:35 agiraude kernel: [    0.545083] ACPI: PCI: Interrupt link LNKB configured for IRQ 10
Aug 25 17:17:35 agiraude kernel: [    0.545468] ACPI: PCI: Interrupt link LNKC configured for IRQ 11
Aug 25 17:17:35 agiraude kernel: [    0.545806] ACPI: PCI: Interrupt link LNKD configured for IRQ 11
Aug 25 17:17:35 agiraude kernel: [    0.546128] ACPI: PCI: Interrupt link LNKE configured for IRQ 10
Aug 25 17:17:35 agiraude kernel: [    0.549177] ACPI: PCI: Interrupt link LNKF configured for IRQ 10
Aug 25 17:17:35 agiraude kernel: [    0.549628] ACPI: PCI: Interrupt link LNKG configured for IRQ 11
Aug 25 17:17:35 agiraude kernel: [    0.550097] ACPI: PCI: Interrupt link LNKH configured for IRQ 11
Aug 25 17:17:35 agiraude kernel: [    0.550419] ACPI: PCI: Interrupt link GSIA configured for IRQ 16
Aug 25 17:17:35 agiraude kernel: [    0.550700] ACPI: PCI: Interrupt link GSIB configured for IRQ 17
Aug 25 17:17:35 agiraude kernel: [    0.551030] ACPI: PCI: Interrupt link GSIC configured for IRQ 18
Aug 25 17:17:35 agiraude kernel: [    0.551075] ACPI: PCI: Interrupt link GSID configured for IRQ 19
Aug 25 17:17:35 agiraude kernel: [    0.551353] ACPI: PCI: Interrupt link GSIE configured for IRQ 20
Aug 25 17:17:35 agiraude kernel: [    0.551656] ACPI: PCI: Interrupt link GSIF configured for IRQ 21
Aug 25 17:17:35 agiraude kernel: [    0.551937] ACPI: PCI: Interrupt link GSIG configured for IRQ 22
Aug 25 17:17:35 agiraude kernel: [    0.552074] ACPI: PCI: Interrupt link GSIH configured for IRQ 23
Aug 25 17:17:35 agiraude kernel: [    0.552708] iommu: Default domain type: Translated
Aug 25 17:17:35 agiraude kernel: [    0.552961] iommu: DMA domain TLB invalidation policy: lazy mode
Aug 25 17:17:35 agiraude kernel: [    0.553180] SCSI subsystem initialized
Aug 25 17:17:35 agiraude kernel: [    0.554086] libata version 3.00 loaded.
Aug 25 17:17:35 agiraude kernel: [    0.554123] ACPI: bus type USB registered
Aug 25 17:17:35 agiraude kernel: [    0.554370] usbcore: registered new interface driver usbfs
Aug 25 17:17:35 agiraude kernel: [    0.554370] usbcore: registered new interface driver hub
Aug 25 17:17:35 agiraude kernel: [    0.554370] usbcore: registered new device driver usb
Aug 25 17:17:35 agiraude kernel: [    0.554633] pps_core: LinuxPPS API ver. 1 registered
Aug 25 17:17:35 agiraude kernel: [    0.554878] pps_core: Software ver. 5.3.6 - Copyright 2005-2007 Rodolfo Giometti <giometti@linux.it>
Aug 25 17:17:35 agiraude kernel: [    0.556079] PTP clock support registered
Aug 25 17:17:35 agiraude kernel: [    0.557132] Advanced Linux Sound Architecture Driver Initialized.
Aug 25 17:17:35 agiraude kernel: [    0.557379] NetLabel: Initializing
Aug 25 17:17:35 agiraude kernel: [    0.557640] NetLabel:  domain hash size = 128
Aug 25 17:17:35 agiraude kernel: [    0.557935] NetLabel:  protocols = UNLABELED CIPSOv4 CALIPSO
Aug 25 17:17:35 agiraude kernel: [    0.559102] NetLabel:  unlabeled traffic allowed by default
Aug 25 17:17:35 agiraude kernel: [    0.559423] PCI: Using ACPI for IRQ routing
Aug 25 17:17:35 agiraude kernel: [    0.614038] PCI: pci_cache_line_size set to 64 bytes
Aug 25 17:17:35 agiraude kernel: [    0.614429] e820: reserve RAM buffer [mem 0x0009fc00-0x0009ffff]
Aug 25 17:17:35 agiraude kernel: [    0.614434] e820: reserve RAM buffer [mem 0x7ffdc000-0x7fffffff]
Aug 25 17:17:35 agiraude kernel: [    0.615193] pci 0000:00:01.0: vgaarb: setting as boot VGA device
Aug 25 17:17:35 agiraude kernel: [    0.615490] pci 0000:00:01.0: vgaarb: bridge control possible
Aug 25 17:17:35 agiraude kernel: [    0.615761] pci 0000:00:01.0: vgaarb: VGA device added: decodes=io+mem,owns=io+mem,locks=none
Aug 25 17:17:35 agiraude kernel: [    0.616078] vgaarb: loaded
Aug 25 17:17:35 agiraude kernel: [    0.616453] clocksource: Switched to clocksource kvm-clock
Aug 25 17:17:35 agiraude kernel: [    0.617039] VFS: Disk quotas dquot_6.6.0
Aug 25 17:17:35 agiraude kernel: [    0.617039] VFS: Dquot-cache hash table entries: 512 (order 0, 4096 bytes)
Aug 25 17:17:35 agiraude kernel: [    0.617300] pnp: PnP ACPI init
Aug 25 17:17:35 agiraude kernel: [    0.617726] system 00:04: [mem 0xb0000000-0xbfffffff window] has been reserved
Aug 25 17:17:35 agiraude kernel: [    0.618242] pnp: PnP ACPI: found 5 devices
Aug 25 17:17:35 agiraude kernel: [    0.624990] clocksource: acpi_pm: mask: 0xffffff max_cycles: 0xffffff, max_idle_ns: 2085701024 ns
Aug 25 17:17:35 agiraude kernel: [    0.625451] NET: Registered PF_INET protocol family
Aug 25 17:17:35 agiraude kernel: [    0.625798] IP idents hash table entries: 131072 (order: 8, 1048576 bytes, linear)
Aug 25 17:17:35 agiraude kernel: [    0.627588] tcp_listen_portaddr_hash hash table entries: 4096 (order: 4, 65536 bytes, linear)
Aug 25 17:17:35 agiraude kernel: [    0.628147] Table-perturb hash table entries: 65536 (order: 6, 262144 bytes, linear)
Aug 25 17:17:35 agiraude kernel: [    0.628605] TCP established hash table entries: 65536 (order: 7, 524288 bytes, linear)
Aug 25 17:17:35 agiraude kernel: [    0.629059] TCP bind hash table entries: 65536 (order: 9, 2097152 bytes, linear)
Aug 25 17:17:35 agiraude kernel: [    0.629828] TCP: Hash tables configured (established 65536 bind 65536)
Aug 25 17:17:35 agiraude kernel: [    0.630151] UDP hash table entries: 4096 (order: 5, 131072 bytes, linear)
Aug 25 17:17:35 agiraude kernel: [    0.630466] UDP-Lite hash table entries: 4096 (order: 5, 131072 bytes, linear)
Aug 25 17:17:35 agiraude kernel: [    0.630885] NET: Registered PF_UNIX/PF_LOCAL protocol family
Aug 25 17:17:35 agiraude kernel: [    0.631463] RPC: Registered named UNIX socket transport module.
Aug 25 17:17:35 agiraude kernel: [    0.631750] RPC: Registered udp transport module.
Aug 25 17:17:35 agiraude kernel: [    0.631987] RPC: Registered tcp transport module.
Aug 25 17:17:35 agiraude kernel: [    0.632223] RPC: Registered tcp-with-tls transport module.
Aug 25 17:17:35 agiraude kernel: [    0.632487] RPC: Registered tcp NFSv4.1 backchannel transport module.
Aug 25 17:17:35 agiraude kernel: [    0.633150] pci 0000:00:02.0: bridge window [io  0x1000-0x0fff] to [bus 01] add_size 1000
Aug 25 17:17:35 agiraude kernel: [    0.633563] pci 0000:00:02.1: bridge window [io  0x1000-0x0fff] to [bus 02] add_size 1000
Aug 25 17:17:35 agiraude kernel: [    0.633946] pci 0000:00:02.2: bridge window [io  0x1000-0x0fff] to [bus 03] add_size 1000
Aug 25 17:17:35 agiraude kernel: [    0.634333] pci 0000:00:02.3: bridge window [io  0x1000-0x0fff] to [bus 04] add_size 1000
Aug 25 17:17:35 agiraude kernel: [    0.634722] pci 0000:00:02.4: bridge window [io  0x1000-0x0fff] to [bus 05] add_size 1000
Aug 25 17:17:35 agiraude kernel: [    0.635113] pci 0000:00:02.5: bridge window [io  0x1000-0x0fff] to [bus 06] add_size 1000
Aug 25 17:17:35 agiraude kernel: [    0.635496] pci 0000:00:02.6: bridge window [io  0x1000-0x0fff] to [bus 07] add_size 1000
Aug 25 17:17:35 agiraude kernel: [    0.635890] pci 0000:00:02.7: bridge window [io  0x1000-0x0fff] to [bus 08] add_size 1000
Aug 25 17:17:35 agiraude kernel: [    0.636271] pci 0000:00:03.0: bridge window [io  0x1000-0x0fff] to [bus 09] add_size 1000
Aug 25 17:17:35 agiraude kernel: [    0.636663] pci 0000:00:03.1: bridge window [io  0x1000-0x0fff] to [bus 0a] add_size 1000
Aug 25 17:17:35 agiraude kernel: [    0.637048] pci 0000:00:03.2: bridge window [io  0x1000-0x0fff] to [bus 0b] add_size 1000
Aug 25 17:17:35 agiraude kernel: [    0.637441] pci 0000:00:03.3: bridge window [io  0x1000-0x0fff] to [bus 0c] add_size 1000
Aug 25 17:17:35 agiraude kernel: [    0.637838] pci 0000:00:03.4: bridge window [io  0x1000-0x0fff] to [bus 0d] add_size 1000
Aug 25 17:17:35 agiraude kernel: [    0.638219] pci 0000:00:03.5: bridge window [io  0x1000-0x0fff] to [bus 0e] add_size 1000
Aug 25 17:17:35 agiraude kernel: [    0.638637] pci 0000:00:02.0: BAR 7: assigned [io  0x1000-0x1fff]
Aug 25 17:17:35 agiraude kernel: [    0.638923] pci 0000:00:02.1: BAR 7: assigned [io  0x2000-0x2fff]
Aug 25 17:17:35 agiraude kernel: [    0.639205] pci 0000:00:02.2: BAR 7: assigned [io  0x3000-0x3fff]
Aug 25 17:17:35 agiraude kernel: [    0.639493] pci 0000:00:02.3: BAR 7: assigned [io  0x4000-0x4fff]
Aug 25 17:17:35 agiraude kernel: [    0.639789] pci 0000:00:02.4: BAR 7: assigned [io  0x5000-0x5fff]
Aug 25 17:17:35 agiraude kernel: [    0.640059] pci 0000:00:02.5: BAR 7: assigned [io  0x6000-0x6fff]
Aug 25 17:17:35 agiraude kernel: [    0.640328] pci 0000:00:02.6: BAR 7: assigned [io  0x7000-0x7fff]
Aug 25 17:17:35 agiraude kernel: [    0.640627] pci 0000:00:02.7: BAR 7: assigned [io  0x8000-0x8fff]
Aug 25 17:17:35 agiraude kernel: [    0.640894] pci 0000:00:03.0: BAR 7: assigned [io  0x9000-0x9fff]
Aug 25 17:17:35 agiraude kernel: [    0.641159] pci 0000:00:03.1: BAR 7: assigned [io  0xa000-0xafff]
Aug 25 17:17:35 agiraude kernel: [    0.641429] pci 0000:00:03.2: BAR 7: assigned [io  0xb000-0xbfff]
Aug 25 17:17:35 agiraude kernel: [    0.641720] pci 0000:00:03.3: BAR 7: assigned [io  0xd000-0xdfff]
Aug 25 17:17:35 agiraude kernel: [    0.641989] pci 0000:00:03.4: BAR 7: assigned [io  0xe000-0xefff]
Aug 25 17:17:35 agiraude kernel: [    0.642259] pci 0000:00:03.5: BAR 7: assigned [io  0xf000-0xffff]
Aug 25 17:17:35 agiraude kernel: [    0.642552] pci 0000:00:02.0: PCI bridge to [bus 01]
Aug 25 17:17:35 agiraude kernel: [    0.642815] pci 0000:00:02.0:   bridge window [io  0x1000-0x1fff]
Aug 25 17:17:35 agiraude kernel: [    0.645093] pci 0000:00:02.0:   bridge window [mem 0xfe800000-0xfe9fffff]
Aug 25 17:17:35 agiraude kernel: [    0.647929] pci 0000:00:02.0:   bridge window [mem 0xfca00000-0xfcbfffff 64bit pref]
Aug 25 17:17:35 agiraude kernel: [    0.650818] pci 0000:00:02.1: PCI bridge to [bus 02]
Aug 25 17:17:35 agiraude kernel: [    0.651120] pci 0000:00:02.1:   bridge window [io  0x2000-0x2fff]
Aug 25 17:17:35 agiraude kernel: [    0.653268] pci 0000:00:02.1:   bridge window [mem 0xfe600000-0xfe7fffff]
Aug 25 17:17:35 agiraude kernel: [    0.654875] pci 0000:00:02.1:   bridge window [mem 0xfc800000-0xfc9fffff 64bit pref]
Aug 25 17:17:35 agiraude kernel: [    0.657373] pci 0000:00:02.2: PCI bridge to [bus 03]
Aug 25 17:17:35 agiraude kernel: [    0.657667] pci 0000:00:02.2:   bridge window [io  0x3000-0x3fff]
Aug 25 17:17:35 agiraude kernel: [    0.659159] pci 0000:00:02.2:   bridge window [mem 0xfe400000-0xfe5fffff]
Aug 25 17:17:35 agiraude kernel: [    0.660564] pci 0000:00:02.2:   bridge window [mem 0xfc600000-0xfc7fffff 64bit pref]
Aug 25 17:17:35 agiraude kernel: [    0.663075] pci 0000:00:02.3: PCI bridge to [bus 04]
Aug 25 17:17:35 agiraude kernel: [    0.663332] pci 0000:00:02.3:   bridge window [io  0x4000-0x4fff]
Aug 25 17:17:35 agiraude kernel: [    0.665316] pci 0000:00:02.3:   bridge window [mem 0xfe200000-0xfe3fffff]
Aug 25 17:17:35 agiraude kernel: [    0.666776] pci 0000:00:02.3:   bridge window [mem 0xfc400000-0xfc5fffff 64bit pref]
Aug 25 17:17:35 agiraude kernel: [    0.670225] pci 0000:00:02.4: PCI bridge to [bus 05]
Aug 25 17:17:35 agiraude kernel: [    0.670490] pci 0000:00:02.4:   bridge window [io  0x5000-0x5fff]
Aug 25 17:17:35 agiraude kernel: [    0.671911] pci 0000:00:02.4:   bridge window [mem 0xfe000000-0xfe1fffff]
Aug 25 17:17:35 agiraude kernel: [    0.673053] pci 0000:00:02.4:   bridge window [mem 0xfc200000-0xfc3fffff 64bit pref]
Aug 25 17:17:35 agiraude kernel: [    0.674996] pci 0000:00:02.5: PCI bridge to [bus 06]
Aug 25 17:17:35 agiraude kernel: [    0.675267] pci 0000:00:02.5:   bridge window [io  0x6000-0x6fff]
Aug 25 17:17:35 agiraude kernel: [    0.678326] pci 0000:00:02.5:   bridge window [mem 0xfde00000-0xfdffffff]
Aug 25 17:17:35 agiraude kernel: [    0.682240] pci 0000:00:02.5:   bridge window [mem 0xfc000000-0xfc1fffff 64bit pref]
Aug 25 17:17:35 agiraude kernel: [    0.684064] pci 0000:00:02.6: PCI bridge to [bus 07]
Aug 25 17:17:35 agiraude kernel: [    0.684364] pci 0000:00:02.6:   bridge window [io  0x7000-0x7fff]
Aug 25 17:17:35 agiraude kernel: [    0.685766] pci 0000:00:02.6:   bridge window [mem 0xfdc00000-0xfddfffff]
Aug 25 17:17:35 agiraude kernel: [    0.686753] pci 0000:00:02.6:   bridge window [mem 0xfbe00000-0xfbffffff 64bit pref]
Aug 25 17:17:35 agiraude kernel: [    0.688608] pci 0000:00:02.7: PCI bridge to [bus 08]
Aug 25 17:17:35 agiraude kernel: [    0.688876] pci 0000:00:02.7:   bridge window [io  0x8000-0x8fff]
Aug 25 17:17:35 agiraude kernel: [    0.690321] pci 0000:00:02.7:   bridge window [mem 0xfda00000-0xfdbfffff]
Aug 25 17:17:35 agiraude kernel: [    0.691853] pci 0000:00:02.7:   bridge window [mem 0xfbc00000-0xfbdfffff 64bit pref]
Aug 25 17:17:35 agiraude kernel: [    0.695812] pci 0000:00:03.0: PCI bridge to [bus 09]
Aug 25 17:17:35 agiraude kernel: [    0.696072] pci 0000:00:03.0:   bridge window [io  0x9000-0x9fff]
Aug 25 17:17:35 agiraude kernel: [    0.697278] pci 0000:00:03.0:   bridge window [mem 0xfd800000-0xfd9fffff]
Aug 25 17:17:35 agiraude kernel: [    0.698259] pci 0000:00:03.0:   bridge window [mem 0xfba00000-0xfbbfffff 64bit pref]
Aug 25 17:17:35 agiraude kernel: [    0.699952] pci 0000:00:03.1: PCI bridge to [bus 0a]
Aug 25 17:17:35 agiraude kernel: [    0.700209] pci 0000:00:03.1:   bridge window [io  0xa000-0xafff]
Aug 25 17:17:35 agiraude kernel: [    0.701489] pci 0000:00:03.1:   bridge window [mem 0xfd600000-0xfd7fffff]
Aug 25 17:17:35 agiraude kernel: [    0.702478] pci 0000:00:03.1:   bridge window [mem 0xfb800000-0xfb9fffff 64bit pref]
Aug 25 17:17:35 agiraude kernel: [    0.711472] pci 0000:00:03.2: PCI bridge to [bus 0b]
Aug 25 17:17:35 agiraude kernel: [    0.711769] pci 0000:00:03.2:   bridge window [io  0xb000-0xbfff]
Aug 25 17:17:35 agiraude kernel: [    0.713159] pci 0000:00:03.2:   bridge window [mem 0xfd400000-0xfd5fffff]
Aug 25 17:17:35 agiraude kernel: [    0.714212] pci 0000:00:03.2:   bridge window [mem 0xfb600000-0xfb7fffff 64bit pref]
Aug 25 17:17:35 agiraude kernel: [    0.716026] pci 0000:00:03.3: PCI bridge to [bus 0c]
Aug 25 17:17:35 agiraude kernel: [    0.717921] pci 0000:00:03.3:   bridge window [io  0xd000-0xdfff]
Aug 25 17:17:35 agiraude kernel: [    0.719186] pci 0000:00:03.3:   bridge window [mem 0xfd200000-0xfd3fffff]
Aug 25 17:17:35 agiraude kernel: [    0.720104] pci 0000:00:03.3:   bridge window [mem 0xfb400000-0xfb5fffff 64bit pref]
Aug 25 17:17:35 agiraude kernel: [    0.721779] pci 0000:00:03.4: PCI bridge to [bus 0d]
Aug 25 17:17:35 agiraude kernel: [    0.722081] pci 0000:00:03.4:   bridge window [io  0xe000-0xefff]
Aug 25 17:17:35 agiraude kernel: [    0.723401] pci 0000:00:03.4:   bridge window [mem 0xfd000000-0xfd1fffff]
Aug 25 17:17:35 agiraude kernel: [    0.724360] pci 0000:00:03.4:   bridge window [mem 0xfb200000-0xfb3fffff 64bit pref]
Aug 25 17:17:35 agiraude kernel: [    0.726101] pci 0000:00:03.5: PCI bridge to [bus 0e]
Aug 25 17:17:35 agiraude kernel: [    0.726360] pci 0000:00:03.5:   bridge window [io  0xf000-0xffff]
Aug 25 17:17:35 agiraude kernel: [    0.727696] pci 0000:00:03.5:   bridge window [mem 0xfce00000-0xfcffffff]
Aug 25 17:17:35 agiraude kernel: [    0.730703] pci 0000:00:03.5:   bridge window [mem 0xfb000000-0xfb1fffff 64bit pref]
Aug 25 17:17:35 agiraude kernel: [    0.732373] pci_bus 0000:00: resource 4 [io  0x0000-0x0cf7 window]
Aug 25 17:17:35 agiraude kernel: [    0.732687] pci_bus 0000:00: resource 5 [io  0x0d00-0xffff window]
Aug 25 17:17:35 agiraude kernel: [    0.732962] pci_bus 0000:00: resource 6 [mem 0x000a0000-0x000bffff window]
Aug 25 17:17:35 agiraude kernel: [    0.733251] pci_bus 0000:00: resource 7 [mem 0x80000000-0xafffffff window]
Aug 25 17:17:35 agiraude kernel: [    0.733587] pci_bus 0000:00: resource 8 [mem 0xc0000000-0xfebfffff window]
Aug 25 17:17:35 agiraude kernel: [    0.733874] pci_bus 0000:00: resource 9 [mem 0x280000000-0xa7fffffff window]
Aug 25 17:17:35 agiraude kernel: [    0.734163] pci_bus 0000:01: resource 0 [io  0x1000-0x1fff]
Aug 25 17:17:35 agiraude kernel: [    0.734422] pci_bus 0000:01: resource 1 [mem 0xfe800000-0xfe9fffff]
Aug 25 17:17:35 agiraude kernel: [    0.734718] pci_bus 0000:01: resource 2 [mem 0xfca00000-0xfcbfffff 64bit pref]
Aug 25 17:17:35 agiraude kernel: [    0.735093] pci_bus 0000:02: resource 0 [io  0x2000-0x2fff]
Aug 25 17:17:35 agiraude kernel: [    0.735361] pci_bus 0000:02: resource 1 [mem 0xfe600000-0xfe7fffff]
Aug 25 17:17:35 agiraude kernel: [    0.735657] pci_bus 0000:02: resource 2 [mem 0xfc800000-0xfc9fffff 64bit pref]
Aug 25 17:17:35 agiraude kernel: [    0.736019] pci_bus 0000:03: resource 0 [io  0x3000-0x3fff]
Aug 25 17:17:35 agiraude kernel: [    0.736271] pci_bus 0000:03: resource 1 [mem 0xfe400000-0xfe5fffff]
Aug 25 17:17:35 agiraude kernel: [    0.736582] pci_bus 0000:03: resource 2 [mem 0xfc600000-0xfc7fffff 64bit pref]
Aug 25 17:17:35 agiraude kernel: [    0.736967] pci_bus 0000:04: resource 0 [io  0x4000-0x4fff]
Aug 25 17:17:35 agiraude kernel: [    0.737222] pci_bus 0000:04: resource 1 [mem 0xfe200000-0xfe3fffff]
Aug 25 17:17:35 agiraude kernel: [    0.737532] pci_bus 0000:04: resource 2 [mem 0xfc400000-0xfc5fffff 64bit pref]
Aug 25 17:17:35 agiraude kernel: [    0.738662] pci_bus 0000:05: resource 0 [io  0x5000-0x5fff]
Aug 25 17:17:35 agiraude kernel: [    0.738959] pci_bus 0000:05: resource 1 [mem 0xfe000000-0xfe1fffff]
Aug 25 17:17:35 agiraude kernel: [    0.739361] pci_bus 0000:05: resource 2 [mem 0xfc200000-0xfc3fffff 64bit pref]
Aug 25 17:17:35 agiraude kernel: [    0.741894] pci_bus 0000:06: resource 0 [io  0x6000-0x6fff]
Aug 25 17:17:35 agiraude kernel: [    0.742183] pci_bus 0000:06: resource 1 [mem 0xfde00000-0xfdffffff]
Aug 25 17:17:35 agiraude kernel: [    0.742498] pci_bus 0000:06: resource 2 [mem 0xfc000000-0xfc1fffff 64bit pref]
Aug 25 17:17:35 agiraude kernel: [    0.742901] pci_bus 0000:07: resource 0 [io  0x7000-0x7fff]
Aug 25 17:17:35 agiraude kernel: [    0.743187] pci_bus 0000:07: resource 1 [mem 0xfdc00000-0xfddfffff]
Aug 25 17:17:35 agiraude kernel: [    0.743495] pci_bus 0000:07: resource 2 [mem 0xfbe00000-0xfbffffff 64bit pref]
Aug 25 17:17:35 agiraude kernel: [    0.743898] pci_bus 0000:08: resource 0 [io  0x8000-0x8fff]
Aug 25 17:17:35 agiraude kernel: [    0.744191] pci_bus 0000:08: resource 1 [mem 0xfda00000-0xfdbfffff]
Aug 25 17:17:35 agiraude kernel: [    0.744513] pci_bus 0000:08: resource 2 [mem 0xfbc00000-0xfbdfffff 64bit pref]
Aug 25 17:17:35 agiraude kernel: [    0.744900] pci_bus 0000:09: resource 0 [io  0x9000-0x9fff]
Aug 25 17:17:35 agiraude kernel: [    0.745177] pci_bus 0000:09: resource 1 [mem 0xfd800000-0xfd9fffff]
Aug 25 17:17:35 agiraude kernel: [    0.745479] pci_bus 0000:09: resource 2 [mem 0xfba00000-0xfbbfffff 64bit pref]
Aug 25 17:17:35 agiraude kernel: [    0.745878] pci_bus 0000:0a: resource 0 [io  0xa000-0xafff]
Aug 25 17:17:35 agiraude kernel: [    0.746168] pci_bus 0000:0a: resource 1 [mem 0xfd600000-0xfd7fffff]
Aug 25 17:17:35 agiraude kernel: [    0.746469] pci_bus 0000:0a: resource 2 [mem 0xfb800000-0xfb9fffff 64bit pref]
Aug 25 17:17:35 agiraude kernel: [    0.746864] pci_bus 0000:0b: resource 0 [io  0xb000-0xbfff]
Aug 25 17:17:35 agiraude kernel: [    0.747142] pci_bus 0000:0b: resource 1 [mem 0xfd400000-0xfd5fffff]
Aug 25 17:17:35 agiraude kernel: [    0.747443] pci_bus 0000:0b: resource 2 [mem 0xfb600000-0xfb7fffff 64bit pref]
Aug 25 17:17:35 agiraude kernel: [    0.747841] pci_bus 0000:0c: resource 0 [io  0xd000-0xdfff]
Aug 25 17:17:35 agiraude kernel: [    0.748111] pci_bus 0000:0c: resource 1 [mem 0xfd200000-0xfd3fffff]
Aug 25 17:17:35 agiraude kernel: [    0.748381] pci_bus 0000:0c: resource 2 [mem 0xfb400000-0xfb5fffff 64bit pref]
Aug 25 17:17:35 agiraude kernel: [    0.748755] pci_bus 0000:0d: resource 0 [io  0xe000-0xefff]
Aug 25 17:17:35 agiraude kernel: [    0.749013] pci_bus 0000:0d: resource 1 [mem 0xfd000000-0xfd1fffff]
Aug 25 17:17:35 agiraude kernel: [    0.749286] pci_bus 0000:0d: resource 2 [mem 0xfb200000-0xfb3fffff 64bit pref]
Aug 25 17:17:35 agiraude kernel: [    0.749660] pci_bus 0000:0e: resource 0 [io  0xf000-0xffff]
Aug 25 17:17:35 agiraude kernel: [    0.749917] pci_bus 0000:0e: resource 1 [mem 0xfce00000-0xfcffffff]
Aug 25 17:17:35 agiraude kernel: [    0.750191] pci_bus 0000:0e: resource 2 [mem 0xfb000000-0xfb1fffff 64bit pref]
Aug 25 17:17:35 agiraude kernel: [    0.750959] ACPI: \_SB_.GSIG: Enabled at IRQ 22
Aug 25 17:17:35 agiraude kernel: [    0.752842] PCI: CLS 0 bytes, default 64
Aug 25 17:17:35 agiraude kernel: [    0.753109] PCI-DMA: Using software bounce buffering for IO (SWIOTLB)
Aug 25 17:17:35 agiraude kernel: [    0.753400] software IO TLB: mapped [mem 0x000000007bfdc000-0x000000007ffdc000] (64MB)
Aug 25 17:17:35 agiraude kernel: [    0.753988] RAPL PMU: API unit is 2^-32 Joules, 0 fixed counters, 10737418240 ms ovfl timer
Aug 25 17:17:35 agiraude kernel: [    0.754435] clocksource: tsc: mask: 0xffffffffffffffff max_cycles: 0x21139776891, max_idle_ns: 440795250948 ns
Aug 25 17:17:35 agiraude kernel: [    0.756098] Initialise system trusted keyrings
Aug 25 17:17:35 agiraude kernel: [    0.756487] workingset: timestamp_bits=56 max_order=21 bucket_order=0
Aug 25 17:17:35 agiraude kernel: [    0.757003] NFS: Registering the id_resolver key type
Aug 25 17:17:35 agiraude kernel: [    0.757278] Key type id_resolver registered
Aug 25 17:17:35 agiraude kernel: [    0.757575] Key type id_legacy registered
Aug 25 17:17:35 agiraude kernel: [    0.757890] 9p: Installing v9fs 9p2000 file system support
Aug 25 17:17:35 agiraude kernel: [    0.766028] Key type asymmetric registered
Aug 25 17:17:35 agiraude kernel: [    0.766268] Asymmetric key parser 'x509' registered
Aug 25 17:17:35 agiraude kernel: [    0.766572] Block layer SCSI generic (bsg) driver version 0.4 loaded (major 251)
Aug 25 17:17:35 agiraude kernel: [    0.766955] io scheduler mq-deadline registered
Aug 25 17:17:35 agiraude kernel: [    0.767193] io scheduler kyber registered
Aug 25 17:17:35 agiraude kernel: [    0.770378] pcieport 0000:00:02.0: PME: Signaling with IRQ 24
Aug 25 17:17:35 agiraude kernel: [    0.771702] pcieport 0000:00:02.1: PME: Signaling with IRQ 25
Aug 25 17:17:35 agiraude kernel: [    0.773861] pcieport 0000:00:02.2: PME: Signaling with IRQ 26
Aug 25 17:17:35 agiraude kernel: [    0.775942] pcieport 0000:00:02.3: PME: Signaling with IRQ 27
Aug 25 17:17:35 agiraude kernel: [    0.778017] pcieport 0000:00:02.4: PME: Signaling with IRQ 28
Aug 25 17:17:35 agiraude kernel: [    0.779934] pcieport 0000:00:02.5: PME: Signaling with IRQ 29
Aug 25 17:17:35 agiraude kernel: [    0.781860] pcieport 0000:00:02.6: PME: Signaling with IRQ 30
Aug 25 17:17:35 agiraude kernel: [    0.785666] pcieport 0000:00:02.7: PME: Signaling with IRQ 31
Aug 25 17:17:35 agiraude kernel: [    0.786354] ACPI: \_SB_.GSIH: Enabled at IRQ 23
Aug 25 17:17:35 agiraude kernel: [    0.787842] pcieport 0000:00:03.0: PME: Signaling with IRQ 32
Aug 25 17:17:35 agiraude kernel: [    0.789902] pcieport 0000:00:03.1: PME: Signaling with IRQ 33
Aug 25 17:17:35 agiraude kernel: [    0.791896] pcieport 0000:00:03.2: PME: Signaling with IRQ 34
Aug 25 17:17:35 agiraude kernel: [    0.795833] pcieport 0000:00:03.3: PME: Signaling with IRQ 35
Aug 25 17:17:35 agiraude kernel: [    0.798980] pcieport 0000:00:03.4: PME: Signaling with IRQ 36
Aug 25 17:17:35 agiraude kernel: [    0.801206] pcieport 0000:00:03.5: PME: Signaling with IRQ 37
Aug 25 17:17:35 agiraude kernel: [    0.801940] input: Power Button as /devices/LNXSYSTM:00/LNXPWRBN:00/input/input0
Aug 25 17:17:35 agiraude kernel: [    0.802468] ACPI: button: Power Button [PWRF]
Aug 25 17:17:35 agiraude kernel: [    0.803212] ACPI: \_SB_.GSIF: Enabled at IRQ 21
Aug 25 17:17:35 agiraude kernel: [    0.813810] Serial: 8250/16550 driver, 4 ports, IRQ sharing enabled
Aug 25 17:17:35 agiraude kernel: [    0.814272] 00:00: ttyS0 at I/O 0x3f8 (irq = 4, base_baud = 115200) is a 16550A
Aug 25 17:17:35 agiraude kernel: [    0.829697] Non-volatile memory driver v1.3
Aug 25 17:17:35 agiraude kernel: [    0.830021] Linux agpgart interface v0.103
Aug 25 17:17:35 agiraude kernel: [    0.830434] ACPI: bus type drm_connector registered
Aug 25 17:17:35 agiraude kernel: [    0.830888] [drm] pci: virtio-vga detected at 0000:00:01.0
Aug 25 17:17:35 agiraude kernel: [    0.831197] virtio-pci 0000:00:01.0: vgaarb: deactivate vga console
Aug 25 17:17:35 agiraude kernel: [    0.833808] Console: switching to colour dummy device 80x25
Aug 25 17:17:35 agiraude kernel: [    0.833972] [drm] features: -virgl +edid -resource_blob -host_visible
Aug 25 17:17:35 agiraude kernel: [    0.833973] [drm] features: -context_init
Aug 25 17:17:35 agiraude kernel: [    0.834582] [drm] number of scanouts: 1
Aug 25 17:17:35 agiraude kernel: [    0.834590] [drm] number of cap sets: 0
Aug 25 17:17:35 agiraude kernel: [    0.834941] [drm] Initialized virtio_gpu 0.1.0 0 for 0000:00:01.0 on minor 0
Aug 25 17:17:35 agiraude kernel: [    0.837044] fbcon: virtio_gpudrmfb (fb0) is primary device
Aug 25 17:17:35 agiraude kernel: [    0.843897] Console: switching to colour frame buffer device 160x50
Aug 25 17:17:35 agiraude kernel: [    0.846849] virtio-pci 0000:00:01.0: [drm] fb0: virtio_gpudrmfb frame buffer device
Aug 25 17:17:35 agiraude kernel: [    0.848454] loop: module loaded
Aug 25 17:17:35 agiraude kernel: [    0.848744] virtio_blk virtio4: 4/0/0 default/read/poll queues
Aug 25 17:17:35 agiraude kernel: [    0.850211] virtio_blk virtio4: [vda] 115343360 512-byte logical blocks (59.1 GB/55.0 GiB)
Aug 25 17:17:35 agiraude kernel: [    0.851378]  vda: vda1 vda2 vda3
Aug 25 17:17:35 agiraude kernel: [    0.853067] scsi host0: Virtio SCSI HBA
Aug 25 17:17:35 agiraude kernel: [    0.868466] ahci 0000:00:1f.2: version 3.0
Aug 25 17:17:35 agiraude kernel: [    0.868706] ACPI: \_SB_.GSIA: Enabled at IRQ 16
Aug 25 17:17:35 agiraude kernel: [    0.869614] ahci 0000:00:1f.2: AHCI 0001.0000 32 slots 6 ports 1.5 Gbps 0x3f impl SATA mode
Aug 25 17:17:35 agiraude kernel: [    0.869635] ahci 0000:00:1f.2: flags: 64bit ncq only 
Aug 25 17:17:35 agiraude kernel: [    0.870978] scsi host1: ahci
Aug 25 17:17:35 agiraude kernel: [    0.871333] scsi host2: ahci
Aug 25 17:17:35 agiraude kernel: [    0.871753] scsi host3: ahci
Aug 25 17:17:35 agiraude kernel: [    0.871965] scsi host4: ahci
Aug 25 17:17:35 agiraude kernel: [    0.872181] scsi host5: ahci
Aug 25 17:17:35 agiraude kernel: [    0.872345] scsi host6: ahci
Aug 25 17:17:35 agiraude kernel: [    0.872401] ata1: SATA max UDMA/133 abar m4096@0xfea23000 port 0xfea23100 irq 55
Aug 25 17:17:35 agiraude kernel: [    0.872455] ata2: SATA max UDMA/133 abar m4096@0xfea23000 port 0xfea23180 irq 55
Aug 25 17:17:35 agiraude kernel: [    0.872486] ata3: SATA max UDMA/133 abar m4096@0xfea23000 port 0xfea23200 irq 55
Aug 25 17:17:35 agiraude kernel: [    0.872521] ata4: SATA max UDMA/133 abar m4096@0xfea23000 port 0xfea23280 irq 55
Aug 25 17:17:35 agiraude kernel: [    0.872539] ata5: SATA max UDMA/133 abar m4096@0xfea23000 port 0xfea23300 irq 55
Aug 25 17:17:35 agiraude kernel: [    0.872556] ata6: SATA max UDMA/133 abar m4096@0xfea23000 port 0xfea23380 irq 55
Aug 25 17:17:35 agiraude kernel: [    0.894113] e100: Intel(R) PRO/100 Network Driver
Aug 25 17:17:35 agiraude kernel: [    0.894133] e100: Copyright(c) 1999-2006 Intel Corporation
Aug 25 17:17:35 agiraude kernel: [    0.894227] e1000: Intel(R) PRO/1000 Network Driver
Aug 25 17:17:35 agiraude kernel: [    0.894592] e1000: Copyright (c) 1999-2006 Intel Corporation.
Aug 25 17:17:35 agiraude kernel: [    0.895796] e1000e: Intel(R) PRO/1000 Network Driver
Aug 25 17:17:35 agiraude kernel: [    0.896189] e1000e: Copyright(c) 1999 - 2015 Intel Corporation.
Aug 25 17:17:35 agiraude kernel: [    0.897531] sky2: driver version 1.30
Aug 25 17:17:35 agiraude kernel: [    0.901129] xhci_hcd 0000:02:00.0: xHCI Host Controller
Aug 25 17:17:35 agiraude kernel: [    0.902816] xhci_hcd 0000:02:00.0: new USB bus registered, assigned bus number 1
Aug 25 17:17:35 agiraude kernel: [    0.905069] xhci_hcd 0000:02:00.0: hcc params 0x00087001 hci version 0x100 quirks 0x0000000000000010
Aug 25 17:17:35 agiraude kernel: [    0.908379] xhci_hcd 0000:02:00.0: xHCI Host Controller
Aug 25 17:17:35 agiraude kernel: [    0.910061] xhci_hcd 0000:02:00.0: new USB bus registered, assigned bus number 2
Aug 25 17:17:35 agiraude kernel: [    0.911594] xhci_hcd 0000:02:00.0: Host supports USB 3.0 SuperSpeed
Aug 25 17:17:35 agiraude kernel: [    0.913269] usb usb1: New USB device found, idVendor=1d6b, idProduct=0002, bcdDevice= 6.05
Aug 25 17:17:35 agiraude kernel: [    0.913769] usb usb1: New USB device strings: Mfr=3, Product=2, SerialNumber=1
Aug 25 17:17:35 agiraude kernel: [    0.914185] usb usb1: Product: xHCI Host Controller
Aug 25 17:17:35 agiraude kernel: [    0.914627] usb usb1: Manufacturer: Linux 6.5.0-rc7-thor_kernelagiraude-g469da410cb62 xhci-hcd
Aug 25 17:17:35 agiraude kernel: [    0.914979] usb usb1: SerialNumber: 0000:02:00.0
Aug 25 17:17:35 agiraude kernel: [    0.916301] hub 1-0:1.0: USB hub found
Aug 25 17:17:35 agiraude kernel: [    0.917819] hub 1-0:1.0: 15 ports detected
Aug 25 17:17:35 agiraude kernel: [    0.919806] usb usb2: We don't know the algorithms for LPM for this host, disabling LPM.
Aug 25 17:17:35 agiraude kernel: [    0.920782] usb usb2: New USB device found, idVendor=1d6b, idProduct=0003, bcdDevice= 6.05
Aug 25 17:17:35 agiraude kernel: [    0.921086] usb usb2: New USB device strings: Mfr=3, Product=2, SerialNumber=1
Aug 25 17:17:35 agiraude kernel: [    0.921381] usb usb2: Product: xHCI Host Controller
Aug 25 17:17:35 agiraude kernel: [    0.921700] usb usb2: Manufacturer: Linux 6.5.0-rc7-thor_kernelagiraude-g469da410cb62 xhci-hcd
Aug 25 17:17:35 agiraude kernel: [    0.921953] usb usb2: SerialNumber: 0000:02:00.0
Aug 25 17:17:35 agiraude kernel: [    0.923093] hub 2-0:1.0: USB hub found
Aug 25 17:17:35 agiraude kernel: [    0.926365] hub 2-0:1.0: 15 ports detected
Aug 25 17:17:35 agiraude kernel: [    0.928645] usbcore: registered new interface driver usblp
Aug 25 17:17:35 agiraude kernel: [    0.929760] usbcore: registered new interface driver usb-storage
Aug 25 17:17:35 agiraude kernel: [    0.931252] i8042: PNP: PS/2 Controller [PNP0303:KBD,PNP0f13:MOU] at 0x60,0x64 irq 1,12
Aug 25 17:17:35 agiraude kernel: [    0.934610] serio: i8042 KBD port at 0x60,0x64 irq 1
Aug 25 17:17:35 agiraude kernel: [    0.935585] serio: i8042 AUX port at 0x60,0x64 irq 12
Aug 25 17:17:35 agiraude kernel: [    0.937151] rtc_cmos 00:03: RTC can wake from S4
Aug 25 17:17:35 agiraude kernel: [    0.941093] input: AT Translated Set 2 keyboard as /devices/platform/i8042/serio0/input/input1
Aug 25 17:17:35 agiraude kernel: [    0.941836] rtc_cmos 00:03: registered as rtc0
Aug 25 17:17:35 agiraude kernel: [    0.942479] rtc_cmos 00:03: alarms up to one day, y3k, 242 bytes nvram
Aug 25 17:17:35 agiraude kernel: [    0.943570] device-mapper: ioctl: 4.48.0-ioctl (2023-03-01) initialised: dm-devel@redhat.com
Aug 25 17:17:35 agiraude kernel: [    0.944020] intel_pstate: CPU model not supported
Aug 25 17:17:35 agiraude kernel: [    0.944491] hid: raw HID events driver (C) Jiri Kosina
Aug 25 17:17:35 agiraude kernel: [    0.944615] i801_smbus 0000:00:1f.3: SMBus using PCI interrupt
Aug 25 17:17:35 agiraude kernel: [    0.945369] usbcore: registered new interface driver usbhid
Aug 25 17:17:35 agiraude kernel: [    0.946340] i2c i2c-0: 1/1 memory slots populated (from DMI)
Aug 25 17:17:35 agiraude kernel: [    0.946587] usbhid: USB HID core driver
Aug 25 17:17:35 agiraude kernel: [    0.948352] i2c i2c-0: Memory type 0x07 not supported yet, not instantiating SPD
Aug 25 17:17:35 agiraude kernel: [    0.950719] Initializing XFRM netlink socket
Aug 25 17:17:35 agiraude kernel: [    0.951538] NET: Registered PF_INET6 protocol family
Aug 25 17:17:35 agiraude kernel: [    0.953111] Segment Routing with IPv6
Aug 25 17:17:35 agiraude kernel: [    0.953831] In-situ OAM (IOAM) with IPv6
Aug 25 17:17:35 agiraude kernel: [    0.954605] sit: IPv6, IPv4 and MPLS over IPv4 tunneling driver
Aug 25 17:17:35 agiraude kernel: [    0.955739] NET: Registered PF_PACKET protocol family
Aug 25 17:17:35 agiraude kernel: [    0.956279] 9pnet: Installing 9P2000 support
Aug 25 17:17:35 agiraude kernel: [    0.957199] Key type dns_resolver registered
Aug 25 17:17:35 agiraude kernel: [    0.958003] snd_hda_intel 0000:00:1b.0: Cannot probe codecs, giving up
Aug 25 17:17:35 agiraude kernel: [    0.961110] IPI shorthand broadcast: enabled
Aug 25 17:17:35 agiraude kernel: [    0.965316] sched_clock: Marking stable (919005674, 45415981)->(1065181791, -100760136)
Aug 25 17:17:35 agiraude kernel: [    0.966918] registered taskstats version 1
Aug 25 17:17:35 agiraude kernel: [    0.967333] Loading compiled-in X.509 certificates
Aug 25 17:17:35 agiraude kernel: [    0.970011] PM:   Magic number: 3:203:286
Aug 25 17:17:35 agiraude kernel: [    0.971240] printk: console [netcon0] enabled
Aug 25 17:17:35 agiraude kernel: [    0.971727] netconsole: network logging started
Aug 25 17:17:35 agiraude kernel: [    0.973069] cfg80211: Loading compiled-in X.509 certificates for regulatory database
Aug 25 17:17:35 agiraude kernel: [    0.974995] kworker/u8:6 (78) used greatest stack depth: 14728 bytes left
Aug 25 17:17:35 agiraude kernel: [    0.975699] Loaded X.509 cert 'sforshee: 00b28ddf47aef9cea7'
Aug 25 17:17:35 agiraude kernel: [    0.976276] platform regulatory.0: Direct firmware load for regulatory.db failed with error -2
Aug 25 17:17:35 agiraude kernel: [    0.976858] cfg80211: failed to load regulatory.db
Aug 25 17:17:35 agiraude kernel: [    0.977411] ALSA device list:
Aug 25 17:17:35 agiraude kernel: [    0.977961]   No soundcards found.
Aug 25 17:17:35 agiraude kernel: [    1.156684] usb 1-1: new high-speed USB device number 2 using xhci_hcd
Aug 25 17:17:35 agiraude kernel: [    1.187467] ata5: SATA link down (SStatus 0 SControl 300)
Aug 25 17:17:35 agiraude kernel: [    1.188168] ata6: SATA link down (SStatus 0 SControl 300)
Aug 25 17:17:35 agiraude kernel: [    1.189083] ata1: SATA link up 1.5 Gbps (SStatus 113 SControl 300)
Aug 25 17:17:35 agiraude kernel: [    1.190236] ata4: SATA link down (SStatus 0 SControl 300)
Aug 25 17:17:35 agiraude kernel: [    1.190899] ata3: SATA link down (SStatus 0 SControl 300)
Aug 25 17:17:35 agiraude kernel: [    1.191493] ata1.00: ATAPI: QEMU DVD-ROM, 2.5+, max UDMA/100
Aug 25 17:17:35 agiraude kernel: [    1.192273] ata1.00: applying bridge limits
Aug 25 17:17:35 agiraude kernel: [    1.194187] ata1.00: configured for UDMA/100
Aug 25 17:17:35 agiraude kernel: [    1.197333] scsi 1:0:0:0: CD-ROM            QEMU     QEMU DVD-ROM     2.5+ PQ: 0 ANSI: 5
Aug 25 17:17:35 agiraude kernel: [    1.200579] ata2: SATA link down (SStatus 0 SControl 300)
Aug 25 17:17:35 agiraude kernel: [    1.206547] sr 1:0:0:0: [sr0] scsi3-mmc drive: 4x/4x cd/rw xa/form2 tray
Aug 25 17:17:35 agiraude kernel: [    1.207033] cdrom: Uniform CD-ROM driver Revision: 3.20
Aug 25 17:17:35 agiraude kernel: [    1.211272] sr 1:0:0:0: Attached scsi CD-ROM sr0
Aug 25 17:17:35 agiraude kernel: [    1.211438] sr 1:0:0:0: Attached scsi generic sg0 type 5
Aug 25 17:17:35 agiraude kernel: [    1.285642] usb 1-1: New USB device found, idVendor=0627, idProduct=0001, bcdDevice= 0.00
Aug 25 17:17:35 agiraude kernel: [    1.286061] usb 1-1: New USB device strings: Mfr=1, Product=3, SerialNumber=10
Aug 25 17:17:35 agiraude kernel: [    1.286452] usb 1-1: Product: QEMU USB Tablet
Aug 25 17:17:35 agiraude kernel: [    1.286768] usb 1-1: Manufacturer: QEMU
Aug 25 17:17:35 agiraude kernel: [    1.287023] usb 1-1: SerialNumber: 28754-0000:00:02.1:00.0-1
Aug 25 17:17:35 agiraude kernel: [    1.289959] input: QEMU QEMU USB Tablet as /devices/pci0000:00/0000:00:02.1/0000:02:00.0/usb1/1-1/1-1:1.0/0003:0627:0001.0001/input/input4
Aug 25 17:17:35 agiraude kernel: [    1.291406] hid-generic 0003:0627:0001.0001: input,hidraw0: USB HID v0.01 Mouse [QEMU QEMU USB Tablet] on usb-0000:02:00.0-1/input0
Aug 25 17:17:35 agiraude kernel: [    1.563753] input: ImExPS/2 Generic Explorer Mouse as /devices/platform/i8042/serio1/input/input3
Aug 25 17:17:35 agiraude kernel: [    1.565189] md: Waiting for all devices to be available before autodetect
Aug 25 17:17:35 agiraude kernel: [    1.566057] md: If you don't use raid, use raid=noautodetect
Aug 25 17:17:35 agiraude kernel: [    1.567001] md: Autodetecting RAID arrays.
Aug 25 17:17:35 agiraude kernel: [    1.567875] md: autorun ...
Aug 25 17:17:35 agiraude kernel: [    1.568701] md: ... autorun DONE.
Aug 25 17:17:35 agiraude kernel: [    1.578281] EXT4-fs (vda3): mounted filesystem f9cdd44a-d12b-4869-8d3f-dc2eea1c3cd5 ro with ordered data mode. Quota mode: none.
Aug 25 17:17:35 agiraude kernel: [    1.579536] VFS: Mounted root (ext4 filesystem) readonly on device 253:3.
Aug 25 17:17:35 agiraude kernel: [    1.582834] devtmpfs: mounted
Aug 25 17:17:35 agiraude kernel: [    1.585475] Freeing unused kernel image (initmem) memory: 2608K
Aug 25 17:17:35 agiraude kernel: [    1.588493] Write protecting the kernel read-only data: 26624k
Aug 25 17:17:35 agiraude kernel: [    1.589648] Freeing unused kernel image (rodata/data gap) memory: 1580K
Aug 25 17:17:35 agiraude kernel: [    1.640986] x86/mm: Checked W+X mappings: passed, no W+X pages found.
Aug 25 17:17:35 agiraude kernel: [    1.641327] x86/mm: Checking user space page tables
Aug 25 17:17:35 agiraude kernel: [    1.686723] x86/mm: Checked W+X mappings: passed, no W+X pages found.
Aug 25 17:17:35 agiraude kernel: [    1.687575] Run /sbin/init as init process
Aug 25 17:17:35 agiraude kernel: [    1.688213]   with arguments:
Aug 25 17:17:35 agiraude kernel: [    1.688214]     /sbin/init
Aug 25 17:17:35 agiraude kernel: [    1.688217]   with environment:
Aug 25 17:17:35 agiraude kernel: [    1.688218]     HOME=/
Aug 25 17:17:35 agiraude kernel: [    1.688220]     TERM=linux
Aug 25 17:17:35 agiraude kernel: [    1.688221]     BOOT_IMAGE=/vmlinuz-6.5-rc7-thor
Aug 25 17:17:35 agiraude kernel: [    1.825730] stty (90) used greatest stack depth: 13464 bytes left
Aug 25 17:17:35 agiraude kernel: [    1.940843] ip (148) used greatest stack depth: 12856 bytes left
Aug 25 17:17:35 agiraude kernel: <30>[    2.001623] udevd[173]: starting version 3.2.11
Aug 25 17:17:35 agiraude kernel: <30>[    2.028880] udevd[174]: starting eudev-3.2.11
Aug 25 17:17:35 agiraude kernel: [    2.394084] Adding 8388604k swap on /dev/vda2.  Priority:1 extents:1 across:8388604k 
Aug 25 17:17:35 agiraude kernel: [    2.420349] EXT4-fs (vda3): re-mounted f9cdd44a-d12b-4869-8d3f-dc2eea1c3cd5 ro. Quota mode: none.
Aug 25 17:17:35 agiraude kernel: [    2.492364] EXT4-fs (vda3): re-mounted f9cdd44a-d12b-4869-8d3f-dc2eea1c3cd5 r/w. Quota mode: none.
Aug 25 17:17:35 agiraude kernel: [    2.520001] EXT4-fs (vda1): mounted filesystem 4f8aa5e6-b1fd-44c9-84fd-a271ac2b4a7e r/w with ordered data mode. Quota mode: none.
Aug 25 17:17:38 agiraude kernel: [    6.745752] mv (448) used greatest stack depth: 12784 bytes left
