Aug 28 16:53:31 agiraude kernel: klogd 1.5.1, log source = /proc/kmsg started.
Aug 28 16:53:31 agiraude kernel: Cannot find map file.
Aug 28 16:53:31 agiraude kernel: Loaded 168316 symbols from 1 module.
Aug 28 16:53:31 agiraude kernel: [    0.000000] Linux version 6.5.0-next-20230828agiraude-next (ag@agiraude) (gcc (GCC) 12.2.0, GNU ld (GNU Binutils) 2.40) #1 SMP PREEMPT_DYNAMIC Mon Aug 28 16:46:35 CEST 2023
Aug 28 16:53:31 agiraude kernel: [    0.000000] Command line: BOOT_IMAGE=/vmlinuz-next-20230828 root=/dev/vda3 ro
Aug 28 16:53:31 agiraude kernel: [    0.000000] BIOS-provided physical RAM map:
Aug 28 16:53:31 agiraude kernel: [    0.000000] BIOS-e820: [mem 0x0000000000000000-0x000000000009fbff] usable
Aug 28 16:53:31 agiraude kernel: [    0.000000] BIOS-e820: [mem 0x000000000009fc00-0x000000000009ffff] reserved
Aug 28 16:53:31 agiraude kernel: [    0.000000] BIOS-e820: [mem 0x00000000000f0000-0x00000000000fffff] reserved
Aug 28 16:53:31 agiraude kernel: [    0.000000] BIOS-e820: [mem 0x0000000000100000-0x000000007ffdbfff] usable
Aug 28 16:53:31 agiraude kernel: [    0.000000] BIOS-e820: [mem 0x000000007ffdc000-0x000000007fffffff] reserved
Aug 28 16:53:31 agiraude kernel: [    0.000000] BIOS-e820: [mem 0x00000000b0000000-0x00000000bfffffff] reserved
Aug 28 16:53:31 agiraude kernel: [    0.000000] BIOS-e820: [mem 0x00000000fed1c000-0x00000000fed1ffff] reserved
Aug 28 16:53:31 agiraude kernel: [    0.000000] BIOS-e820: [mem 0x00000000feffc000-0x00000000feffffff] reserved
Aug 28 16:53:31 agiraude kernel: [    0.000000] BIOS-e820: [mem 0x00000000fffc0000-0x00000000ffffffff] reserved
Aug 28 16:53:31 agiraude kernel: [    0.000000] BIOS-e820: [mem 0x0000000100000000-0x000000027fffffff] usable
Aug 28 16:53:31 agiraude kernel: [    0.000000] NX (Execute Disable) protection: active
Aug 28 16:53:31 agiraude kernel: [    0.000000] APIC: Static calls initialized
Aug 28 16:53:31 agiraude kernel: [    0.000000] SMBIOS 2.8 present.
Aug 28 16:53:31 agiraude kernel: [    0.000000] DMI: QEMU Standard PC (Q35 + ICH9, 2009), BIOS 1.16.2-1.fc38 04/01/2014
Aug 28 16:53:31 agiraude kernel: [    0.000000] Hypervisor detected: KVM
Aug 28 16:53:31 agiraude kernel: [    0.000000] kvm-clock: Using msrs 4b564d01 and 4b564d00
Aug 28 16:53:31 agiraude kernel: [    0.000001] kvm-clock: using sched offset of 2660260881611 cycles
Aug 28 16:53:31 agiraude kernel: [    0.000002] clocksource: kvm-clock: mask: 0xffffffffffffffff max_cycles: 0x1cd42e4dffb, max_idle_ns: 881590591483 ns
Aug 28 16:53:31 agiraude kernel: [    0.000005] tsc: Detected 2294.684 MHz processor
Aug 28 16:53:31 agiraude kernel: [    0.000622] e820: update [mem 0x00000000-0x00000fff] usable ==> reserved
Aug 28 16:53:31 agiraude kernel: [    0.000624] e820: remove [mem 0x000a0000-0x000fffff] usable
Aug 28 16:53:31 agiraude kernel: [    0.000628] last_pfn = 0x280000 max_arch_pfn = 0x400000000
Aug 28 16:53:31 agiraude kernel: [    0.000670] MTRR map: 4 entries (3 fixed + 1 variable; max 19), built from 8 variable MTRRs
Aug 28 16:53:31 agiraude kernel: [    0.000685] x86/PAT: Configuration [0-7]: WB  WC  UC- UC  WB  WP  UC- WT  
Aug 28 16:53:31 agiraude kernel: [    0.000729] last_pfn = 0x7ffdc max_arch_pfn = 0x400000000
Aug 28 16:53:31 agiraude kernel: [    0.008660] found SMP MP-table at [mem 0x000f5b00-0x000f5b0f]
Aug 28 16:53:31 agiraude kernel: [    0.008696] Using GB pages for direct mapping
Aug 28 16:53:31 agiraude kernel: [    0.008771] ACPI: Early table checksum verification disabled
Aug 28 16:53:31 agiraude kernel: [    0.008776] ACPI: RSDP 0x00000000000F5860 000014 (v00 BOCHS )
Aug 28 16:53:31 agiraude kernel: [    0.008781] ACPI: RSDT 0x000000007FFE2B90 000034 (v01 BOCHS  BXPC     00000001 BXPC 00000001)
Aug 28 16:53:31 agiraude kernel: [    0.008788] ACPI: FACP 0x000000007FFE29A8 0000F4 (v03 BOCHS  BXPC     00000001 BXPC 00000001)
Aug 28 16:53:31 agiraude kernel: [    0.008795] ACPI: DSDT 0x000000007FFE0040 002968 (v01 BOCHS  BXPC     00000001 BXPC 00000001)
Aug 28 16:53:31 agiraude kernel: [    0.008799] ACPI: FACS 0x000000007FFE0000 000040
Aug 28 16:53:31 agiraude kernel: [    0.008802] ACPI: APIC 0x000000007FFE2A9C 000090 (v01 BOCHS  BXPC     00000001 BXPC 00000001)
Aug 28 16:53:31 agiraude kernel: [    0.008805] ACPI: MCFG 0x000000007FFE2B2C 00003C (v01 BOCHS  BXPC     00000001 BXPC 00000001)
Aug 28 16:53:31 agiraude kernel: [    0.008809] ACPI: WAET 0x000000007FFE2B68 000028 (v01 BOCHS  BXPC     00000001 BXPC 00000001)
Aug 28 16:53:31 agiraude kernel: [    0.008811] ACPI: Reserving FACP table memory at [mem 0x7ffe29a8-0x7ffe2a9b]
Aug 28 16:53:31 agiraude kernel: [    0.008813] ACPI: Reserving DSDT table memory at [mem 0x7ffe0040-0x7ffe29a7]
Aug 28 16:53:31 agiraude kernel: [    0.008814] ACPI: Reserving FACS table memory at [mem 0x7ffe0000-0x7ffe003f]
Aug 28 16:53:31 agiraude kernel: [    0.008814] ACPI: Reserving APIC table memory at [mem 0x7ffe2a9c-0x7ffe2b2b]
Aug 28 16:53:31 agiraude kernel: [    0.008815] ACPI: Reserving MCFG table memory at [mem 0x7ffe2b2c-0x7ffe2b67]
Aug 28 16:53:31 agiraude kernel: [    0.008815] ACPI: Reserving WAET table memory at [mem 0x7ffe2b68-0x7ffe2b8f]
Aug 28 16:53:31 agiraude kernel: [    0.009122] No NUMA configuration found
Aug 28 16:53:31 agiraude kernel: [    0.009123] Faking a node at [mem 0x0000000000000000-0x000000027fffffff]
Aug 28 16:53:31 agiraude kernel: [    0.009127] NODE_DATA(0) allocated [mem 0x27fffc000-0x27fffffff]
Aug 28 16:53:31 agiraude kernel: [    0.009159] Zone ranges:
Aug 28 16:53:31 agiraude kernel: [    0.009160]   DMA      [mem 0x0000000000001000-0x0000000000ffffff]
Aug 28 16:53:31 agiraude kernel: [    0.009162]   DMA32    [mem 0x0000000001000000-0x00000000ffffffff]
Aug 28 16:53:31 agiraude kernel: [    0.009163]   Normal   [mem 0x0000000100000000-0x000000027fffffff]
Aug 28 16:53:31 agiraude kernel: [    0.009164] Movable zone start for each node
Aug 28 16:53:31 agiraude kernel: [    0.009165] Early memory node ranges
Aug 28 16:53:31 agiraude kernel: [    0.009165]   node   0: [mem 0x0000000000001000-0x000000000009efff]
Aug 28 16:53:31 agiraude kernel: [    0.009167]   node   0: [mem 0x0000000000100000-0x000000007ffdbfff]
Aug 28 16:53:31 agiraude kernel: [    0.009168]   node   0: [mem 0x0000000100000000-0x000000027fffffff]
Aug 28 16:53:31 agiraude kernel: [    0.009170] Initmem setup node 0 [mem 0x0000000000001000-0x000000027fffffff]
Aug 28 16:53:31 agiraude kernel: [    0.009178] On node 0, zone DMA: 1 pages in unavailable ranges
Aug 28 16:53:31 agiraude kernel: [    0.009235] On node 0, zone DMA: 97 pages in unavailable ranges
Aug 28 16:53:31 agiraude kernel: [    0.037137] On node 0, zone Normal: 36 pages in unavailable ranges
Aug 28 16:53:31 agiraude kernel: [    0.038667] ACPI: PM-Timer IO Port: 0x608
Aug 28 16:53:31 agiraude kernel: [    0.038680] ACPI: LAPIC_NMI (acpi_id[0xff] dfl dfl lint[0x1])
Aug 28 16:53:31 agiraude kernel: [    0.038726] IOAPIC[0]: apic_id 0, version 17, address 0xfec00000, GSI 0-23
Aug 28 16:53:31 agiraude kernel: [    0.038729] ACPI: INT_SRC_OVR (bus 0 bus_irq 0 global_irq 2 dfl dfl)
Aug 28 16:53:31 agiraude kernel: [    0.038732] ACPI: INT_SRC_OVR (bus 0 bus_irq 5 global_irq 5 high level)
Aug 28 16:53:31 agiraude kernel: [    0.038733] ACPI: INT_SRC_OVR (bus 0 bus_irq 9 global_irq 9 high level)
Aug 28 16:53:31 agiraude kernel: [    0.038734] ACPI: INT_SRC_OVR (bus 0 bus_irq 10 global_irq 10 high level)
Aug 28 16:53:31 agiraude kernel: [    0.038735] ACPI: INT_SRC_OVR (bus 0 bus_irq 11 global_irq 11 high level)
Aug 28 16:53:31 agiraude kernel: [    0.038739] ACPI: Using ACPI (MADT) for SMP configuration information
Aug 28 16:53:31 agiraude kernel: [    0.038740] TSC deadline timer available
Aug 28 16:53:31 agiraude kernel: [    0.038741] smpboot: Allowing 4 CPUs, 0 hotplug CPUs
Aug 28 16:53:31 agiraude kernel: [    0.038758] kvm-guest: APIC: eoi() replaced with kvm_guest_apic_eoi_write()
Aug 28 16:53:31 agiraude kernel: [    0.038769] kvm-guest: KVM setup pv remote TLB flush
Aug 28 16:53:31 agiraude kernel: [    0.038772] kvm-guest: setup PV sched yield
Aug 28 16:53:31 agiraude kernel: [    0.038786] PM: hibernation: Registered nosave memory: [mem 0x00000000-0x00000fff]
Aug 28 16:53:31 agiraude kernel: [    0.038787] PM: hibernation: Registered nosave memory: [mem 0x0009f000-0x0009ffff]
Aug 28 16:53:31 agiraude kernel: [    0.038788] PM: hibernation: Registered nosave memory: [mem 0x000a0000-0x000effff]
Aug 28 16:53:31 agiraude kernel: [    0.038789] PM: hibernation: Registered nosave memory: [mem 0x000f0000-0x000fffff]
Aug 28 16:53:31 agiraude kernel: [    0.038789] PM: hibernation: Registered nosave memory: [mem 0x7ffdc000-0x7fffffff]
Aug 28 16:53:31 agiraude kernel: [    0.038790] PM: hibernation: Registered nosave memory: [mem 0x80000000-0xafffffff]
Aug 28 16:53:31 agiraude kernel: [    0.038791] PM: hibernation: Registered nosave memory: [mem 0xb0000000-0xbfffffff]
Aug 28 16:53:31 agiraude kernel: [    0.038792] PM: hibernation: Registered nosave memory: [mem 0xc0000000-0xfed1bfff]
Aug 28 16:53:31 agiraude kernel: [    0.038792] PM: hibernation: Registered nosave memory: [mem 0xfed1c000-0xfed1ffff]
Aug 28 16:53:31 agiraude kernel: [    0.038793] PM: hibernation: Registered nosave memory: [mem 0xfed20000-0xfeffbfff]
Aug 28 16:53:31 agiraude kernel: [    0.038793] PM: hibernation: Registered nosave memory: [mem 0xfeffc000-0xfeffffff]
Aug 28 16:53:31 agiraude kernel: [    0.038794] PM: hibernation: Registered nosave memory: [mem 0xff000000-0xfffbffff]
Aug 28 16:53:31 agiraude kernel: [    0.038794] PM: hibernation: Registered nosave memory: [mem 0xfffc0000-0xffffffff]
Aug 28 16:53:31 agiraude kernel: [    0.038796] [mem 0xc0000000-0xfed1bfff] available for PCI devices
Aug 28 16:53:31 agiraude kernel: [    0.038796] Booting paravirtualized kernel on KVM
Aug 28 16:53:31 agiraude kernel: [    0.038799] clocksource: refined-jiffies: mask: 0xffffffff max_cycles: 0xffffffff, max_idle_ns: 1910969940391419 ns
Aug 28 16:53:31 agiraude kernel: [    0.045783] setup_percpu: NR_CPUS:64 nr_cpumask_bits:4 nr_cpu_ids:4 nr_node_ids:1
Aug 28 16:53:31 agiraude kernel: [    0.046331] percpu: Embedded 53 pages/cpu s178920 r8192 d29976 u524288
Aug 28 16:53:31 agiraude kernel: [    0.046336] pcpu-alloc: s178920 r8192 d29976 u524288 alloc=1*2097152
Aug 28 16:53:31 agiraude kernel: [    0.046338] pcpu-alloc: [0] 0 1 2 3 
Aug 28 16:53:31 agiraude kernel: [    0.046372] Kernel command line: BOOT_IMAGE=/vmlinuz-next-20230828 root=/dev/vda3 ro
Aug 28 16:53:31 agiraude kernel: [    0.046396] Unknown kernel command line parameters "BOOT_IMAGE=/vmlinuz-next-20230828", will be passed to user space.
Aug 28 16:53:31 agiraude kernel: [    0.046434] random: crng init done
Aug 28 16:53:31 agiraude kernel: [    0.047473] Dentry cache hash table entries: 1048576 (order: 11, 8388608 bytes, linear)
Aug 28 16:53:31 agiraude kernel: [    0.047997] Inode-cache hash table entries: 524288 (order: 10, 4194304 bytes, linear)
Aug 28 16:53:31 agiraude kernel: [    0.048089] Fallback order for Node 0: 0 
Aug 28 16:53:31 agiraude kernel: [    0.048092] Built 1 zonelists, mobility grouping on.  Total pages: 2064092
Aug 28 16:53:31 agiraude kernel: [    0.048094] Policy zone: Normal
Aug 28 16:53:31 agiraude kernel: [    0.048095] mem auto-init: stack:all(zero), heap alloc:off, heap free:off
Aug 28 16:53:31 agiraude kernel: [    0.048100] software IO TLB: area num 4.
Aug 28 16:53:31 agiraude kernel: [    0.113310] Memory: 8137596K/8388072K available (18432K kernel code, 2732K rwdata, 6656K rodata, 2608K init, 1432K bss, 250216K reserved, 0K cma-reserved)
Aug 28 16:53:31 agiraude kernel: [    0.113346] SLUB: HWalign=64, Order=0-3, MinObjects=0, CPUs=4, Nodes=1
Aug 28 16:53:31 agiraude kernel: [    0.113356] Kernel/User page tables isolation: enabled
Aug 28 16:53:31 agiraude kernel: [    0.114531] Dynamic Preempt: voluntary
Aug 28 16:53:31 agiraude kernel: [    0.114586] rcu: Preemptible hierarchical RCU implementation.
Aug 28 16:53:31 agiraude kernel: [    0.114587] rcu: ^IRCU event tracing is enabled.
Aug 28 16:53:31 agiraude kernel: [    0.114587] rcu: ^IRCU restricting CPUs from NR_CPUS=64 to nr_cpu_ids=4.
Aug 28 16:53:31 agiraude kernel: [    0.114589] ^ITrampoline variant of Tasks RCU enabled.
Aug 28 16:53:31 agiraude kernel: [    0.114591] rcu: RCU calculated value of scheduler-enlistment delay is 100 jiffies.
Aug 28 16:53:31 agiraude kernel: [    0.114592] rcu: Adjusting geometry for rcu_fanout_leaf=16, nr_cpu_ids=4
Aug 28 16:53:31 agiraude kernel: [    0.117090] NR_IRQS: 4352, nr_irqs: 456, preallocated irqs: 16
Aug 28 16:53:31 agiraude kernel: [    0.117329] rcu: srcu_init: Setting srcu_struct sizes based on contention.
Aug 28 16:53:31 agiraude kernel: [    0.125524] Console: colour VGA+ 80x25
Aug 28 16:53:31 agiraude kernel: [    0.125534] printk: console [tty0] enabled
Aug 28 16:53:31 agiraude kernel: [    0.164862] ACPI: Core revision 20230628
Aug 28 16:53:31 agiraude kernel: [    0.165301] APIC: Switch to symmetric I/O mode setup
Aug 28 16:53:31 agiraude kernel: [    0.167081] x2apic enabled
Aug 28 16:53:31 agiraude kernel: [    0.167678] APIC: Switched APIC routing to: physical x2apic
Aug 28 16:53:31 agiraude kernel: [    0.167968] kvm-guest: APIC: send_IPI_mask() replaced with kvm_send_ipi_mask()
Aug 28 16:53:31 agiraude kernel: [    0.168362] kvm-guest: APIC: send_IPI_mask_allbutself() replaced with kvm_send_ipi_mask_allbutself()
Aug 28 16:53:31 agiraude kernel: [    0.168821] kvm-guest: setup PV IPIs
Aug 28 16:53:31 agiraude kernel: [    0.170057] clocksource: tsc-early: mask: 0xffffffffffffffff max_cycles: 0x21139776891, max_idle_ns: 440795250948 ns
Aug 28 16:53:31 agiraude kernel: [    0.170560] Calibrating delay loop (skipped) preset value.. 4589.36 BogoMIPS (lpj=2294684)
Aug 28 16:53:31 agiraude kernel: [    0.171076] x86/cpu: User Mode Instruction Prevention (UMIP) activated
Aug 28 16:53:31 agiraude kernel: [    0.171467] Last level iTLB entries: 4KB 0, 2MB 0, 4MB 0
Aug 28 16:53:31 agiraude kernel: [    0.171556] Last level dTLB entries: 4KB 0, 2MB 0, 4MB 0, 1GB 0
Aug 28 16:53:31 agiraude kernel: [    0.171556] Spectre V1 : Mitigation: usercopy/swapgs barriers and __user pointer sanitization
Aug 28 16:53:31 agiraude kernel: [    0.171556] Spectre V2 : Mitigation: Retpolines
Aug 28 16:53:31 agiraude kernel: [    0.171556] Spectre V2 : Spectre v2 / SpectreRSB mitigation: Filling RSB on context switch
Aug 28 16:53:31 agiraude kernel: [    0.171556] Spectre V2 : Spectre v2 / SpectreRSB : Filling RSB on VMEXIT
Aug 28 16:53:31 agiraude kernel: [    0.171556] Spectre V2 : Enabling Restricted Speculation for firmware calls
Aug 28 16:53:31 agiraude kernel: [    0.171556] Spectre V2 : mitigation: Enabling conditional Indirect Branch Prediction Barrier
Aug 28 16:53:31 agiraude kernel: [    0.171556] Speculative Store Bypass: Mitigation: Speculative Store Bypass disabled via prctl
Aug 28 16:53:31 agiraude kernel: [    0.171556] MDS: Mitigation: Clear CPU buffers
Aug 28 16:53:31 agiraude kernel: [    0.171556] MMIO Stale Data: Unknown: No mitigations
Aug 28 16:53:31 agiraude kernel: [    0.171556] SRBDS: Unknown: Dependent on hypervisor status
Aug 28 16:53:31 agiraude kernel: [    0.171556] x86/fpu: Supporting XSAVE feature 0x001: 'x87 floating point registers'
Aug 28 16:53:31 agiraude kernel: [    0.171556] x86/fpu: Supporting XSAVE feature 0x002: 'SSE registers'
Aug 28 16:53:31 agiraude kernel: [    0.171556] x86/fpu: Supporting XSAVE feature 0x004: 'AVX registers'
Aug 28 16:53:31 agiraude kernel: [    0.171556] x86/fpu: xstate_offset[2]:  576, xstate_sizes[2]:  256
Aug 28 16:53:31 agiraude kernel: [    0.171556] x86/fpu: Enabled xstate features 0x7, context size is 832 bytes, using 'standard' format.
Aug 28 16:53:31 agiraude kernel: [    0.171556] Freeing SMP alternatives memory: 48K
Aug 28 16:53:31 agiraude kernel: [    0.171556] pid_max: default: 32768 minimum: 301
Aug 28 16:53:31 agiraude kernel: [    0.171556] LSM: initializing lsm=capability,selinux,integrity
Aug 28 16:53:31 agiraude kernel: [    0.171556] SELinux:  Initializing.
Aug 28 16:53:31 agiraude kernel: [    0.171556] Mount-cache hash table entries: 16384 (order: 5, 131072 bytes, linear)
Aug 28 16:53:31 agiraude kernel: [    0.171556] Mountpoint-cache hash table entries: 16384 (order: 5, 131072 bytes, linear)
Aug 28 16:53:31 agiraude kernel: [    0.171556] smpboot: CPU0: Intel(R) Core(TM) i7-4712MQ CPU @ 2.30GHz (family: 0x6, model: 0x3c, stepping: 0x3)
Aug 28 16:53:31 agiraude kernel: [    0.171556] RCU Tasks: Setting shift to 2 and lim to 1 rcu_task_cb_adjust=1.
Aug 28 16:53:31 agiraude kernel: [    0.171607] Performance Events: Haswell events, full-width counters, Intel PMU driver.
Aug 28 16:53:31 agiraude kernel: [    0.172132] ... version:                2
Aug 28 16:53:31 agiraude kernel: [    0.172383] ... bit width:              48
Aug 28 16:53:31 agiraude kernel: [    0.172561] ... generic registers:      4
Aug 28 16:53:31 agiraude kernel: [    0.172816] ... value mask:             0000ffffffffffff
Aug 28 16:53:31 agiraude kernel: [    0.173089] ... max period:             00007fffffffffff
Aug 28 16:53:31 agiraude kernel: [    0.173369] ... fixed-purpose events:   3
Aug 28 16:53:31 agiraude kernel: [    0.173559] ... event mask:             000000070000000f
Aug 28 16:53:31 agiraude kernel: [    0.174129] signal: max sigframe size: 1776
Aug 28 16:53:31 agiraude kernel: [    0.174554] rcu: Hierarchical SRCU implementation.
Aug 28 16:53:31 agiraude kernel: [    0.174560] rcu: ^IMax phase no-delay instances is 400.
Aug 28 16:53:31 agiraude kernel: [    0.175219] smp: Bringing up secondary CPUs ...
Aug 28 16:53:31 agiraude kernel: [    0.175689] smpboot: x86: Booting SMP configuration:
Aug 28 16:53:31 agiraude kernel: [    0.175979] .... node  #0, CPUs:      #1 #2 #3
Aug 28 16:53:31 agiraude kernel: [    0.054214] smpboot: CPU 1 Converting physical 0 to logical die 1
Aug 28 16:53:31 agiraude kernel: [    0.054214] smpboot: CPU 2 Converting physical 0 to logical die 2
Aug 28 16:53:31 agiraude kernel: [    0.054214] smpboot: CPU 3 Converting physical 0 to logical die 3
Aug 28 16:53:31 agiraude kernel: [    0.179639] smp: Brought up 1 node, 4 CPUs
Aug 28 16:53:31 agiraude kernel: [    0.181137] smpboot: Max logical packages: 4
Aug 28 16:53:31 agiraude kernel: [    0.181372] smpboot: Total of 4 processors activated (18357.47 BogoMIPS)
Aug 28 16:53:31 agiraude kernel: [    0.181843] devtmpfs: initialized
Aug 28 16:53:31 agiraude kernel: [    0.182697] clocksource: jiffies: mask: 0xffffffff max_cycles: 0xffffffff, max_idle_ns: 1911260446275000 ns
Aug 28 16:53:31 agiraude kernel: [    0.183092] futex hash table entries: 1024 (order: 4, 65536 bytes, linear)
Aug 28 16:53:31 agiraude kernel: [    0.183658] PM: RTC time: 14:53:27, date: 2023-08-28
Aug 28 16:53:31 agiraude kernel: [    0.184052] NET: Registered PF_NETLINK/PF_ROUTE protocol family
Aug 28 16:53:31 agiraude kernel: [    0.184422] audit: initializing netlink subsys (disabled)
Aug 28 16:53:31 agiraude kernel: [    0.184586] audit: type=2000 audit(1693234407.791:1): state=initialized audit_enabled=0 res=1
Aug 28 16:53:31 agiraude kernel: [    0.184641] thermal_sys: Registered thermal governor 'step_wise'
Aug 28 16:53:31 agiraude kernel: [    0.185046] thermal_sys: Registered thermal governor 'user_space'
Aug 28 16:53:31 agiraude kernel: [    0.185365] cpuidle: using governor menu
Aug 28 16:53:31 agiraude kernel: [    0.186005] PCI: MMCONFIG for domain 0000 [bus 00-ff] at [mem 0xb0000000-0xbfffffff] (base 0xb0000000)
Aug 28 16:53:31 agiraude kernel: [    0.186451] PCI: MMCONFIG at [mem 0xb0000000-0xbfffffff] reserved as E820 entry
Aug 28 16:53:31 agiraude kernel: [    0.186574] PCI: Using configuration type 1 for base access
Aug 28 16:53:31 agiraude kernel: [    0.186921] core: PMU erratum BJ122, BV98, HSD29 workaround disabled, HT off
Aug 28 16:53:31 agiraude kernel: [    0.187463] kprobes: kprobe jump-optimization is enabled. All kprobes are optimized if possible.
Aug 28 16:53:31 agiraude kernel: [    0.197648] HugeTLB: registered 2.00 MiB page size, pre-allocated 0 pages
Aug 28 16:53:31 agiraude kernel: [    0.198562] HugeTLB: 28 KiB vmemmap can be freed for a 2.00 MiB page
Aug 28 16:53:31 agiraude kernel: [    0.199593] ACPI: Added _OSI(Module Device)
Aug 28 16:53:31 agiraude kernel: [    0.199593] ACPI: Added _OSI(Processor Device)
Aug 28 16:53:31 agiraude kernel: [    0.199933] ACPI: Added _OSI(3.0 _SCP Extensions)
Aug 28 16:53:31 agiraude kernel: [    0.200311] ACPI: Added _OSI(Processor Aggregator Device)
Aug 28 16:53:31 agiraude kernel: [    0.202129] ACPI: 1 ACPI AML tables successfully acquired and loaded
Aug 28 16:53:31 agiraude kernel: [    0.294607] ACPI: _OSC evaluation for CPUs failed, trying _PDC
Aug 28 16:53:31 agiraude kernel: [    0.295666] ACPI: Interpreter enabled
Aug 28 16:53:31 agiraude kernel: [    0.295950] ACPI: PM: (supports S0 S5)
Aug 28 16:53:31 agiraude kernel: [    0.296256] ACPI: Using IOAPIC for interrupt routing
Aug 28 16:53:31 agiraude kernel: [    0.296618] PCI: Using host bridge windows from ACPI; if necessary, use "pci=nocrs" and report a bug
Aug 28 16:53:31 agiraude kernel: [    0.297130] PCI: Using E820 reservations for host bridge windows
Aug 28 16:53:31 agiraude kernel: [    0.297604] ACPI: Enabled 2 GPEs in block 00 to 3F
Aug 28 16:53:31 agiraude kernel: [    0.300544] ACPI: PCI Root Bridge [PCI0] (domain 0000 [bus 00-ff])
Aug 28 16:53:31 agiraude kernel: [    0.300566] acpi PNP0A08:00: _OSC: OS supports [ExtendedConfig ASPM ClockPM Segments MSI HPX-Type3]
Aug 28 16:53:31 agiraude kernel: [    0.301285] acpi PNP0A08:00: _OSC: platform does not support [LTR]
Aug 28 16:53:31 agiraude kernel: [    0.301611] acpi PNP0A08:00: _OSC: OS now controls [PME PCIeCapability]
Aug 28 16:53:31 agiraude kernel: [    0.302082] PCI host bridge to bus 0000:00
Aug 28 16:53:31 agiraude kernel: [    0.302326] pci_bus 0000:00: root bus resource [io  0x0000-0x0cf7 window]
Aug 28 16:53:31 agiraude kernel: [    0.302562] pci_bus 0000:00: root bus resource [io  0x0d00-0xffff window]
Aug 28 16:53:31 agiraude kernel: [    0.302896] pci_bus 0000:00: root bus resource [mem 0x000a0000-0x000bffff window]
Aug 28 16:53:31 agiraude kernel: [    0.303265] pci_bus 0000:00: root bus resource [mem 0x80000000-0xafffffff window]
Aug 28 16:53:31 agiraude kernel: [    0.303561] pci_bus 0000:00: root bus resource [mem 0xc0000000-0xfebfffff window]
Aug 28 16:53:31 agiraude kernel: [    0.303959] pci_bus 0000:00: root bus resource [mem 0x280000000-0xa7fffffff window]
Aug 28 16:53:31 agiraude kernel: [    0.304339] pci_bus 0000:00: root bus resource [bus 00-ff]
Aug 28 16:53:31 agiraude kernel: [    0.304652] pci 0000:00:00.0: [8086:29c0] type 00 class 0x060000
Aug 28 16:53:31 agiraude kernel: [    0.305570] pci 0000:00:01.0: [1af4:1050] type 00 class 0x030000
Aug 28 16:53:31 agiraude kernel: [    0.307575] pci 0000:00:01.0: reg 0x10: [mem 0xfa800000-0xfaffffff pref]
Aug 28 16:53:31 agiraude kernel: [    0.312600] pci 0000:00:01.0: reg 0x18: [mem 0xfcc00000-0xfcc03fff 64bit pref]
Aug 28 16:53:31 agiraude kernel: [    0.314662] pci 0000:00:01.0: reg 0x20: [mem 0xfea14000-0xfea14fff]
Aug 28 16:53:31 agiraude kernel: [    0.319579] pci 0000:00:01.0: reg 0x30: [mem 0xfea00000-0xfea0ffff pref]
Aug 28 16:53:31 agiraude kernel: [    0.320073] pci 0000:00:01.0: Video device with shadowed ROM at [mem 0x000c0000-0x000dffff]
Aug 28 16:53:31 agiraude kernel: [    0.321351] pci 0000:00:02.0: [1b36:000c] type 01 class 0x060400
Aug 28 16:53:31 agiraude kernel: [    0.323356] pci 0000:00:02.0: reg 0x10: [mem 0xfea15000-0xfea15fff]
Aug 28 16:53:31 agiraude kernel: [    0.330115] pci 0000:00:02.1: [1b36:000c] type 01 class 0x060400
Aug 28 16:53:31 agiraude kernel: [    0.332293] pci 0000:00:02.1: reg 0x10: [mem 0xfea16000-0xfea16fff]
Aug 28 16:53:31 agiraude kernel: [    0.338154] pci 0000:00:02.2: [1b36:000c] type 01 class 0x060400
Aug 28 16:53:31 agiraude kernel: [    0.339572] pci 0000:00:02.2: reg 0x10: [mem 0xfea17000-0xfea17fff]
Aug 28 16:53:31 agiraude kernel: [    0.344356] pci 0000:00:02.3: [1b36:000c] type 01 class 0x060400
Aug 28 16:53:31 agiraude kernel: [    0.346574] pci 0000:00:02.3: reg 0x10: [mem 0xfea18000-0xfea18fff]
Aug 28 16:53:31 agiraude kernel: [    0.353932] pci 0000:00:02.4: [1b36:000c] type 01 class 0x060400
Aug 28 16:53:31 agiraude kernel: [    0.356409] pci 0000:00:02.4: reg 0x10: [mem 0xfea19000-0xfea19fff]
Aug 28 16:53:31 agiraude kernel: [    0.361050] pci 0000:00:02.5: [1b36:000c] type 01 class 0x060400
Aug 28 16:53:31 agiraude kernel: [    0.363267] pci 0000:00:02.5: reg 0x10: [mem 0xfea1a000-0xfea1afff]
Aug 28 16:53:31 agiraude kernel: [    0.366988] pci 0000:00:02.6: [1b36:000c] type 01 class 0x060400
Aug 28 16:53:31 agiraude kernel: [    0.370404] pci 0000:00:02.6: reg 0x10: [mem 0xfea1b000-0xfea1bfff]
Aug 28 16:53:31 agiraude kernel: [    0.374157] pci 0000:00:02.7: [1b36:000c] type 01 class 0x060400
Aug 28 16:53:31 agiraude kernel: [    0.376230] pci 0000:00:02.7: reg 0x10: [mem 0xfea1c000-0xfea1cfff]
Aug 28 16:53:31 agiraude kernel: [    0.381976] pci 0000:00:03.0: [1b36:000c] type 01 class 0x060400
Aug 28 16:53:31 agiraude kernel: [    0.384263] pci 0000:00:03.0: reg 0x10: [mem 0xfea1d000-0xfea1dfff]
Aug 28 16:53:31 agiraude kernel: [    0.390446] pci 0000:00:03.1: [1b36:000c] type 01 class 0x060400
Aug 28 16:53:31 agiraude kernel: [    0.392566] pci 0000:00:03.1: reg 0x10: [mem 0xfea1e000-0xfea1efff]
Aug 28 16:53:31 agiraude kernel: [    0.398249] pci 0000:00:03.2: [1b36:000c] type 01 class 0x060400
Aug 28 16:53:31 agiraude kernel: [    0.400571] pci 0000:00:03.2: reg 0x10: [mem 0xfea1f000-0xfea1ffff]
Aug 28 16:53:31 agiraude kernel: [    0.405414] pci 0000:00:03.3: [1b36:000c] type 01 class 0x060400
Aug 28 16:53:31 agiraude kernel: [    0.407568] pci 0000:00:03.3: reg 0x10: [mem 0xfea20000-0xfea20fff]
Aug 28 16:53:31 agiraude kernel: [    0.415661] pci 0000:00:03.4: [1b36:000c] type 01 class 0x060400
Aug 28 16:53:31 agiraude kernel: [    0.418564] pci 0000:00:03.4: reg 0x10: [mem 0xfea21000-0xfea21fff]
Aug 28 16:53:31 agiraude kernel: [    0.424724] pci 0000:00:03.5: [1b36:000c] type 01 class 0x060400
Aug 28 16:53:31 agiraude kernel: [    0.428512] pci 0000:00:03.5: reg 0x10: [mem 0xfea22000-0xfea22fff]
Aug 28 16:53:31 agiraude kernel: [    0.434478] pci 0000:00:1b.0: [8086:293e] type 00 class 0x040300
Aug 28 16:53:31 agiraude kernel: [    0.435572] pci 0000:00:1b.0: reg 0x10: [mem 0xfea10000-0xfea13fff]
Aug 28 16:53:31 agiraude kernel: [    0.442001] pci 0000:00:1f.0: [8086:2918] type 00 class 0x060100
Aug 28 16:53:31 agiraude kernel: [    0.442795] pci 0000:00:1f.0: quirk: [io  0x0600-0x067f] claimed by ICH6 ACPI/GPIO/TCO
Aug 28 16:53:31 agiraude kernel: [    0.443469] pci 0000:00:1f.2: [8086:2922] type 00 class 0x010601
Aug 28 16:53:31 agiraude kernel: [    0.452245] pci 0000:00:1f.2: reg 0x20: [io  0xc040-0xc05f]
Aug 28 16:53:31 agiraude kernel: [    0.453585] pci 0000:00:1f.2: reg 0x24: [mem 0xfea23000-0xfea23fff]
Aug 28 16:53:31 agiraude kernel: [    0.457241] pci 0000:00:1f.3: [8086:2930] type 00 class 0x0c0500
Aug 28 16:53:31 agiraude kernel: [    0.462180] pci 0000:00:1f.3: reg 0x20: [io  0x0700-0x073f]
Aug 28 16:53:31 agiraude kernel: [    0.464907] pci 0000:01:00.0: [1af4:1041] type 00 class 0x020000
Aug 28 16:53:31 agiraude kernel: [    0.467569] pci 0000:01:00.0: reg 0x14: [mem 0xfe840000-0xfe840fff]
Aug 28 16:53:31 agiraude kernel: [    0.472566] pci 0000:01:00.0: reg 0x20: [mem 0xfca00000-0xfca03fff 64bit pref]
Aug 28 16:53:31 agiraude kernel: [    0.475275] pci 0000:01:00.0: reg 0x30: [mem 0xfe800000-0xfe83ffff pref]
Aug 28 16:53:31 agiraude kernel: [    0.477131] pci 0000:00:02.0: PCI bridge to [bus 01]
Aug 28 16:53:31 agiraude kernel: [    0.477432] pci 0000:00:02.0:   bridge window [mem 0xfe800000-0xfe9fffff]
Aug 28 16:53:31 agiraude kernel: [    0.477617] pci 0000:00:02.0:   bridge window [mem 0xfca00000-0xfcbfffff 64bit pref]
Aug 28 16:53:31 agiraude kernel: [    0.478927] pci 0000:02:00.0: [1b36:000d] type 00 class 0x0c0330
Aug 28 16:53:31 agiraude kernel: [    0.479951] pci 0000:02:00.0: reg 0x10: [mem 0xfe600000-0xfe603fff 64bit]
Aug 28 16:53:31 agiraude kernel: [    0.485912] pci 0000:00:02.1: PCI bridge to [bus 02]
Aug 28 16:53:31 agiraude kernel: [    0.486265] pci 0000:00:02.1:   bridge window [mem 0xfe600000-0xfe7fffff]
Aug 28 16:53:31 agiraude kernel: [    0.486590] pci 0000:00:02.1:   bridge window [mem 0xfc800000-0xfc9fffff 64bit pref]
Aug 28 16:53:31 agiraude kernel: [    0.488359] pci 0000:03:00.0: [1af4:1048] type 00 class 0x010000
Aug 28 16:53:31 agiraude kernel: [    0.491572] pci 0000:03:00.0: reg 0x14: [mem 0xfe400000-0xfe400fff]
Aug 28 16:53:31 agiraude kernel: [    0.496341] pci 0000:03:00.0: reg 0x20: [mem 0xfc600000-0xfc603fff 64bit pref]
Aug 28 16:53:31 agiraude kernel: [    0.499229] pci 0000:00:02.2: PCI bridge to [bus 03]
Aug 28 16:53:31 agiraude kernel: [    0.499574] pci 0000:00:02.2:   bridge window [mem 0xfe400000-0xfe5fffff]
Aug 28 16:53:31 agiraude kernel: [    0.500593] pci 0000:00:02.2:   bridge window [mem 0xfc600000-0xfc7fffff 64bit pref]
Aug 28 16:53:31 agiraude kernel: [    0.501961] pci 0000:04:00.0: [1af4:1043] type 00 class 0x078000
Aug 28 16:53:31 agiraude kernel: [    0.504222] pci 0000:04:00.0: reg 0x14: [mem 0xfe200000-0xfe200fff]
Aug 28 16:53:31 agiraude kernel: [    0.507563] pci 0000:04:00.0: reg 0x20: [mem 0xfc400000-0xfc403fff 64bit pref]
Aug 28 16:53:31 agiraude kernel: [    0.513434] pci 0000:00:02.3: PCI bridge to [bus 04]
Aug 28 16:53:31 agiraude kernel: [    0.513607] pci 0000:00:02.3:   bridge window [mem 0xfe200000-0xfe3fffff]
Aug 28 16:53:31 agiraude kernel: [    0.514102] pci 0000:00:02.3:   bridge window [mem 0xfc400000-0xfc5fffff 64bit pref]
Aug 28 16:53:31 agiraude kernel: [    0.516898] pci 0000:05:00.0: [1af4:1042] type 00 class 0x010000
Aug 28 16:53:31 agiraude kernel: [    0.519569] pci 0000:05:00.0: reg 0x14: [mem 0xfe000000-0xfe000fff]
Aug 28 16:53:31 agiraude kernel: [    0.523331] pci 0000:05:00.0: reg 0x20: [mem 0xfc200000-0xfc203fff 64bit pref]
Aug 28 16:53:31 agiraude kernel: [    0.527208] pci 0000:00:02.4: PCI bridge to [bus 05]
Aug 28 16:53:31 agiraude kernel: [    0.527503] pci 0000:00:02.4:   bridge window [mem 0xfe000000-0xfe1fffff]
Aug 28 16:53:31 agiraude kernel: [    0.527591] pci 0000:00:02.4:   bridge window [mem 0xfc200000-0xfc3fffff 64bit pref]
Aug 28 16:53:31 agiraude kernel: [    0.529144] pci 0000:00:02.5: PCI bridge to [bus 06]
Aug 28 16:53:31 agiraude kernel: [    0.529453] pci 0000:00:02.5:   bridge window [mem 0xfde00000-0xfdffffff]
Aug 28 16:53:31 agiraude kernel: [    0.529589] pci 0000:00:02.5:   bridge window [mem 0xfc000000-0xfc1fffff 64bit pref]
Aug 28 16:53:31 agiraude kernel: [    0.532776] pci 0000:00:02.6: PCI bridge to [bus 07]
Aug 28 16:53:31 agiraude kernel: [    0.533184] pci 0000:00:02.6:   bridge window [mem 0xfdc00000-0xfddfffff]
Aug 28 16:53:31 agiraude kernel: [    0.533606] pci 0000:00:02.6:   bridge window [mem 0xfbe00000-0xfbffffff 64bit pref]
Aug 28 16:53:31 agiraude kernel: [    0.535517] pci 0000:00:02.7: PCI bridge to [bus 08]
Aug 28 16:53:31 agiraude kernel: [    0.535608] pci 0000:00:02.7:   bridge window [mem 0xfda00000-0xfdbfffff]
Aug 28 16:53:31 agiraude kernel: [    0.536085] pci 0000:00:02.7:   bridge window [mem 0xfbc00000-0xfbdfffff 64bit pref]
Aug 28 16:53:31 agiraude kernel: [    0.537298] pci 0000:09:00.0: [1af4:1045] type 00 class 0x00ff00
Aug 28 16:53:31 agiraude kernel: [    0.542962] pci 0000:09:00.0: reg 0x20: [mem 0xfba00000-0xfba03fff 64bit pref]
Aug 28 16:53:31 agiraude kernel: [    0.545937] pci 0000:00:03.0: PCI bridge to [bus 09]
Aug 28 16:53:31 agiraude kernel: [    0.546626] pci 0000:00:03.0:   bridge window [mem 0xfd800000-0xfd9fffff]
Aug 28 16:53:31 agiraude kernel: [    0.547178] pci 0000:00:03.0:   bridge window [mem 0xfba00000-0xfbbfffff 64bit pref]
Aug 28 16:53:31 agiraude kernel: [    0.549027] pci 0000:0a:00.0: [1af4:1044] type 00 class 0x00ff00
Aug 28 16:53:31 agiraude kernel: [    0.553403] pci 0000:0a:00.0: reg 0x14: [mem 0xfd600000-0xfd600fff]
Aug 28 16:53:31 agiraude kernel: [    0.557218] pci 0000:0a:00.0: reg 0x20: [mem 0xfb800000-0xfb803fff 64bit pref]
Aug 28 16:53:31 agiraude kernel: [    0.560919] pci 0000:00:03.1: PCI bridge to [bus 0a]
Aug 28 16:53:31 agiraude kernel: [    0.561264] pci 0000:00:03.1:   bridge window [mem 0xfd600000-0xfd7fffff]
Aug 28 16:53:31 agiraude kernel: [    0.561588] pci 0000:00:03.1:   bridge window [mem 0xfb800000-0xfb9fffff 64bit pref]
Aug 28 16:53:31 agiraude kernel: [    0.563811] pci 0000:00:03.2: PCI bridge to [bus 0b]
Aug 28 16:53:31 agiraude kernel: [    0.564173] pci 0000:00:03.2:   bridge window [mem 0xfd400000-0xfd5fffff]
Aug 28 16:53:31 agiraude kernel: [    0.564519] pci 0000:00:03.2:   bridge window [mem 0xfb600000-0xfb7fffff 64bit pref]
Aug 28 16:53:31 agiraude kernel: [    0.565759] pci 0000:00:03.3: PCI bridge to [bus 0c]
Aug 28 16:53:31 agiraude kernel: [    0.566097] pci 0000:00:03.3:   bridge window [mem 0xfd200000-0xfd3fffff]
Aug 28 16:53:31 agiraude kernel: [    0.566572] pci 0000:00:03.3:   bridge window [mem 0xfb400000-0xfb5fffff 64bit pref]
Aug 28 16:53:31 agiraude kernel: [    0.568483] pci 0000:00:03.4: PCI bridge to [bus 0d]
Aug 28 16:53:31 agiraude kernel: [    0.568608] pci 0000:00:03.4:   bridge window [mem 0xfd000000-0xfd1fffff]
Aug 28 16:53:31 agiraude kernel: [    0.569175] pci 0000:00:03.4:   bridge window [mem 0xfb200000-0xfb3fffff 64bit pref]
Aug 28 16:53:31 agiraude kernel: [    0.571728] pci 0000:00:03.5: PCI bridge to [bus 0e]
Aug 28 16:53:31 agiraude kernel: [    0.572078] pci 0000:00:03.5:   bridge window [mem 0xfce00000-0xfcffffff]
Aug 28 16:53:31 agiraude kernel: [    0.572598] pci 0000:00:03.5:   bridge window [mem 0xfb000000-0xfb1fffff 64bit pref]
Aug 28 16:53:31 agiraude kernel: [    0.585434] ACPI: PCI: Interrupt link LNKA configured for IRQ 10
Aug 28 16:53:31 agiraude kernel: [    0.585650] ACPI: PCI: Interrupt link LNKB configured for IRQ 10
Aug 28 16:53:31 agiraude kernel: [    0.586016] ACPI: PCI: Interrupt link LNKC configured for IRQ 11
Aug 28 16:53:31 agiraude kernel: [    0.586435] ACPI: PCI: Interrupt link LNKD configured for IRQ 11
Aug 28 16:53:31 agiraude kernel: [    0.586648] ACPI: PCI: Interrupt link LNKE configured for IRQ 10
Aug 28 16:53:31 agiraude kernel: [    0.587652] ACPI: PCI: Interrupt link LNKF configured for IRQ 10
Aug 28 16:53:31 agiraude kernel: [    0.588018] ACPI: PCI: Interrupt link LNKG configured for IRQ 11
Aug 28 16:53:31 agiraude kernel: [    0.588577] ACPI: PCI: Interrupt link LNKH configured for IRQ 11
Aug 28 16:53:31 agiraude kernel: [    0.589009] ACPI: PCI: Interrupt link GSIA configured for IRQ 16
Aug 28 16:53:31 agiraude kernel: [    0.589424] ACPI: PCI: Interrupt link GSIB configured for IRQ 17
Aug 28 16:53:31 agiraude kernel: [    0.589573] ACPI: PCI: Interrupt link GSIC configured for IRQ 18
Aug 28 16:53:31 agiraude kernel: [    0.590045] ACPI: PCI: Interrupt link GSID configured for IRQ 19
Aug 28 16:53:31 agiraude kernel: [    0.590500] ACPI: PCI: Interrupt link GSIE configured for IRQ 20
Aug 28 16:53:31 agiraude kernel: [    0.590600] ACPI: PCI: Interrupt link GSIF configured for IRQ 21
Aug 28 16:53:31 agiraude kernel: [    0.591073] ACPI: PCI: Interrupt link GSIG configured for IRQ 22
Aug 28 16:53:31 agiraude kernel: [    0.591536] ACPI: PCI: Interrupt link GSIH configured for IRQ 23
Aug 28 16:53:31 agiraude kernel: [    0.592159] iommu: Default domain type: Translated
Aug 28 16:53:31 agiraude kernel: [    0.592533] iommu: DMA domain TLB invalidation policy: lazy mode
Aug 28 16:53:31 agiraude kernel: [    0.592771] SCSI subsystem initialized
Aug 28 16:53:31 agiraude kernel: [    0.593163] libata version 3.00 loaded.
Aug 28 16:53:31 agiraude kernel: [    0.593163] ACPI: bus type USB registered
Aug 28 16:53:31 agiraude kernel: [    0.593600] usbcore: registered new interface driver usbfs
Aug 28 16:53:31 agiraude kernel: [    0.594058] usbcore: registered new interface driver hub
Aug 28 16:53:31 agiraude kernel: [    0.594462] usbcore: registered new device driver usb
Aug 28 16:53:31 agiraude kernel: [    0.594624] pps_core: LinuxPPS API ver. 1 registered
Aug 28 16:53:31 agiraude kernel: [    0.594979] pps_core: Software ver. 5.3.6 - Copyright 2005-2007 Rodolfo Giometti <giometti@linux.it>
Aug 28 16:53:31 agiraude kernel: [    0.595479] PTP clock support registered
Aug 28 16:53:31 agiraude kernel: [    0.595642] Advanced Linux Sound Architecture Driver Initialized.
Aug 28 16:53:31 agiraude kernel: [    0.596607] NetLabel: Initializing
Aug 28 16:53:31 agiraude kernel: [    0.596870] NetLabel:  domain hash size = 128
Aug 28 16:53:31 agiraude kernel: [    0.597124] NetLabel:  protocols = UNLABELED CIPSOv4 CALIPSO
Aug 28 16:53:31 agiraude kernel: [    0.597444] NetLabel:  unlabeled traffic allowed by default
Aug 28 16:53:31 agiraude kernel: [    0.597668] PCI: Using ACPI for IRQ routing
Aug 28 16:53:31 agiraude kernel: [    0.660778] PCI: pci_cache_line_size set to 64 bytes
Aug 28 16:53:31 agiraude kernel: [    0.661343] e820: reserve RAM buffer [mem 0x0009fc00-0x0009ffff]
Aug 28 16:53:31 agiraude kernel: [    0.661361] e820: reserve RAM buffer [mem 0x7ffdc000-0x7fffffff]
Aug 28 16:53:31 agiraude kernel: [    0.661606] pci 0000:00:01.0: vgaarb: setting as boot VGA device
Aug 28 16:53:31 agiraude kernel: [    0.661981] pci 0000:00:01.0: vgaarb: bridge control possible
Aug 28 16:53:31 agiraude kernel: [    0.662252] pci 0000:00:01.0: vgaarb: VGA device added: decodes=io+mem,owns=io+mem,locks=none
Aug 28 16:53:31 agiraude kernel: [    0.662568] vgaarb: loaded
Aug 28 16:53:31 agiraude kernel: [    0.662924] clocksource: Switched to clocksource kvm-clock
Aug 28 16:53:31 agiraude kernel: [    0.663437] VFS: Disk quotas dquot_6.6.0
Aug 28 16:53:31 agiraude kernel: [    0.663437] VFS: Dquot-cache hash table entries: 512 (order 0, 4096 bytes)
Aug 28 16:53:31 agiraude kernel: [    0.663724] pnp: PnP ACPI init
Aug 28 16:53:31 agiraude kernel: [    0.664188] system 00:04: [mem 0xb0000000-0xbfffffff window] has been reserved
Aug 28 16:53:31 agiraude kernel: [    0.665168] pnp: PnP ACPI: found 5 devices
Aug 28 16:53:31 agiraude kernel: [    0.672413] clocksource: acpi_pm: mask: 0xffffff max_cycles: 0xffffff, max_idle_ns: 2085701024 ns
Aug 28 16:53:31 agiraude kernel: [    0.673044] NET: Registered PF_INET protocol family
Aug 28 16:53:31 agiraude kernel: [    0.673449] IP idents hash table entries: 131072 (order: 8, 1048576 bytes, linear)
Aug 28 16:53:31 agiraude kernel: [    0.675582] tcp_listen_portaddr_hash hash table entries: 4096 (order: 4, 65536 bytes, linear)
Aug 28 16:53:31 agiraude kernel: [    0.676249] Table-perturb hash table entries: 65536 (order: 6, 262144 bytes, linear)
Aug 28 16:53:31 agiraude kernel: [    0.676848] TCP established hash table entries: 65536 (order: 7, 524288 bytes, linear)
Aug 28 16:53:31 agiraude kernel: [    0.677677] TCP bind hash table entries: 65536 (order: 9, 2097152 bytes, linear)
Aug 28 16:53:31 agiraude kernel: [    0.678462] TCP: Hash tables configured (established 65536 bind 65536)
Aug 28 16:53:31 agiraude kernel: [    0.678814] UDP hash table entries: 4096 (order: 5, 131072 bytes, linear)
Aug 28 16:53:31 agiraude kernel: [    0.679157] UDP-Lite hash table entries: 4096 (order: 5, 131072 bytes, linear)
Aug 28 16:53:31 agiraude kernel: [    0.679600] NET: Registered PF_UNIX/PF_LOCAL protocol family
Aug 28 16:53:31 agiraude kernel: [    0.680296] RPC: Registered named UNIX socket transport module.
Aug 28 16:53:31 agiraude kernel: [    0.681432] RPC: Registered udp transport module.
Aug 28 16:53:31 agiraude kernel: [    0.681710] RPC: Registered tcp transport module.
Aug 28 16:53:31 agiraude kernel: [    0.681986] RPC: Registered tcp-with-tls transport module.
Aug 28 16:53:31 agiraude kernel: [    0.682280] RPC: Registered tcp NFSv4.1 backchannel transport module.
Aug 28 16:53:31 agiraude kernel: [    0.683297] pci 0000:00:02.0: bridge window [io  0x1000-0x0fff] to [bus 01] add_size 1000
Aug 28 16:53:31 agiraude kernel: [    0.683885] pci 0000:00:02.1: bridge window [io  0x1000-0x0fff] to [bus 02] add_size 1000
Aug 28 16:53:31 agiraude kernel: [    0.684574] pci 0000:00:02.2: bridge window [io  0x1000-0x0fff] to [bus 03] add_size 1000
Aug 28 16:53:31 agiraude kernel: [    0.685215] pci 0000:00:02.3: bridge window [io  0x1000-0x0fff] to [bus 04] add_size 1000
Aug 28 16:53:31 agiraude kernel: [    0.685822] pci 0000:00:02.4: bridge window [io  0x1000-0x0fff] to [bus 05] add_size 1000
Aug 28 16:53:31 agiraude kernel: [    0.686519] pci 0000:00:02.5: bridge window [io  0x1000-0x0fff] to [bus 06] add_size 1000
Aug 28 16:53:31 agiraude kernel: [    0.687168] pci 0000:00:02.6: bridge window [io  0x1000-0x0fff] to [bus 07] add_size 1000
Aug 28 16:53:31 agiraude kernel: [    0.687792] pci 0000:00:02.7: bridge window [io  0x1000-0x0fff] to [bus 08] add_size 1000
Aug 28 16:53:31 agiraude kernel: [    0.688504] pci 0000:00:03.0: bridge window [io  0x1000-0x0fff] to [bus 09] add_size 1000
Aug 28 16:53:31 agiraude kernel: [    0.689127] pci 0000:00:03.1: bridge window [io  0x1000-0x0fff] to [bus 0a] add_size 1000
Aug 28 16:53:31 agiraude kernel: [    0.689726] pci 0000:00:03.2: bridge window [io  0x1000-0x0fff] to [bus 0b] add_size 1000
Aug 28 16:53:31 agiraude kernel: [    0.690342] pci 0000:00:03.3: bridge window [io  0x1000-0x0fff] to [bus 0c] add_size 1000
Aug 28 16:53:31 agiraude kernel: [    0.690942] pci 0000:00:03.4: bridge window [io  0x1000-0x0fff] to [bus 0d] add_size 1000
Aug 28 16:53:31 agiraude kernel: [    0.691417] pci 0000:00:03.5: bridge window [io  0x1000-0x0fff] to [bus 0e] add_size 1000
Aug 28 16:53:31 agiraude kernel: [    0.692024] pci 0000:00:02.0: BAR 7: assigned [io  0x1000-0x1fff]
Aug 28 16:53:31 agiraude kernel: [    0.692366] pci 0000:00:02.1: BAR 7: assigned [io  0x2000-0x2fff]
Aug 28 16:53:31 agiraude kernel: [    0.692665] pci 0000:00:02.2: BAR 7: assigned [io  0x3000-0x3fff]
Aug 28 16:53:31 agiraude kernel: [    0.692988] pci 0000:00:02.3: BAR 7: assigned [io  0x4000-0x4fff]
Aug 28 16:53:31 agiraude kernel: [    0.693287] pci 0000:00:02.4: BAR 7: assigned [io  0x5000-0x5fff]
Aug 28 16:53:31 agiraude kernel: [    0.693578] pci 0000:00:02.5: BAR 7: assigned [io  0x6000-0x6fff]
Aug 28 16:53:31 agiraude kernel: [    0.693878] pci 0000:00:02.6: BAR 7: assigned [io  0x7000-0x7fff]
Aug 28 16:53:31 agiraude kernel: [    0.694159] pci 0000:00:02.7: BAR 7: assigned [io  0x8000-0x8fff]
Aug 28 16:53:31 agiraude kernel: [    0.694440] pci 0000:00:03.0: BAR 7: assigned [io  0x9000-0x9fff]
Aug 28 16:53:31 agiraude kernel: [    0.694717] pci 0000:00:03.1: BAR 7: assigned [io  0xa000-0xafff]
Aug 28 16:53:31 agiraude kernel: [    0.694997] pci 0000:00:03.2: BAR 7: assigned [io  0xb000-0xbfff]
Aug 28 16:53:31 agiraude kernel: [    0.695282] pci 0000:00:03.3: BAR 7: assigned [io  0xd000-0xdfff]
Aug 28 16:53:31 agiraude kernel: [    0.695563] pci 0000:00:03.4: BAR 7: assigned [io  0xe000-0xefff]
Aug 28 16:53:31 agiraude kernel: [    0.695843] pci 0000:00:03.5: BAR 7: assigned [io  0xf000-0xffff]
Aug 28 16:53:31 agiraude kernel: [    0.696131] pci 0000:00:02.0: PCI bridge to [bus 01]
Aug 28 16:53:31 agiraude kernel: [    0.696395] pci 0000:00:02.0:   bridge window [io  0x1000-0x1fff]
Aug 28 16:53:31 agiraude kernel: [    0.699495] pci 0000:00:02.0:   bridge window [mem 0xfe800000-0xfe9fffff]
Aug 28 16:53:31 agiraude kernel: [    0.701453] pci 0000:00:02.0:   bridge window [mem 0xfca00000-0xfcbfffff 64bit pref]
Aug 28 16:53:31 agiraude kernel: [    0.704865] pci 0000:00:02.1: PCI bridge to [bus 02]
Aug 28 16:53:31 agiraude kernel: [    0.705202] pci 0000:00:02.1:   bridge window [io  0x2000-0x2fff]
Aug 28 16:53:31 agiraude kernel: [    0.707681] pci 0000:00:02.1:   bridge window [mem 0xfe600000-0xfe7fffff]
Aug 28 16:53:31 agiraude kernel: [    0.710550] pci 0000:00:02.1:   bridge window [mem 0xfc800000-0xfc9fffff 64bit pref]
Aug 28 16:53:31 agiraude kernel: [    0.715888] pci 0000:00:02.2: PCI bridge to [bus 03]
Aug 28 16:53:31 agiraude kernel: [    0.716271] pci 0000:00:02.2:   bridge window [io  0x3000-0x3fff]
Aug 28 16:53:31 agiraude kernel: [    0.719290] pci 0000:00:02.2:   bridge window [mem 0xfe400000-0xfe5fffff]
Aug 28 16:53:31 agiraude kernel: [    0.723046] pci 0000:00:02.2:   bridge window [mem 0xfc600000-0xfc7fffff 64bit pref]
Aug 28 16:53:31 agiraude kernel: [    0.725500] pci 0000:00:02.3: PCI bridge to [bus 04]
Aug 28 16:53:31 agiraude kernel: [    0.725821] pci 0000:00:02.3:   bridge window [io  0x4000-0x4fff]
Aug 28 16:53:31 agiraude kernel: [    0.728145] pci 0000:00:02.3:   bridge window [mem 0xfe200000-0xfe3fffff]
Aug 28 16:53:31 agiraude kernel: [    0.729558] pci 0000:00:02.3:   bridge window [mem 0xfc400000-0xfc5fffff 64bit pref]
Aug 28 16:53:31 agiraude kernel: [    0.734298] pci 0000:00:02.4: PCI bridge to [bus 05]
Aug 28 16:53:31 agiraude kernel: [    0.734610] pci 0000:00:02.4:   bridge window [io  0x5000-0x5fff]
Aug 28 16:53:31 agiraude kernel: [    0.736166] pci 0000:00:02.4:   bridge window [mem 0xfe000000-0xfe1fffff]
Aug 28 16:53:31 agiraude kernel: [    0.737501] pci 0000:00:02.4:   bridge window [mem 0xfc200000-0xfc3fffff 64bit pref]
Aug 28 16:53:31 agiraude kernel: [    0.739690] pci 0000:00:02.5: PCI bridge to [bus 06]
Aug 28 16:53:31 agiraude kernel: [    0.739993] pci 0000:00:02.5:   bridge window [io  0x6000-0x6fff]
Aug 28 16:53:31 agiraude kernel: [    0.742279] pci 0000:00:02.5:   bridge window [mem 0xfde00000-0xfdffffff]
Aug 28 16:53:31 agiraude kernel: [    0.749221] pci 0000:00:02.5:   bridge window [mem 0xfc000000-0xfc1fffff 64bit pref]
Aug 28 16:53:31 agiraude kernel: [    0.751222] pci 0000:00:02.6: PCI bridge to [bus 07]
Aug 28 16:53:31 agiraude kernel: [    0.751544] pci 0000:00:02.6:   bridge window [io  0x7000-0x7fff]
Aug 28 16:53:31 agiraude kernel: [    0.753034] pci 0000:00:02.6:   bridge window [mem 0xfdc00000-0xfddfffff]
Aug 28 16:53:31 agiraude kernel: [    0.754388] pci 0000:00:02.6:   bridge window [mem 0xfbe00000-0xfbffffff 64bit pref]
Aug 28 16:53:31 agiraude kernel: [    0.756891] pci 0000:00:02.7: PCI bridge to [bus 08]
Aug 28 16:53:31 agiraude kernel: [    0.759533] pci 0000:00:02.7:   bridge window [io  0x8000-0x8fff]
Aug 28 16:53:31 agiraude kernel: [    0.762232] pci 0000:00:02.7:   bridge window [mem 0xfda00000-0xfdbfffff]
Aug 28 16:53:31 agiraude kernel: [    0.763817] pci 0000:00:02.7:   bridge window [mem 0xfbc00000-0xfbdfffff 64bit pref]
Aug 28 16:53:31 agiraude kernel: [    0.767043] pci 0000:00:03.0: PCI bridge to [bus 09]
Aug 28 16:53:31 agiraude kernel: [    0.767536] pci 0000:00:03.0:   bridge window [io  0x9000-0x9fff]
Aug 28 16:53:31 agiraude kernel: [    0.770002] pci 0000:00:03.0:   bridge window [mem 0xfd800000-0xfd9fffff]
Aug 28 16:53:31 agiraude kernel: [    0.779785] pci 0000:00:03.0:   bridge window [mem 0xfba00000-0xfbbfffff 64bit pref]
Aug 28 16:53:31 agiraude kernel: [    0.782342] pci 0000:00:03.1: PCI bridge to [bus 0a]
Aug 28 16:53:31 agiraude kernel: [    0.783883] pci 0000:00:03.1:   bridge window [io  0xa000-0xafff]
Aug 28 16:53:31 agiraude kernel: [    0.786316] pci 0000:00:03.1:   bridge window [mem 0xfd600000-0xfd7fffff]
Aug 28 16:53:31 agiraude kernel: [    0.787778] pci 0000:00:03.1:   bridge window [mem 0xfb800000-0xfb9fffff 64bit pref]
Aug 28 16:53:31 agiraude kernel: [    0.789742] pci 0000:00:03.2: PCI bridge to [bus 0b]
Aug 28 16:53:31 agiraude kernel: [    0.790026] pci 0000:00:03.2:   bridge window [io  0xb000-0xbfff]
Aug 28 16:53:31 agiraude kernel: [    0.791908] pci 0000:00:03.2:   bridge window [mem 0xfd400000-0xfd5fffff]
Aug 28 16:53:31 agiraude kernel: [    0.792977] pci 0000:00:03.2:   bridge window [mem 0xfb600000-0xfb7fffff 64bit pref]
Aug 28 16:53:31 agiraude kernel: [    0.797238] pci 0000:00:03.3: PCI bridge to [bus 0c]
Aug 28 16:53:31 agiraude kernel: [    0.797636] pci 0000:00:03.3:   bridge window [io  0xd000-0xdfff]
Aug 28 16:53:31 agiraude kernel: [    0.799771] pci 0000:00:03.3:   bridge window [mem 0xfd200000-0xfd3fffff]
Aug 28 16:53:31 agiraude kernel: [    0.800873] pci 0000:00:03.3:   bridge window [mem 0xfb400000-0xfb5fffff 64bit pref]
Aug 28 16:53:31 agiraude kernel: [    0.803051] pci 0000:00:03.4: PCI bridge to [bus 0d]
Aug 28 16:53:31 agiraude kernel: [    0.803561] pci 0000:00:03.4:   bridge window [io  0xe000-0xefff]
Aug 28 16:53:31 agiraude kernel: [    0.807590] pci 0000:00:03.4:   bridge window [mem 0xfd000000-0xfd1fffff]
Aug 28 16:53:31 agiraude kernel: [    0.813000] pci 0000:00:03.4:   bridge window [mem 0xfb200000-0xfb3fffff 64bit pref]
Aug 28 16:53:31 agiraude kernel: [    0.814839] pci 0000:00:03.5: PCI bridge to [bus 0e]
Aug 28 16:53:31 agiraude kernel: [    0.815172] pci 0000:00:03.5:   bridge window [io  0xf000-0xffff]
Aug 28 16:53:31 agiraude kernel: [    0.816574] pci 0000:00:03.5:   bridge window [mem 0xfce00000-0xfcffffff]
Aug 28 16:53:31 agiraude kernel: [    0.817822] pci 0000:00:03.5:   bridge window [mem 0xfb000000-0xfb1fffff 64bit pref]
Aug 28 16:53:31 agiraude kernel: [    0.819979] pci_bus 0000:00: resource 4 [io  0x0000-0x0cf7 window]
Aug 28 16:53:31 agiraude kernel: [    0.820311] pci_bus 0000:00: resource 5 [io  0x0d00-0xffff window]
Aug 28 16:53:31 agiraude kernel: [    0.820605] pci_bus 0000:00: resource 6 [mem 0x000a0000-0x000bffff window]
Aug 28 16:53:31 agiraude kernel: [    0.823320] pci_bus 0000:00: resource 7 [mem 0x80000000-0xafffffff window]
Aug 28 16:53:31 agiraude kernel: [    0.823637] pci_bus 0000:00: resource 8 [mem 0xc0000000-0xfebfffff window]
Aug 28 16:53:31 agiraude kernel: [    0.823960] pci_bus 0000:00: resource 9 [mem 0x280000000-0xa7fffffff window]
Aug 28 16:53:31 agiraude kernel: [    0.824330] pci_bus 0000:01: resource 0 [io  0x1000-0x1fff]
Aug 28 16:53:31 agiraude kernel: [    0.824636] pci_bus 0000:01: resource 1 [mem 0xfe800000-0xfe9fffff]
Aug 28 16:53:31 agiraude kernel: [    0.824972] pci_bus 0000:01: resource 2 [mem 0xfca00000-0xfcbfffff 64bit pref]
Aug 28 16:53:31 agiraude kernel: [    0.825365] pci_bus 0000:02: resource 0 [io  0x2000-0x2fff]
Aug 28 16:53:31 agiraude kernel: [    0.825639] pci_bus 0000:02: resource 1 [mem 0xfe600000-0xfe7fffff]
Aug 28 16:53:31 agiraude kernel: [    0.825936] pci_bus 0000:02: resource 2 [mem 0xfc800000-0xfc9fffff 64bit pref]
Aug 28 16:53:31 agiraude kernel: [    0.826319] pci_bus 0000:03: resource 0 [io  0x3000-0x3fff]
Aug 28 16:53:31 agiraude kernel: [    0.826591] pci_bus 0000:03: resource 1 [mem 0xfe400000-0xfe5fffff]
Aug 28 16:53:31 agiraude kernel: [    0.826878] pci_bus 0000:03: resource 2 [mem 0xfc600000-0xfc7fffff 64bit pref]
Aug 28 16:53:31 agiraude kernel: [    0.827246] pci_bus 0000:04: resource 0 [io  0x4000-0x4fff]
Aug 28 16:53:31 agiraude kernel: [    0.827509] pci_bus 0000:04: resource 1 [mem 0xfe200000-0xfe3fffff]
Aug 28 16:53:31 agiraude kernel: [    0.827790] pci_bus 0000:04: resource 2 [mem 0xfc400000-0xfc5fffff 64bit pref]
Aug 28 16:53:31 agiraude kernel: [    0.828152] pci_bus 0000:05: resource 0 [io  0x5000-0x5fff]
Aug 28 16:53:31 agiraude kernel: [    0.828423] pci_bus 0000:05: resource 1 [mem 0xfe000000-0xfe1fffff]
Aug 28 16:53:31 agiraude kernel: [    0.828705] pci_bus 0000:05: resource 2 [mem 0xfc200000-0xfc3fffff 64bit pref]
Aug 28 16:53:31 agiraude kernel: [    0.829070] pci_bus 0000:06: resource 0 [io  0x6000-0x6fff]
Aug 28 16:53:31 agiraude kernel: [    0.829341] pci_bus 0000:06: resource 1 [mem 0xfde00000-0xfdffffff]
Aug 28 16:53:31 agiraude kernel: [    0.829625] pci_bus 0000:06: resource 2 [mem 0xfc000000-0xfc1fffff 64bit pref]
Aug 28 16:53:31 agiraude kernel: [    0.829988] pci_bus 0000:07: resource 0 [io  0x7000-0x7fff]
Aug 28 16:53:31 agiraude kernel: [    0.830271] pci_bus 0000:07: resource 1 [mem 0xfdc00000-0xfddfffff]
Aug 28 16:53:31 agiraude kernel: [    0.830566] pci_bus 0000:07: resource 2 [mem 0xfbe00000-0xfbffffff 64bit pref]
Aug 28 16:53:31 agiraude kernel: [    0.831064] pci_bus 0000:08: resource 0 [io  0x8000-0x8fff]
Aug 28 16:53:31 agiraude kernel: [    0.831358] pci_bus 0000:08: resource 1 [mem 0xfda00000-0xfdbfffff]
Aug 28 16:53:31 agiraude kernel: [    0.831673] pci_bus 0000:08: resource 2 [mem 0xfbc00000-0xfbdfffff 64bit pref]
Aug 28 16:53:31 agiraude kernel: [    0.832141] pci_bus 0000:09: resource 0 [io  0x9000-0x9fff]
Aug 28 16:53:31 agiraude kernel: [    0.832426] pci_bus 0000:09: resource 1 [mem 0xfd800000-0xfd9fffff]
Aug 28 16:53:31 agiraude kernel: [    0.832865] pci_bus 0000:09: resource 2 [mem 0xfba00000-0xfbbfffff 64bit pref]
Aug 28 16:53:31 agiraude kernel: [    0.833506] pci_bus 0000:0a: resource 0 [io  0xa000-0xafff]
Aug 28 16:53:31 agiraude kernel: [    0.833965] pci_bus 0000:0a: resource 1 [mem 0xfd600000-0xfd7fffff]
Aug 28 16:53:31 agiraude kernel: [    0.834445] pci_bus 0000:0a: resource 2 [mem 0xfb800000-0xfb9fffff 64bit pref]
Aug 28 16:53:31 agiraude kernel: [    0.835064] pci_bus 0000:0b: resource 0 [io  0xb000-0xbfff]
Aug 28 16:53:31 agiraude kernel: [    0.835510] pci_bus 0000:0b: resource 1 [mem 0xfd400000-0xfd5fffff]
Aug 28 16:53:31 agiraude kernel: [    0.836003] pci_bus 0000:0b: resource 2 [mem 0xfb600000-0xfb7fffff 64bit pref]
Aug 28 16:53:31 agiraude kernel: [    0.838178] pci_bus 0000:0c: resource 0 [io  0xd000-0xdfff]
Aug 28 16:53:31 agiraude kernel: [    0.838646] pci_bus 0000:0c: resource 1 [mem 0xfd200000-0xfd3fffff]
Aug 28 16:53:31 agiraude kernel: [    0.839144] pci_bus 0000:0c: resource 2 [mem 0xfb400000-0xfb5fffff 64bit pref]
Aug 28 16:53:31 agiraude kernel: [    0.839759] pci_bus 0000:0d: resource 0 [io  0xe000-0xefff]
Aug 28 16:53:31 agiraude kernel: [    0.840225] pci_bus 0000:0d: resource 1 [mem 0xfd000000-0xfd1fffff]
Aug 28 16:53:31 agiraude kernel: [    0.840679] pci_bus 0000:0d: resource 2 [mem 0xfb200000-0xfb3fffff 64bit pref]
Aug 28 16:53:31 agiraude kernel: [    0.841286] pci_bus 0000:0e: resource 0 [io  0xf000-0xffff]
Aug 28 16:53:31 agiraude kernel: [    0.841732] pci_bus 0000:0e: resource 1 [mem 0xfce00000-0xfcffffff]
Aug 28 16:53:31 agiraude kernel: [    0.842195] pci_bus 0000:0e: resource 2 [mem 0xfb000000-0xfb1fffff 64bit pref]
Aug 28 16:53:31 agiraude kernel: [    0.844031] ACPI: \_SB_.GSIG: Enabled at IRQ 22
Aug 28 16:53:31 agiraude kernel: [    0.847333] PCI: CLS 0 bytes, default 64
Aug 28 16:53:31 agiraude kernel: [    0.847645] PCI-DMA: Using software bounce buffering for IO (SWIOTLB)
Aug 28 16:53:31 agiraude kernel: [    0.847990] software IO TLB: mapped [mem 0x000000007bfdc000-0x000000007ffdc000] (64MB)
Aug 28 16:53:31 agiraude kernel: [    0.848971] RAPL PMU: API unit is 2^-32 Joules, 0 fixed counters, 10737418240 ms ovfl timer
Aug 28 16:53:31 agiraude kernel: [    0.849525] clocksource: tsc: mask: 0xffffffffffffffff max_cycles: 0x21139776891, max_idle_ns: 440795250948 ns
Aug 28 16:53:31 agiraude kernel: [    0.851162] Initialise system trusted keyrings
Aug 28 16:53:31 agiraude kernel: [    0.851594] workingset: timestamp_bits=56 max_order=21 bucket_order=0
Aug 28 16:53:31 agiraude kernel: [    0.852144] NFS: Registering the id_resolver key type
Aug 28 16:53:31 agiraude kernel: [    0.852454] Key type id_resolver registered
Aug 28 16:53:31 agiraude kernel: [    0.852704] Key type id_legacy registered
Aug 28 16:53:31 agiraude kernel: [    0.853068] 9p: Installing v9fs 9p2000 file system support
Aug 28 16:53:31 agiraude kernel: [    0.861345] Key type asymmetric registered
Aug 28 16:53:31 agiraude kernel: [    0.861610] Asymmetric key parser 'x509' registered
Aug 28 16:53:31 agiraude kernel: [    0.861876] Block layer SCSI generic (bsg) driver version 0.4 loaded (major 251)
Aug 28 16:53:31 agiraude kernel: [    0.862274] io scheduler mq-deadline registered
Aug 28 16:53:31 agiraude kernel: [    0.862526] io scheduler kyber registered
Aug 28 16:53:31 agiraude kernel: [    0.865654] pcieport 0000:00:02.0: PME: Signaling with IRQ 24
Aug 28 16:53:31 agiraude kernel: [    0.869093] pcieport 0000:00:02.1: PME: Signaling with IRQ 25
Aug 28 16:53:31 agiraude kernel: [    0.872541] pcieport 0000:00:02.2: PME: Signaling with IRQ 26
Aug 28 16:53:31 agiraude kernel: [    0.878108] pcieport 0000:00:02.3: PME: Signaling with IRQ 27
Aug 28 16:53:31 agiraude kernel: [    0.880835] pcieport 0000:00:02.4: PME: Signaling with IRQ 28
Aug 28 16:53:31 agiraude kernel: [    0.883070] pcieport 0000:00:02.5: PME: Signaling with IRQ 29
Aug 28 16:53:31 agiraude kernel: [    0.885346] pcieport 0000:00:02.6: PME: Signaling with IRQ 30
Aug 28 16:53:31 agiraude kernel: [    0.889895] pcieport 0000:00:02.7: PME: Signaling with IRQ 31
Aug 28 16:53:31 agiraude kernel: [    0.890731] ACPI: \_SB_.GSIH: Enabled at IRQ 23
Aug 28 16:53:31 agiraude kernel: [    0.892814] pcieport 0000:00:03.0: PME: Signaling with IRQ 32
Aug 28 16:53:31 agiraude kernel: [    0.895134] pcieport 0000:00:03.1: PME: Signaling with IRQ 33
Aug 28 16:53:31 agiraude kernel: [    0.897767] pcieport 0000:00:03.2: PME: Signaling with IRQ 34
Aug 28 16:53:31 agiraude kernel: [    0.904851] pcieport 0000:00:03.3: PME: Signaling with IRQ 35
Aug 28 16:53:31 agiraude kernel: [    0.907587] pcieport 0000:00:03.4: PME: Signaling with IRQ 36
Aug 28 16:53:31 agiraude kernel: [    0.910112] pcieport 0000:00:03.5: PME: Signaling with IRQ 37
Aug 28 16:53:31 agiraude kernel: [    0.911006] input: Power Button as /devices/LNXSYSTM:00/LNXPWRBN:00/input/input0
Aug 28 16:53:31 agiraude kernel: [    0.911583] ACPI: button: Power Button [PWRF]
Aug 28 16:53:31 agiraude kernel: [    0.913480] ACPI: \_SB_.GSIF: Enabled at IRQ 21
Aug 28 16:53:31 agiraude kernel: [    0.923742] Serial: 8250/16550 driver, 4 ports, IRQ sharing enabled
Aug 28 16:53:31 agiraude kernel: [    0.924297] 00:00: ttyS0 at I/O 0x3f8 (irq = 4, base_baud = 115200) is a 16550A
Aug 28 16:53:31 agiraude kernel: [    0.936482] Non-volatile memory driver v1.3
Aug 28 16:53:31 agiraude kernel: [    0.936904] Linux agpgart interface v0.103
Aug 28 16:53:31 agiraude kernel: [    0.937518] ACPI: bus type drm_connector registered
Aug 28 16:53:31 agiraude kernel: [    0.938255] [drm] pci: virtio-vga detected at 0000:00:01.0
Aug 28 16:53:31 agiraude kernel: [    0.938738] virtio-pci 0000:00:01.0: vgaarb: deactivate vga console
Aug 28 16:53:31 agiraude kernel: [    0.941890] Console: switching to colour dummy device 80x25
Aug 28 16:53:31 agiraude kernel: [    0.942106] [drm] features: -virgl +edid -resource_blob -host_visible
Aug 28 16:53:31 agiraude kernel: [    0.942107] [drm] features: -context_init
Aug 28 16:53:31 agiraude kernel: [    0.942750] [drm] number of scanouts: 1
Aug 28 16:53:31 agiraude kernel: [    0.942758] [drm] number of cap sets: 0
Aug 28 16:53:31 agiraude kernel: [    0.943458] [drm] Initialized virtio_gpu 0.1.0 0 for 0000:00:01.0 on minor 0
Aug 28 16:53:31 agiraude kernel: [    0.945260] fbcon: virtio_gpudrmfb (fb0) is primary device
Aug 28 16:53:31 agiraude kernel: [    0.951478] Console: switching to colour frame buffer device 160x50
Aug 28 16:53:31 agiraude kernel: [    0.957098] virtio-pci 0000:00:01.0: [drm] fb0: virtio_gpudrmfb frame buffer device
Aug 28 16:53:31 agiraude kernel: [    0.961023] loop: module loaded
Aug 28 16:53:31 agiraude kernel: [    0.966432] virtio_blk virtio4: 4/0/0 default/read/poll queues
Aug 28 16:53:31 agiraude kernel: [    0.968047] virtio_blk virtio4: [vda] 115343360 512-byte logical blocks (59.1 GB/55.0 GiB)
Aug 28 16:53:31 agiraude kernel: [    0.970126]  vda: vda1 vda2 vda3
Aug 28 16:53:31 agiraude kernel: [    0.972833] scsi host0: Virtio SCSI HBA
Aug 28 16:53:31 agiraude kernel: [    0.986953] ahci 0000:00:1f.2: version 3.0
Aug 28 16:53:31 agiraude kernel: [    0.987297] ACPI: \_SB_.GSIA: Enabled at IRQ 16
Aug 28 16:53:31 agiraude kernel: [    0.988263] ahci 0000:00:1f.2: AHCI 0001.0000 32 slots 6 ports 1.5 Gbps 0x3f impl SATA mode
Aug 28 16:53:31 agiraude kernel: [    0.988296] ahci 0000:00:1f.2: flags: 64bit ncq only 
Aug 28 16:53:31 agiraude kernel: [    0.989827] scsi host1: ahci
Aug 28 16:53:31 agiraude kernel: [    0.990195] scsi host2: ahci
Aug 28 16:53:31 agiraude kernel: [    0.990530] scsi host3: ahci
Aug 28 16:53:31 agiraude kernel: [    0.990761] scsi host4: ahci
Aug 28 16:53:31 agiraude kernel: [    0.990976] scsi host5: ahci
Aug 28 16:53:31 agiraude kernel: [    0.991268] scsi host6: ahci
Aug 28 16:53:31 agiraude kernel: [    0.991388] ata1: SATA max UDMA/133 abar m4096@0xfea23000 port 0xfea23100 irq 55
Aug 28 16:53:31 agiraude kernel: [    0.991412] ata2: SATA max UDMA/133 abar m4096@0xfea23000 port 0xfea23180 irq 55
Aug 28 16:53:31 agiraude kernel: [    0.991431] ata3: SATA max UDMA/133 abar m4096@0xfea23000 port 0xfea23200 irq 55
Aug 28 16:53:31 agiraude kernel: [    0.991448] ata4: SATA max UDMA/133 abar m4096@0xfea23000 port 0xfea23280 irq 55
Aug 28 16:53:31 agiraude kernel: [    0.991465] ata5: SATA max UDMA/133 abar m4096@0xfea23000 port 0xfea23300 irq 55
Aug 28 16:53:31 agiraude kernel: [    0.991483] ata6: SATA max UDMA/133 abar m4096@0xfea23000 port 0xfea23380 irq 55
Aug 28 16:53:31 agiraude kernel: [    0.996722] e100: Intel(R) PRO/100 Network Driver
Aug 28 16:53:31 agiraude kernel: [    0.996765] e100: Copyright(c) 1999-2006 Intel Corporation
Aug 28 16:53:31 agiraude kernel: [    0.997054] e1000: Intel(R) PRO/1000 Network Driver
Aug 28 16:53:31 agiraude kernel: [    0.998032] e1000: Copyright (c) 1999-2006 Intel Corporation.
Aug 28 16:53:31 agiraude kernel: [    1.001979] e1000e: Intel(R) PRO/1000 Network Driver
Aug 28 16:53:31 agiraude kernel: [    1.002502] e1000e: Copyright(c) 1999 - 2015 Intel Corporation.
Aug 28 16:53:31 agiraude kernel: [    1.002979] sky2: driver version 1.30
Aug 28 16:53:31 agiraude kernel: [    1.008755] xhci_hcd 0000:02:00.0: xHCI Host Controller
Aug 28 16:53:31 agiraude kernel: [    1.011387] xhci_hcd 0000:02:00.0: new USB bus registered, assigned bus number 1
Aug 28 16:53:31 agiraude kernel: [    1.012707] xhci_hcd 0000:02:00.0: hcc params 0x00087001 hci version 0x100 quirks 0x0000000000000010
Aug 28 16:53:31 agiraude kernel: [    1.017940] xhci_hcd 0000:02:00.0: xHCI Host Controller
Aug 28 16:53:31 agiraude kernel: [    1.020868] xhci_hcd 0000:02:00.0: new USB bus registered, assigned bus number 2
Aug 28 16:53:31 agiraude kernel: [    1.022843] xhci_hcd 0000:02:00.0: Host supports USB 3.0 SuperSpeed
Aug 28 16:53:31 agiraude kernel: [    1.025264] usb usb1: New USB device found, idVendor=1d6b, idProduct=0002, bcdDevice= 6.05
Aug 28 16:53:31 agiraude kernel: [    1.026305] usb usb1: New USB device strings: Mfr=3, Product=2, SerialNumber=1
Aug 28 16:53:31 agiraude kernel: [    1.026749] usb usb1: Product: xHCI Host Controller
Aug 28 16:53:31 agiraude kernel: [    1.027187] usb usb1: Manufacturer: Linux 6.5.0-next-20230828agiraude-next xhci-hcd
Aug 28 16:53:31 agiraude kernel: [    1.027677] usb usb1: SerialNumber: 0000:02:00.0
Aug 28 16:53:31 agiraude kernel: [    1.032642] hub 1-0:1.0: USB hub found
Aug 28 16:53:31 agiraude kernel: [    1.034775] hub 1-0:1.0: 15 ports detected
Aug 28 16:53:31 agiraude kernel: [    1.037869] usb usb2: We don't know the algorithms for LPM for this host, disabling LPM.
Aug 28 16:53:31 agiraude kernel: [    1.040138] usb usb2: New USB device found, idVendor=1d6b, idProduct=0003, bcdDevice= 6.05
Aug 28 16:53:31 agiraude kernel: [    1.040907] usb usb2: New USB device strings: Mfr=3, Product=2, SerialNumber=1
Aug 28 16:53:31 agiraude kernel: [    1.041644] usb usb2: Product: xHCI Host Controller
Aug 28 16:53:31 agiraude kernel: [    1.041986] usb usb2: Manufacturer: Linux 6.5.0-next-20230828agiraude-next xhci-hcd
Aug 28 16:53:31 agiraude kernel: [    1.042624] usb usb2: SerialNumber: 0000:02:00.0
Aug 28 16:53:31 agiraude kernel: [    1.044985] hub 2-0:1.0: USB hub found
Aug 28 16:53:31 agiraude kernel: [    1.047776] hub 2-0:1.0: 15 ports detected
Aug 28 16:53:31 agiraude kernel: [    1.052545] usbcore: registered new interface driver usblp
Aug 28 16:53:31 agiraude kernel: [    1.053540] usbcore: registered new interface driver usb-storage
Aug 28 16:53:31 agiraude kernel: [    1.054709] i8042: PNP: PS/2 Controller [PNP0303:KBD,PNP0f13:MOU] at 0x60,0x64 irq 1,12
Aug 28 16:53:31 agiraude kernel: [    1.059587] serio: i8042 KBD port at 0x60,0x64 irq 1
Aug 28 16:53:31 agiraude kernel: [    1.061299] serio: i8042 AUX port at 0x60,0x64 irq 12
Aug 28 16:53:31 agiraude kernel: [    1.062172] rtc_cmos 00:03: RTC can wake from S4
Aug 28 16:53:31 agiraude kernel: [    1.067128] rtc_cmos 00:03: registered as rtc0
Aug 28 16:53:31 agiraude kernel: [    1.069675] rtc_cmos 00:03: alarms up to one day, y3k, 242 bytes nvram
Aug 28 16:53:31 agiraude kernel: [    1.070532] i801_smbus 0000:00:1f.3: SMBus using PCI interrupt
Aug 28 16:53:31 agiraude kernel: [    1.070957] i2c i2c-0: 1/1 memory slots populated (from DMI)
Aug 28 16:53:31 agiraude kernel: [    1.071265] i2c i2c-0: Memory type 0x07 not supported yet, not instantiating SPD
Aug 28 16:53:31 agiraude kernel: [    1.071429] device-mapper: ioctl: 4.48.0-ioctl (2023-03-01) initialised: dm-devel@redhat.com
Aug 28 16:53:31 agiraude kernel: [    1.071654] input: AT Translated Set 2 keyboard as /devices/platform/i8042/serio0/input/input1
Aug 28 16:53:31 agiraude kernel: [    1.071892] intel_pstate: CPU model not supported
Aug 28 16:53:31 agiraude kernel: [    1.072735] hid: raw HID events driver (C) Jiri Kosina
Aug 28 16:53:31 agiraude kernel: [    1.074364] usbcore: registered new interface driver usbhid
Aug 28 16:53:31 agiraude kernel: [    1.074884] usbhid: USB HID core driver
Aug 28 16:53:31 agiraude kernel: [    1.080210] Initializing XFRM netlink socket
Aug 28 16:53:31 agiraude kernel: [    1.080811] NET: Registered PF_INET6 protocol family
Aug 28 16:53:31 agiraude kernel: [    1.084960] Segment Routing with IPv6
Aug 28 16:53:31 agiraude kernel: [    1.088367] In-situ OAM (IOAM) with IPv6
Aug 28 16:53:31 agiraude kernel: [    1.089173] sit: IPv6, IPv4 and MPLS over IPv4 tunneling driver
Aug 28 16:53:31 agiraude kernel: [    1.090107] NET: Registered PF_PACKET protocol family
Aug 28 16:53:31 agiraude kernel: [    1.091180] 9pnet: Installing 9P2000 support
Aug 28 16:53:31 agiraude kernel: [    1.091909] Key type dns_resolver registered
Aug 28 16:53:31 agiraude kernel: [    1.096102] IPI shorthand broadcast: enabled
Aug 28 16:53:31 agiraude kernel: [    1.102518] sched_clock: Marking stable (1049021235, 53214260)->(1366952501, -264717006)
Aug 28 16:53:31 agiraude kernel: [    1.103897] snd_hda_intel 0000:00:1b.0: Cannot probe codecs, giving up
Aug 28 16:53:31 agiraude kernel: [    1.107279] registered taskstats version 1
Aug 28 16:53:31 agiraude kernel: [    1.107988] Loading compiled-in X.509 certificates
Aug 28 16:53:31 agiraude kernel: [    1.112057] PM:   Magic number: 3:940:890
Aug 28 16:53:31 agiraude kernel: [    1.112914] i801_smbus 0000:00:1f.3: hash matches
Aug 28 16:53:31 agiraude kernel: [    1.113742] printk: console [netcon0] enabled
Aug 28 16:53:31 agiraude kernel: [    1.114956] netconsole: network logging started
Aug 28 16:53:31 agiraude kernel: [    1.116511] cfg80211: Loading compiled-in X.509 certificates for regulatory database
Aug 28 16:53:31 agiraude kernel: [    1.117538] kworker/u9:2 (85) used greatest stack depth: 14712 bytes left
Aug 28 16:53:31 agiraude kernel: [    1.118460] Loaded X.509 cert 'sforshee: 00b28ddf47aef9cea7'
Aug 28 16:53:31 agiraude kernel: [    1.118865] platform regulatory.0: Direct firmware load for regulatory.db failed with error -2
Aug 28 16:53:31 agiraude kernel: [    1.119754] cfg80211: failed to load regulatory.db
Aug 28 16:53:31 agiraude kernel: [    1.120545] ALSA device list:
Aug 28 16:53:31 agiraude kernel: [    1.121302]   No soundcards found.
Aug 28 16:53:31 agiraude kernel: [    1.276341] usb 1-1: new high-speed USB device number 2 using xhci_hcd
Aug 28 16:53:31 agiraude kernel: [    1.297863] ata2: SATA link down (SStatus 0 SControl 300)
Aug 28 16:53:31 agiraude kernel: [    1.299646] ata1: SATA link up 1.5 Gbps (SStatus 113 SControl 300)
Aug 28 16:53:31 agiraude kernel: [    1.303738] ata1.00: ATAPI: QEMU DVD-ROM, 2.5+, max UDMA/100
Aug 28 16:53:31 agiraude kernel: [    1.304746] ata1.00: applying bridge limits
Aug 28 16:53:31 agiraude kernel: [    1.314909] ata5: SATA link down (SStatus 0 SControl 300)
Aug 28 16:53:31 agiraude kernel: [    1.316081] ata6: SATA link down (SStatus 0 SControl 300)
Aug 28 16:53:31 agiraude kernel: [    1.317237] ata4: SATA link down (SStatus 0 SControl 300)
Aug 28 16:53:31 agiraude kernel: [    1.318589] ata3: SATA link down (SStatus 0 SControl 300)
Aug 28 16:53:31 agiraude kernel: [    1.320355] ata1.00: configured for UDMA/100
Aug 28 16:53:31 agiraude kernel: [    1.322719] scsi 1:0:0:0: CD-ROM            QEMU     QEMU DVD-ROM     2.5+ PQ: 0 ANSI: 5
Aug 28 16:53:31 agiraude kernel: [    1.328420] sr 1:0:0:0: [sr0] scsi3-mmc drive: 4x/4x cd/rw xa/form2 tray
Aug 28 16:53:31 agiraude kernel: [    1.329020] cdrom: Uniform CD-ROM driver Revision: 3.20
Aug 28 16:53:31 agiraude kernel: [    1.336121] sr 1:0:0:0: Attached scsi CD-ROM sr0
Aug 28 16:53:31 agiraude kernel: [    1.336381] sr 1:0:0:0: Attached scsi generic sg0 type 5
Aug 28 16:53:31 agiraude kernel: [    1.408597] usb 1-1: New USB device found, idVendor=0627, idProduct=0001, bcdDevice= 0.00
Aug 28 16:53:31 agiraude kernel: [    1.409143] usb 1-1: New USB device strings: Mfr=1, Product=3, SerialNumber=10
Aug 28 16:53:31 agiraude kernel: [    1.409625] usb 1-1: Product: QEMU USB Tablet
Aug 28 16:53:31 agiraude kernel: [    1.410180] usb 1-1: Manufacturer: QEMU
Aug 28 16:53:31 agiraude kernel: [    1.410842] usb 1-1: SerialNumber: 28754-0000:00:02.1:00.0-1
Aug 28 16:53:31 agiraude kernel: [    1.415675] input: QEMU QEMU USB Tablet as /devices/pci0000:00/0000:00:02.1/0000:02:00.0/usb1/1-1/1-1:1.0/0003:0627:0001.0001/input/input4
Aug 28 16:53:31 agiraude kernel: [    1.418059] hid-generic 0003:0627:0001.0001: input,hidraw0: USB HID v0.01 Mouse [QEMU QEMU USB Tablet] on usb-0000:02:00.0-1/input0
Aug 28 16:53:31 agiraude kernel: [    1.712315] input: ImExPS/2 Generic Explorer Mouse as /devices/platform/i8042/serio1/input/input3
Aug 28 16:53:31 agiraude kernel: [    1.716825] md: Waiting for all devices to be available before autodetect
Aug 28 16:53:31 agiraude kernel: [    1.718115] md: If you don't use raid, use raid=noautodetect
Aug 28 16:53:31 agiraude kernel: [    1.721140] md: Autodetecting RAID arrays.
Aug 28 16:53:31 agiraude kernel: [    1.722523] md: autorun ...
Aug 28 16:53:31 agiraude kernel: [    1.723757] md: ... autorun DONE.
Aug 28 16:53:31 agiraude kernel: [    1.735790] EXT4-fs (vda3): mounted filesystem f9cdd44a-d12b-4869-8d3f-dc2eea1c3cd5 ro with ordered data mode. Quota mode: none.
Aug 28 16:53:31 agiraude kernel: [    1.739081] VFS: Mounted root (ext4 filesystem) readonly on device 253:3.
Aug 28 16:53:31 agiraude kernel: [    1.745746] devtmpfs: mounted
Aug 28 16:53:31 agiraude kernel: [    1.747148] Freeing unused kernel image (initmem) memory: 2608K
Aug 28 16:53:31 agiraude kernel: [    1.749790] Write protecting the kernel read-only data: 26624k
Aug 28 16:53:31 agiraude kernel: [    1.752984] Freeing unused kernel image (rodata/data gap) memory: 1536K
Aug 28 16:53:31 agiraude kernel: [    1.830879] x86/mm: Checked W+X mappings: passed, no W+X pages found.
Aug 28 16:53:31 agiraude kernel: [    1.831556] x86/mm: Checking user space page tables
Aug 28 16:53:31 agiraude kernel: [    1.877930] x86/mm: Checked W+X mappings: passed, no W+X pages found.
Aug 28 16:53:31 agiraude kernel: [    1.879129] Run /sbin/init as init process
Aug 28 16:53:31 agiraude kernel: [    1.879550]   with arguments:
Aug 28 16:53:31 agiraude kernel: [    1.879552]     /sbin/init
Aug 28 16:53:31 agiraude kernel: [    1.879553]   with environment:
Aug 28 16:53:31 agiraude kernel: [    1.879553]     HOME=/
Aug 28 16:53:31 agiraude kernel: [    1.879554]     TERM=linux
Aug 28 16:53:31 agiraude kernel: [    1.879555]     BOOT_IMAGE=/vmlinuz-next-20230828
Aug 28 16:53:31 agiraude kernel: [    1.908295] stty (95) used greatest stack depth: 13480 bytes left
Aug 28 16:53:31 agiraude kernel: [    2.011733] ip (153) used greatest stack depth: 12856 bytes left
Aug 28 16:53:31 agiraude kernel: <30>[    2.053164] udevd[178]: starting version 3.2.11
Aug 28 16:53:31 agiraude kernel: <30>[    2.069997] udevd[179]: starting eudev-3.2.11
Aug 28 16:53:31 agiraude kernel: [    3.008418] Adding 8388604k swap on /dev/vda2.  Priority:1 extents:1 across:8388604k 
Aug 28 16:53:31 agiraude kernel: [    3.039828] EXT4-fs (vda3): re-mounted f9cdd44a-d12b-4869-8d3f-dc2eea1c3cd5 ro. Quota mode: none.
Aug 28 16:53:31 agiraude kernel: [    3.112952] EXT4-fs (vda3): re-mounted f9cdd44a-d12b-4869-8d3f-dc2eea1c3cd5 r/w. Quota mode: none.
Aug 28 16:53:31 agiraude kernel: [    3.140849] EXT4-fs (vda1): mounted filesystem 4f8aa5e6-b1fd-44c9-84fd-a271ac2b4a7e r/w with ordered data mode. Quota mode: none.
